g:\プログラム教材アップデート作業\xr_framev2023_1125_vc2017_freeglutx64\usersguidesample-5\x64\release\mreal_template_x64.pch
g:\プログラム教材アップデート作業\xr_framev2023_1125_vc2017_freeglutx64\usersguidesample-5\x64\release\vc141.pdb
g:\プログラム教材アップデート作業\xr_framev2023_1125_vc2017_freeglutx64\usersguidesample-5\x64\release\stdafx.obj
g:\プログラム教材アップデート作業\xr_framev2023_1125_vc2017_freeglutx64\usersguidesample-5\x64\release\gyro.obj
g:\プログラム教材アップデート作業\xr_framev2023_1125_vc2017_freeglutx64\usersguidesample-5\x64\release\ezutil.obj
g:\プログラム教材アップデート作業\xr_framev2023_1125_vc2017_freeglutx64\usersguidesample-5\x64\release\ezmidi.obj
g:\プログラム教材アップデート作業\xr_framev2023_1125_vc2017_freeglutx64\usersguidesample-5\x64\release\image.obj
g:\プログラム教材アップデート作業\xr_framev2023_1125_vc2017_freeglutx64\usersguidesample-5\x64\release\ezwebcam.obj
g:\プログラム教材アップデート作業\xr_framev2023_1125_vc2017_freeglutx64\usersguidesample-5\x64\release\ezpng.obj
g:\プログラム教材アップデート作業\xr_framev2023_1125_vc2017_freeglutx64\usersguidesample-5\x64\release\ezjpeg.obj
g:\プログラム教材アップデート作業\xr_framev2023_1125_vc2017_freeglutx64\usersguidesample-5\x64\release\ezfont.obj
g:\プログラム教材アップデート作業\xr_framev2023_1125_vc2017_freeglutx64\usersguidesample-5\x64\release\draw.obj
g:\プログラム教材アップデート作業\xr_framev2023_1125_vc2017_freeglutx64\usersguidesample-5\x64\release\depth.obj
g:\プログラム教材アップデート作業\xr_framev2023_1125_vc2017_freeglutx64\usersguidesample-5\x64\release\com.obj
g:\プログラム教材アップデート作業\xr_framev2023_1125_vc2017_freeglutx64\usersguidesample-5\x64\release\calc.obj
g:\プログラム教材アップデート作業\xr_framev2023_1125_vc2017_freeglutx64\usersguidesample-5\x64\release\threedvector.obj
g:\プログラム教材アップデート作業\xr_framev2023_1125_vc2017_freeglutx64\usersguidesample-5\x64\release\pngimage.obj
g:\プログラム教材アップデート作業\xr_framev2023_1125_vc2017_freeglutx64\usersguidesample-5\x64\release\objloader_seq.obj
g:\プログラム教材アップデート作業\xr_framev2023_1125_vc2017_freeglutx64\usersguidesample-5\x64\release\objloader.obj
g:\プログラム教材アップデート作業\xr_framev2023_1125_vc2017_freeglutx64\usersguidesample-5\x64\release\objdetaildata.obj
g:\プログラム教材アップデート作業\xr_framev2023_1125_vc2017_freeglutx64\usersguidesample-5\x64\release\objdata.obj
g:\プログラム教材アップデート作業\xr_framev2023_1125_vc2017_freeglutx64\usersguidesample-5\x64\release\mtl.obj
g:\プログラム教材アップデート作業\xr_framev2023_1125_vc2017_freeglutx64\usersguidesample-5\x64\release\material.obj
g:\プログラム教材アップデート作業\xr_framev2023_1125_vc2017_freeglutx64\usersguidesample-5\x64\release\tcpfunc.obj
g:\プログラム教材アップデート作業\xr_framev2023_1125_vc2017_freeglutx64\usersguidesample-5\x64\release\sim.obj
g:\プログラム教材アップデート作業\xr_framev2023_1125_vc2017_freeglutx64\usersguidesample-5\x64\release\serialio.obj
g:\プログラム教材アップデート作業\xr_framev2023_1125_vc2017_freeglutx64\usersguidesample-5\x64\release\myshape.obj
g:\プログラム教材アップデート作業\xr_framev2023_1125_vc2017_freeglutx64\usersguidesample-5\x64\release\mymodel.obj
g:\プログラム教材アップデート作業\xr_framev2023_1125_vc2017_freeglutx64\usersguidesample-5\x64\release\light.obj
g:\プログラム教材アップデート作業\xr_framev2023_1125_vc2017_freeglutx64\usersguidesample-5\x64\release\isense.obj
g:\プログラム教材アップデート作業\xr_framev2023_1125_vc2017_freeglutx64\usersguidesample-5\x64\release\glmetaseq.obj
g:\プログラム教材アップデート作業\xr_framev2023_1125_vc2017_freeglutx64\usersguidesample-5\x64\release\mreal_main.obj
g:\プログラム教材アップデート作業\xr_framev2023_1125_vc2017_freeglutx64\usersguidesample-5\x64\release\usersguidesample-5_x64.exe
g:\プログラム教材アップデート作業\xr_framev2023_1125_vc2017_freeglutx64\usersguidesample-5\x64\release\mreal_template_x64.pdb
g:\プログラム教材アップデート作業\xr_framev2023_1125_vc2017_freeglutx64\usersguidesample-5\x64\release\mreal_template_x64.lib
g:\プログラム教材アップデート作業\xr_framev2023_1125_vc2017_freeglutx64\usersguidesample-5\x64\release\mreal_template_x64.exp
g:\プログラム教材アップデート作業\xr_framev2023_1125_vc2017_freeglutx64\usersguidesample-5\x64\release\usersguidesample-5_x64.ipdb
g:\プログラム教材アップデート作業\xr_framev2023_1125_vc2017_freeglutx64\usersguidesample-5\x64\release\usersguidesample-5_x64.iobj
g:\プログラム教材アップデート作業\xr_framev2023_1125_vc2017_freeglutx64\usersguidesample-5\x64\release\mreal_template.tlog\cl.read.1.tlog
g:\プログラム教材アップデート作業\xr_framev2023_1125_vc2017_freeglutx64\usersguidesample-5\x64\release\mreal_template.tlog\cl.write.1.tlog
g:\プログラム教材アップデート作業\xr_framev2023_1125_vc2017_freeglutx64\usersguidesample-5\x64\release\mreal_template.tlog\cl.command.1.tlog
g:\プログラム教材アップデート作業\xr_framev2023_1125_vc2017_freeglutx64\usersguidesample-5\x64\release\mreal_template.tlog\link.read.1.tlog
g:\プログラム教材アップデート作業\xr_framev2023_1125_vc2017_freeglutx64\usersguidesample-5\x64\release\mreal_template.tlog\link.write.1.tlog
g:\プログラム教材アップデート作業\xr_framev2023_1125_vc2017_freeglutx64\usersguidesample-5\x64\release\mreal_template.tlog\link.command.1.tlog
g:\プログラム教材アップデート作業\xr_framev2023_1125_vc2017_freeglutx64\usersguidesample-5\x64\release\mreal_template.tlog\mreal_template.write.1u.tlog
