f:\s1\mr s1対応作業\プログラム教材アップデート作業\★xr_framev2024_1006\★xr_framev2024_1007\mr_project\release\mr_project.pch
f:\s1\mr s1対応作業\プログラム教材アップデート作業\★xr_framev2024_1006\★xr_framev2024_1007\mr_project\release\vc141.pdb
f:\s1\mr s1対応作業\プログラム教材アップデート作業\★xr_framev2024_1006\★xr_framev2024_1007\mr_project\release\stdafx.obj
f:\s1\mr s1対応作業\プログラム教材アップデート作業\★xr_framev2024_1006\★xr_framev2024_1007\mr_project\release\ezpng.obj
f:\s1\mr s1対応作業\プログラム教材アップデート作業\★xr_framev2024_1006\★xr_framev2024_1007\mr_project\release\ezjpeg.obj
f:\s1\mr s1対応作業\プログラム教材アップデート作業\★xr_framev2024_1006\★xr_framev2024_1007\mr_project\release\ezfont.obj
f:\s1\mr s1対応作業\プログラム教材アップデート作業\★xr_framev2024_1006\★xr_framev2024_1007\mr_project\release\draw.obj
f:\s1\mr s1対応作業\プログラム教材アップデート作業\★xr_framev2024_1006\★xr_framev2024_1007\mr_project\release\depth.obj
f:\s1\mr s1対応作業\プログラム教材アップデート作業\★xr_framev2024_1006\★xr_framev2024_1007\mr_project\release\calc.obj
f:\s1\mr s1対応作業\プログラム教材アップデート作業\★xr_framev2024_1006\★xr_framev2024_1007\mr_project\release\vector.obj
f:\s1\mr s1対応作業\プログラム教材アップデート作業\★xr_framev2024_1006\★xr_framev2024_1007\mr_project\release\shapes.obj
f:\s1\mr s1対応作業\プログラム教材アップデート作業\★xr_framev2024_1006\★xr_framev2024_1007\mr_project\release\serialio.obj
f:\s1\mr s1対応作業\プログラム教材アップデート作業\★xr_framev2024_1006\★xr_framev2024_1007\mr_project\release\matrix.obj
f:\s1\mr s1対応作業\プログラム教材アップデート作業\★xr_framev2024_1006\★xr_framev2024_1007\mr_project\release\gyro.obj
f:\s1\mr s1対応作業\プログラム教材アップデート作業\★xr_framev2024_1006\★xr_framev2024_1007\mr_project\release\com.obj
f:\s1\mr s1対応作業\プログラム教材アップデート作業\★xr_framev2024_1006\★xr_framev2024_1007\mr_project\release\threedvector.obj
f:\s1\mr s1対応作業\プログラム教材アップデート作業\★xr_framev2024_1006\★xr_framev2024_1007\mr_project\release\pngimage.obj
f:\s1\mr s1対応作業\プログラム教材アップデート作業\★xr_framev2024_1006\★xr_framev2024_1007\mr_project\release\objloader_seq.obj
f:\s1\mr s1対応作業\プログラム教材アップデート作業\★xr_framev2024_1006\★xr_framev2024_1007\mr_project\release\objloader.obj
f:\s1\mr s1対応作業\プログラム教材アップデート作業\★xr_framev2024_1006\★xr_framev2024_1007\mr_project\release\objdetaildata.obj
f:\s1\mr s1対応作業\プログラム教材アップデート作業\★xr_framev2024_1006\★xr_framev2024_1007\mr_project\release\objdata.obj
f:\s1\mr s1対応作業\プログラム教材アップデート作業\★xr_framev2024_1006\★xr_framev2024_1007\mr_project\release\mtl.obj
f:\s1\mr s1対応作業\プログラム教材アップデート作業\★xr_framev2024_1006\★xr_framev2024_1007\mr_project\release\material.obj
f:\s1\mr s1対応作業\プログラム教材アップデート作業\★xr_framev2024_1006\★xr_framev2024_1007\mr_project\release\tcpfunc.obj
f:\s1\mr s1対応作業\プログラム教材アップデート作業\★xr_framev2024_1006\★xr_framev2024_1007\mr_project\release\sim.obj
f:\s1\mr s1対応作業\プログラム教材アップデート作業\★xr_framev2024_1006\★xr_framev2024_1007\mr_project\release\mymodel.obj
f:\s1\mr s1対応作業\プログラム教材アップデート作業\★xr_framev2024_1006\★xr_framev2024_1007\mr_project\release\myshape.obj
f:\s1\mr s1対応作業\プログラム教材アップデート作業\★xr_framev2024_1006\★xr_framev2024_1007\mr_project\release\light.obj
f:\s1\mr s1対応作業\プログラム教材アップデート作業\★xr_framev2024_1006\★xr_framev2024_1007\mr_project\release\ezutil.obj
f:\s1\mr s1対応作業\プログラム教材アップデート作業\★xr_framev2024_1006\★xr_framev2024_1007\mr_project\release\ezmidi.obj
f:\s1\mr s1対応作業\プログラム教材アップデート作業\★xr_framev2024_1006\★xr_framev2024_1007\mr_project\release\image.obj
f:\s1\mr s1対応作業\プログラム教材アップデート作業\★xr_framev2024_1006\★xr_framev2024_1007\mr_project\release\ezwebcam.obj
f:\s1\mr s1対応作業\プログラム教材アップデート作業\★xr_framev2024_1006\★xr_framev2024_1007\mr_project\release\isense.obj
f:\s1\mr s1対応作業\プログラム教材アップデート作業\★xr_framev2024_1006\★xr_framev2024_1007\mr_project\release\glmetaseq.obj
f:\s1\mr s1対応作業\プログラム教材アップデート作業\★xr_framev2024_1006\★xr_framev2024_1007\mr_project\release\mreal_main.obj
f:\s1\mr s1対応作業\プログラム教材アップデート作業\★xr_framev2024_1006\★xr_framev2024_1007\release\mr_project.exe
f:\s1\mr s1対応作業\プログラム教材アップデート作業\★xr_framev2024_1006\★xr_framev2024_1007\release\mr_project.pdb
f:\s1\mr s1対応作業\プログラム教材アップデート作業\★xr_framev2024_1006\★xr_framev2024_1007\release\mr_project.lib
f:\s1\mr s1対応作業\プログラム教材アップデート作業\★xr_framev2024_1006\★xr_framev2024_1007\release\mr_project.exp
f:\s1\mr s1対応作業\プログラム教材アップデート作業\★xr_framev2024_1006\★xr_framev2024_1007\release\mr_project.ipdb
f:\s1\mr s1対応作業\プログラム教材アップデート作業\★xr_framev2024_1006\★xr_framev2024_1007\release\mr_project.iobj
e:\★xr_framev2025_0725\★xr_framev2025_0913\mr_project\release\calc.obj
e:\★xr_framev2025_0725\★xr_framev2025_0913\mr_project\release\com.obj
e:\★xr_framev2025_0725\★xr_framev2025_0913\mr_project\release\depth.obj
e:\★xr_framev2025_0725\★xr_framev2025_0913\mr_project\release\draw.obj
e:\★xr_framev2025_0725\★xr_framev2025_0913\mr_project\release\ezfont.obj
e:\★xr_framev2025_0725\★xr_framev2025_0913\mr_project\release\ezjpeg.obj
e:\★xr_framev2025_0725\★xr_framev2025_0913\mr_project\release\ezmidi.obj
e:\★xr_framev2025_0725\★xr_framev2025_0913\mr_project\release\ezpng.obj
e:\★xr_framev2025_0725\★xr_framev2025_0913\mr_project\release\ezutil.obj
e:\★xr_framev2025_0725\★xr_framev2025_0913\mr_project\release\ezwebcam.obj
e:\★xr_framev2025_0725\★xr_framev2025_0913\mr_project\release\glmetaseq.obj
e:\★xr_framev2025_0725\★xr_framev2025_0913\mr_project\release\gyro.obj
e:\★xr_framev2025_0725\★xr_framev2025_0913\mr_project\release\image.obj
e:\★xr_framev2025_0725\★xr_framev2025_0913\mr_project\release\isense.obj
e:\★xr_framev2025_0725\★xr_framev2025_0913\mr_project\release\light.obj
e:\★xr_framev2025_0725\★xr_framev2025_0913\mr_project\release\material.obj
e:\★xr_framev2025_0725\★xr_framev2025_0913\mr_project\release\matrix.obj
e:\★xr_framev2025_0725\★xr_framev2025_0913\mr_project\release\mreal_main.obj
e:\★xr_framev2025_0725\★xr_framev2025_0913\mr_project\release\mtl.obj
e:\★xr_framev2025_0725\★xr_framev2025_0913\mr_project\release\mymodel.obj
e:\★xr_framev2025_0725\★xr_framev2025_0913\mr_project\release\myshape.obj
e:\★xr_framev2025_0725\★xr_framev2025_0913\mr_project\release\objdata.obj
e:\★xr_framev2025_0725\★xr_framev2025_0913\mr_project\release\objdetaildata.obj
e:\★xr_framev2025_0725\★xr_framev2025_0913\mr_project\release\objloader.obj
e:\★xr_framev2025_0725\★xr_framev2025_0913\mr_project\release\objloader_seq.obj
e:\★xr_framev2025_0725\★xr_framev2025_0913\mr_project\release\pngimage.obj
e:\★xr_framev2025_0725\★xr_framev2025_0913\mr_project\release\serialio.obj
e:\★xr_framev2025_0725\★xr_framev2025_0913\mr_project\release\shapes.obj
e:\★xr_framev2025_0725\★xr_framev2025_0913\mr_project\release\sim.obj
e:\★xr_framev2025_0725\★xr_framev2025_0913\mr_project\release\stdafx.obj
e:\★xr_framev2025_0725\★xr_framev2025_0913\mr_project\release\tcpfunc.obj
e:\★xr_framev2025_0725\★xr_framev2025_0913\mr_project\release\threedvector.obj
e:\★xr_framev2025_0725\★xr_framev2025_0913\mr_project\release\vector.obj
e:\★xr_framev2025_0725\★xr_framev2025_0913\mr_project\release\mr_project.pch
e:\★xr_framev2025_0725\★xr_framev2025_0913\mr_project\release\vc141.pdb
e:\★xr_framev2025_0725\★xr_framev2025_0913\release\mr_project.pdb
e:\★xr_framev2025_0725\★xr_framev2025_0913\release\mr_project.exe
e:\★xr_framev2025_0725\★xr_framev2025_0913\mr_project\release\mr_project.tlog\cl.command.1.tlog
e:\★xr_framev2025_0725\★xr_framev2025_0913\mr_project\release\mr_project.tlog\cl.read.1.tlog
e:\★xr_framev2025_0725\★xr_framev2025_0913\mr_project\release\mr_project.tlog\cl.write.1.tlog
e:\★xr_framev2025_0725\★xr_framev2025_0913\mr_project\release\mr_project.tlog\link.command.1.tlog
e:\★xr_framev2025_0725\★xr_framev2025_0913\mr_project\release\mr_project.tlog\link.delete.1.tlog
e:\★xr_framev2025_0725\★xr_framev2025_0913\mr_project\release\mr_project.tlog\link.read.1.tlog
e:\★xr_framev2025_0725\★xr_framev2025_0913\mr_project\release\mr_project.tlog\link.write.1.tlog
e:\★xr_framev2025_0725\★xr_framev2025_0913\mr_project\release\mr_project.tlog\mr_project.write.1u.tlog
