  jaricom.c
  jcapimin.c
  jcapistd.c
  jcarith.c
  jccoefct.c
  jccolor.c
  jcdctmgr.c
  jchuff.c
  jcinit.c
  jcmainct.c
  jcmarker.c
  jcmaster.c
  jcomapi.c
  jcparam.c
  jcprepct.c
  jcsample.c
  jctrans.c
  jdapimin.c
  jdapistd.c
  jdarith.c
  コンパイル中...
  jdatadst.c
  jdatasrc.c
  jdcoefct.c
  jdcolor.c
  jddctmgr.c
  jdhuff.c
  jdinput.c
  jdmainct.c
  jdmarker.c
D:\SSD_DATA\★XR_FrameV2025_0725\★XR_FrameV2025_1113\jpeg-9b\jdmarker.c(331,5): warning C4996: 'strncpy': This function or variable may be unsafe. Consider using strncpy_s instead. To disable deprecation, use _CRT_SECURE_NO_WARNINGS. See online help for details.
D:\SSD_DATA\★XR_FrameV2025_0725\★XR_FrameV2025_1113\jpeg-9b\jdmarker.c(655,5): warning C4996: 'strncpy': This function or variable may be unsafe. Consider using strncpy_s instead. To disable deprecation, use _CRT_SECURE_NO_WARNINGS. See online help for details.
  jdmaster.c
  jdmerge.c
  jdpostct.c
  jdsample.c
  jdtrans.c
  jerror.c
D:\SSD_DATA\★XR_FrameV2025_0725\★XR_FrameV2025_1113\jpeg-9b\jerror.c(194,5): warning C4996: 'sprintf': This function or variable may be unsafe. Consider using sprintf_s instead. To disable deprecation, use _CRT_SECURE_NO_WARNINGS. See online help for details.
D:\SSD_DATA\★XR_FrameV2025_0725\★XR_FrameV2025_1113\jpeg-9b\jerror.c(196,5): warning C4996: 'sprintf': This function or variable may be unsafe. Consider using sprintf_s instead. To disable deprecation, use _CRT_SECURE_NO_WARNINGS. See online help for details.
  jfdctflt.c
  jfdctfst.c
  jfdctint.c
  jidctflt.c
  jidctfst.c
  コンパイル中...
  jidctint.c
  jmemmgr.c
D:\SSD_DATA\★XR_FrameV2025_0725\★XR_FrameV2025_1113\jpeg-9b\jmemmgr.c(1107,19): warning C4996: 'getenv': This function or variable may be unsafe. Consider using _dupenv_s instead. To disable deprecation, use _CRT_SECURE_NO_WARNINGS. See online help for details.
D:\SSD_DATA\★XR_FrameV2025_0725\★XR_FrameV2025_1113\jpeg-9b\jmemmgr.c(1110,11): warning C4996: 'sscanf': This function or variable may be unsafe. Consider using sscanf_s instead. To disable deprecation, use _CRT_SECURE_NO_WARNINGS. See online help for details.
  jmemnobs.c
  jquant1.c
  jquant2.c
  jutils.c
  libjpeg.vcxproj -> D:\SSD_DATA\★XR_FrameV2025_0725\★XR_FrameV2025_1113\lib\libjpeg.lib
