g:\ssd_data\★xr_framev2025_0725\★xr_framev2025_1113\lib\libjpeg.pdb
g:\ssd_data\★xr_framev2025_0725\★xr_framev2025_1113\libjpeg\release\jdarith.obj
g:\ssd_data\★xr_framev2025_0725\★xr_framev2025_1113\libjpeg\release\jdapistd.obj
g:\ssd_data\★xr_framev2025_0725\★xr_framev2025_1113\libjpeg\release\jdapimin.obj
g:\ssd_data\★xr_framev2025_0725\★xr_framev2025_1113\libjpeg\release\jctrans.obj
g:\ssd_data\★xr_framev2025_0725\★xr_framev2025_1113\libjpeg\release\jcsample.obj
g:\ssd_data\★xr_framev2025_0725\★xr_framev2025_1113\libjpeg\release\jcprepct.obj
g:\ssd_data\★xr_framev2025_0725\★xr_framev2025_1113\libjpeg\release\jcparam.obj
g:\ssd_data\★xr_framev2025_0725\★xr_framev2025_1113\libjpeg\release\jcomapi.obj
g:\ssd_data\★xr_framev2025_0725\★xr_framev2025_1113\libjpeg\release\jcmaster.obj
g:\ssd_data\★xr_framev2025_0725\★xr_framev2025_1113\libjpeg\release\jcmarker.obj
g:\ssd_data\★xr_framev2025_0725\★xr_framev2025_1113\libjpeg\release\jcmainct.obj
g:\ssd_data\★xr_framev2025_0725\★xr_framev2025_1113\libjpeg\release\jcinit.obj
g:\ssd_data\★xr_framev2025_0725\★xr_framev2025_1113\libjpeg\release\jchuff.obj
g:\ssd_data\★xr_framev2025_0725\★xr_framev2025_1113\libjpeg\release\jcdctmgr.obj
g:\ssd_data\★xr_framev2025_0725\★xr_framev2025_1113\libjpeg\release\jccolor.obj
g:\ssd_data\★xr_framev2025_0725\★xr_framev2025_1113\libjpeg\release\jccoefct.obj
g:\ssd_data\★xr_framev2025_0725\★xr_framev2025_1113\libjpeg\release\jcarith.obj
g:\ssd_data\★xr_framev2025_0725\★xr_framev2025_1113\libjpeg\release\jcapistd.obj
g:\ssd_data\★xr_framev2025_0725\★xr_framev2025_1113\libjpeg\release\jcapimin.obj
g:\ssd_data\★xr_framev2025_0725\★xr_framev2025_1113\libjpeg\release\jaricom.obj
g:\ssd_data\★xr_framev2025_0725\★xr_framev2025_1113\libjpeg\release\jidctfst.obj
g:\ssd_data\★xr_framev2025_0725\★xr_framev2025_1113\libjpeg\release\jidctflt.obj
g:\ssd_data\★xr_framev2025_0725\★xr_framev2025_1113\libjpeg\release\jfdctint.obj
g:\ssd_data\★xr_framev2025_0725\★xr_framev2025_1113\libjpeg\release\jfdctfst.obj
g:\ssd_data\★xr_framev2025_0725\★xr_framev2025_1113\libjpeg\release\jfdctflt.obj
g:\ssd_data\★xr_framev2025_0725\★xr_framev2025_1113\libjpeg\release\jerror.obj
g:\ssd_data\★xr_framev2025_0725\★xr_framev2025_1113\libjpeg\release\jdtrans.obj
g:\ssd_data\★xr_framev2025_0725\★xr_framev2025_1113\libjpeg\release\jdsample.obj
g:\ssd_data\★xr_framev2025_0725\★xr_framev2025_1113\libjpeg\release\jdpostct.obj
g:\ssd_data\★xr_framev2025_0725\★xr_framev2025_1113\libjpeg\release\jdmerge.obj
g:\ssd_data\★xr_framev2025_0725\★xr_framev2025_1113\libjpeg\release\jdmaster.obj
g:\ssd_data\★xr_framev2025_0725\★xr_framev2025_1113\libjpeg\release\jdmarker.obj
g:\ssd_data\★xr_framev2025_0725\★xr_framev2025_1113\libjpeg\release\jdmainct.obj
g:\ssd_data\★xr_framev2025_0725\★xr_framev2025_1113\libjpeg\release\jdinput.obj
g:\ssd_data\★xr_framev2025_0725\★xr_framev2025_1113\libjpeg\release\jdhuff.obj
g:\ssd_data\★xr_framev2025_0725\★xr_framev2025_1113\libjpeg\release\jddctmgr.obj
g:\ssd_data\★xr_framev2025_0725\★xr_framev2025_1113\libjpeg\release\jdcolor.obj
g:\ssd_data\★xr_framev2025_0725\★xr_framev2025_1113\libjpeg\release\jdcoefct.obj
g:\ssd_data\★xr_framev2025_0725\★xr_framev2025_1113\libjpeg\release\jdatasrc.obj
g:\ssd_data\★xr_framev2025_0725\★xr_framev2025_1113\libjpeg\release\jdatadst.obj
g:\ssd_data\★xr_framev2025_0725\★xr_framev2025_1113\libjpeg\release\jutils.obj
g:\ssd_data\★xr_framev2025_0725\★xr_framev2025_1113\libjpeg\release\jquant2.obj
g:\ssd_data\★xr_framev2025_0725\★xr_framev2025_1113\libjpeg\release\jquant1.obj
g:\ssd_data\★xr_framev2025_0725\★xr_framev2025_1113\libjpeg\release\jmemnobs.obj
g:\ssd_data\★xr_framev2025_0725\★xr_framev2025_1113\libjpeg\release\jmemmgr.obj
g:\ssd_data\★xr_framev2025_0725\★xr_framev2025_1113\libjpeg\release\jidctint.obj
g:\ssd_data\★xr_framev2025_0725\★xr_framev2025_1113\lib\libjpeg.lib
d:\ssd_data\★xr_framev2025_0725\★xr_framev2025_1113\libjpeg\release\jaricom.obj
d:\ssd_data\★xr_framev2025_0725\★xr_framev2025_1113\libjpeg\release\jcapimin.obj
d:\ssd_data\★xr_framev2025_0725\★xr_framev2025_1113\libjpeg\release\jcapistd.obj
d:\ssd_data\★xr_framev2025_0725\★xr_framev2025_1113\libjpeg\release\jcarith.obj
d:\ssd_data\★xr_framev2025_0725\★xr_framev2025_1113\libjpeg\release\jccoefct.obj
d:\ssd_data\★xr_framev2025_0725\★xr_framev2025_1113\libjpeg\release\jccolor.obj
d:\ssd_data\★xr_framev2025_0725\★xr_framev2025_1113\libjpeg\release\jcdctmgr.obj
d:\ssd_data\★xr_framev2025_0725\★xr_framev2025_1113\libjpeg\release\jchuff.obj
d:\ssd_data\★xr_framev2025_0725\★xr_framev2025_1113\libjpeg\release\jcinit.obj
d:\ssd_data\★xr_framev2025_0725\★xr_framev2025_1113\libjpeg\release\jcmainct.obj
d:\ssd_data\★xr_framev2025_0725\★xr_framev2025_1113\libjpeg\release\jcmarker.obj
d:\ssd_data\★xr_framev2025_0725\★xr_framev2025_1113\libjpeg\release\jcmaster.obj
d:\ssd_data\★xr_framev2025_0725\★xr_framev2025_1113\libjpeg\release\jcomapi.obj
d:\ssd_data\★xr_framev2025_0725\★xr_framev2025_1113\libjpeg\release\jcparam.obj
d:\ssd_data\★xr_framev2025_0725\★xr_framev2025_1113\libjpeg\release\jcprepct.obj
d:\ssd_data\★xr_framev2025_0725\★xr_framev2025_1113\libjpeg\release\jcsample.obj
d:\ssd_data\★xr_framev2025_0725\★xr_framev2025_1113\libjpeg\release\jctrans.obj
d:\ssd_data\★xr_framev2025_0725\★xr_framev2025_1113\libjpeg\release\jdapimin.obj
d:\ssd_data\★xr_framev2025_0725\★xr_framev2025_1113\libjpeg\release\jdapistd.obj
d:\ssd_data\★xr_framev2025_0725\★xr_framev2025_1113\libjpeg\release\jdarith.obj
d:\ssd_data\★xr_framev2025_0725\★xr_framev2025_1113\libjpeg\release\jdatadst.obj
d:\ssd_data\★xr_framev2025_0725\★xr_framev2025_1113\libjpeg\release\jdatasrc.obj
d:\ssd_data\★xr_framev2025_0725\★xr_framev2025_1113\libjpeg\release\jdcoefct.obj
d:\ssd_data\★xr_framev2025_0725\★xr_framev2025_1113\libjpeg\release\jdcolor.obj
d:\ssd_data\★xr_framev2025_0725\★xr_framev2025_1113\libjpeg\release\jddctmgr.obj
d:\ssd_data\★xr_framev2025_0725\★xr_framev2025_1113\libjpeg\release\jdhuff.obj
d:\ssd_data\★xr_framev2025_0725\★xr_framev2025_1113\libjpeg\release\jdinput.obj
d:\ssd_data\★xr_framev2025_0725\★xr_framev2025_1113\libjpeg\release\jdmainct.obj
d:\ssd_data\★xr_framev2025_0725\★xr_framev2025_1113\libjpeg\release\jdmarker.obj
d:\ssd_data\★xr_framev2025_0725\★xr_framev2025_1113\libjpeg\release\jdmaster.obj
d:\ssd_data\★xr_framev2025_0725\★xr_framev2025_1113\libjpeg\release\jdmerge.obj
d:\ssd_data\★xr_framev2025_0725\★xr_framev2025_1113\libjpeg\release\jdpostct.obj
d:\ssd_data\★xr_framev2025_0725\★xr_framev2025_1113\libjpeg\release\jdsample.obj
d:\ssd_data\★xr_framev2025_0725\★xr_framev2025_1113\libjpeg\release\jdtrans.obj
d:\ssd_data\★xr_framev2025_0725\★xr_framev2025_1113\libjpeg\release\jerror.obj
d:\ssd_data\★xr_framev2025_0725\★xr_framev2025_1113\libjpeg\release\jfdctflt.obj
d:\ssd_data\★xr_framev2025_0725\★xr_framev2025_1113\libjpeg\release\jfdctfst.obj
d:\ssd_data\★xr_framev2025_0725\★xr_framev2025_1113\libjpeg\release\jfdctint.obj
d:\ssd_data\★xr_framev2025_0725\★xr_framev2025_1113\libjpeg\release\jidctflt.obj
d:\ssd_data\★xr_framev2025_0725\★xr_framev2025_1113\libjpeg\release\jidctfst.obj
d:\ssd_data\★xr_framev2025_0725\★xr_framev2025_1113\libjpeg\release\jidctint.obj
d:\ssd_data\★xr_framev2025_0725\★xr_framev2025_1113\libjpeg\release\jmemmgr.obj
d:\ssd_data\★xr_framev2025_0725\★xr_framev2025_1113\libjpeg\release\jmemnobs.obj
d:\ssd_data\★xr_framev2025_0725\★xr_framev2025_1113\libjpeg\release\jquant1.obj
d:\ssd_data\★xr_framev2025_0725\★xr_framev2025_1113\libjpeg\release\jquant2.obj
d:\ssd_data\★xr_framev2025_0725\★xr_framev2025_1113\libjpeg\release\jutils.obj
d:\ssd_data\★xr_framev2025_0725\★xr_framev2025_1113\\lib\libjpeg.pdb
d:\ssd_data\★xr_framev2025_0725\★xr_framev2025_1113\lib\libjpeg.lib
d:\ssd_data\★xr_framev2025_0725\★xr_framev2025_1113\libjpeg\release\libjpeg.tlog\cl.command.1.tlog
d:\ssd_data\★xr_framev2025_0725\★xr_framev2025_1113\libjpeg\release\libjpeg.tlog\cl.items.tlog
d:\ssd_data\★xr_framev2025_0725\★xr_framev2025_1113\libjpeg\release\libjpeg.tlog\cl.read.1.tlog
d:\ssd_data\★xr_framev2025_0725\★xr_framev2025_1113\libjpeg\release\libjpeg.tlog\cl.write.1.tlog
d:\ssd_data\★xr_framev2025_0725\★xr_framev2025_1113\libjpeg\release\libjpeg.tlog\lib-link.read.1.tlog
d:\ssd_data\★xr_framev2025_0725\★xr_framev2025_1113\libjpeg\release\libjpeg.tlog\lib-link.write.1.tlog
d:\ssd_data\★xr_framev2025_0725\★xr_framev2025_1113\libjpeg\release\libjpeg.tlog\lib.command.1.tlog
