f:\s1\mr s1対応作業\プログラム教材アップデート作業\★xr_framev2024_1006\★xr_framev2024_1007\mr_project_x1\x64\debug\mr_project_x1_x64.pch
f:\s1\mr s1対応作業\プログラム教材アップデート作業\★xr_framev2024_1006\★xr_framev2024_1007\mr_project_x1\x64\debug\vc143.pdb
f:\s1\mr s1対応作業\プログラム教材アップデート作業\★xr_framev2024_1006\★xr_framev2024_1007\mr_project_x1\x64\debug\vc143.idb
f:\s1\mr s1対応作業\プログラム教材アップデート作業\★xr_framev2024_1006\★xr_framev2024_1007\mr_project_x1\x64\debug\directinputdevice.obj
f:\s1\mr s1対応作業\プログラム教材アップデート作業\★xr_framev2024_1006\★xr_framev2024_1007\mr_project_x1\x64\debug\stdafx.obj
f:\s1\mr s1対応作業\プログラム教材アップデート作業\★xr_framev2024_1006\★xr_framev2024_1007\mr_project_x1\x64\debug\gyro.obj
f:\s1\mr s1対応作業\プログラム教材アップデート作業\★xr_framev2024_1006\★xr_framev2024_1007\mr_project_x1\x64\debug\ezutil.obj
f:\s1\mr s1対応作業\プログラム教材アップデート作業\★xr_framev2024_1006\★xr_framev2024_1007\mr_project_x1\x64\debug\ezmidi.obj
f:\s1\mr s1対応作業\プログラム教材アップデート作業\★xr_framev2024_1006\★xr_framev2024_1007\mr_project_x1\x64\debug\image.obj
f:\s1\mr s1対応作業\プログラム教材アップデート作業\★xr_framev2024_1006\★xr_framev2024_1007\mr_project_x1\x64\debug\ezwebcam.obj
f:\s1\mr s1対応作業\プログラム教材アップデート作業\★xr_framev2024_1006\★xr_framev2024_1007\mr_project_x1\x64\debug\ezpng.obj
f:\s1\mr s1対応作業\プログラム教材アップデート作業\★xr_framev2024_1006\★xr_framev2024_1007\mr_project_x1\x64\debug\ezjpeg.obj
f:\s1\mr s1対応作業\プログラム教材アップデート作業\★xr_framev2024_1006\★xr_framev2024_1007\mr_project_x1\x64\debug\ezfont.obj
f:\s1\mr s1対応作業\プログラム教材アップデート作業\★xr_framev2024_1006\★xr_framev2024_1007\mr_project_x1\x64\debug\draw.obj
f:\s1\mr s1対応作業\プログラム教材アップデート作業\★xr_framev2024_1006\★xr_framev2024_1007\mr_project_x1\x64\debug\depth.obj
f:\s1\mr s1対応作業\プログラム教材アップデート作業\★xr_framev2024_1006\★xr_framev2024_1007\mr_project_x1\x64\debug\com.obj
f:\s1\mr s1対応作業\プログラム教材アップデート作業\★xr_framev2024_1006\★xr_framev2024_1007\mr_project_x1\x64\debug\calc.obj
f:\s1\mr s1対応作業\プログラム教材アップデート作業\★xr_framev2024_1006\★xr_framev2024_1007\mr_project_x1\x64\debug\threedvector.obj
f:\s1\mr s1対応作業\プログラム教材アップデート作業\★xr_framev2024_1006\★xr_framev2024_1007\mr_project_x1\x64\debug\pngimage.obj
f:\s1\mr s1対応作業\プログラム教材アップデート作業\★xr_framev2024_1006\★xr_framev2024_1007\mr_project_x1\x64\debug\objloader_seq.obj
f:\s1\mr s1対応作業\プログラム教材アップデート作業\★xr_framev2024_1006\★xr_framev2024_1007\mr_project_x1\x64\debug\objloader.obj
f:\s1\mr s1対応作業\プログラム教材アップデート作業\★xr_framev2024_1006\★xr_framev2024_1007\mr_project_x1\x64\debug\objdetaildata.obj
f:\s1\mr s1対応作業\プログラム教材アップデート作業\★xr_framev2024_1006\★xr_framev2024_1007\mr_project_x1\x64\debug\objdata.obj
f:\s1\mr s1対応作業\プログラム教材アップデート作業\★xr_framev2024_1006\★xr_framev2024_1007\mr_project_x1\x64\debug\mtl.obj
f:\s1\mr s1対応作業\プログラム教材アップデート作業\★xr_framev2024_1006\★xr_framev2024_1007\mr_project_x1\x64\debug\material.obj
f:\s1\mr s1対応作業\プログラム教材アップデート作業\★xr_framev2024_1006\★xr_framev2024_1007\mr_project_x1\x64\debug\tcpfunc.obj
f:\s1\mr s1対応作業\プログラム教材アップデート作業\★xr_framev2024_1006\★xr_framev2024_1007\mr_project_x1\x64\debug\sim.obj
f:\s1\mr s1対応作業\プログラム教材アップデート作業\★xr_framev2024_1006\★xr_framev2024_1007\mr_project_x1\x64\debug\serialio.obj
f:\s1\mr s1対応作業\プログラム教材アップデート作業\★xr_framev2024_1006\★xr_framev2024_1007\mr_project_x1\x64\debug\myshape.obj
f:\s1\mr s1対応作業\プログラム教材アップデート作業\★xr_framev2024_1006\★xr_framev2024_1007\mr_project_x1\x64\debug\mymodel.obj
f:\s1\mr s1対応作業\プログラム教材アップデート作業\★xr_framev2024_1006\★xr_framev2024_1007\mr_project_x1\x64\debug\light.obj
f:\s1\mr s1対応作業\プログラム教材アップデート作業\★xr_framev2024_1006\★xr_framev2024_1007\mr_project_x1\x64\debug\isense.obj
f:\s1\mr s1対応作業\プログラム教材アップデート作業\★xr_framev2024_1006\★xr_framev2024_1007\mr_project_x1\x64\debug\glmetaseq.obj
d:\s1\mr s1対応作業\プログラム教材アップデート作業\★xr_framev2024_1006\★xr_framev2025_0725\mr_project_x1\x64\debug\calc.obj
d:\s1\mr s1対応作業\プログラム教材アップデート作業\★xr_framev2024_1006\★xr_framev2025_0725\mr_project_x1\x64\debug\com.obj
d:\s1\mr s1対応作業\プログラム教材アップデート作業\★xr_framev2024_1006\★xr_framev2025_0725\mr_project_x1\x64\debug\depth.obj
d:\s1\mr s1対応作業\プログラム教材アップデート作業\★xr_framev2024_1006\★xr_framev2025_0725\mr_project_x1\x64\debug\directinputdevice.obj
d:\s1\mr s1対応作業\プログラム教材アップデート作業\★xr_framev2024_1006\★xr_framev2025_0725\mr_project_x1\x64\debug\draw.obj
d:\s1\mr s1対応作業\プログラム教材アップデート作業\★xr_framev2024_1006\★xr_framev2025_0725\mr_project_x1\x64\debug\ezfont.obj
d:\s1\mr s1対応作業\プログラム教材アップデート作業\★xr_framev2024_1006\★xr_framev2025_0725\mr_project_x1\x64\debug\ezjpeg.obj
d:\s1\mr s1対応作業\プログラム教材アップデート作業\★xr_framev2024_1006\★xr_framev2025_0725\mr_project_x1\x64\debug\ezmidi.obj
d:\s1\mr s1対応作業\プログラム教材アップデート作業\★xr_framev2024_1006\★xr_framev2025_0725\mr_project_x1\x64\debug\ezpng.obj
d:\s1\mr s1対応作業\プログラム教材アップデート作業\★xr_framev2024_1006\★xr_framev2025_0725\mr_project_x1\x64\debug\ezutil.obj
d:\s1\mr s1対応作業\プログラム教材アップデート作業\★xr_framev2024_1006\★xr_framev2025_0725\mr_project_x1\x64\debug\ezwebcam.obj
d:\s1\mr s1対応作業\プログラム教材アップデート作業\★xr_framev2024_1006\★xr_framev2025_0725\mr_project_x1\x64\debug\glmetaseq.obj
d:\s1\mr s1対応作業\プログラム教材アップデート作業\★xr_framev2024_1006\★xr_framev2025_0725\mr_project_x1\x64\debug\gyro.obj
d:\s1\mr s1対応作業\プログラム教材アップデート作業\★xr_framev2024_1006\★xr_framev2025_0725\mr_project_x1\x64\debug\image.obj
d:\s1\mr s1対応作業\プログラム教材アップデート作業\★xr_framev2024_1006\★xr_framev2025_0725\mr_project_x1\x64\debug\isense.obj
d:\s1\mr s1対応作業\プログラム教材アップデート作業\★xr_framev2024_1006\★xr_framev2025_0725\mr_project_x1\x64\debug\light.obj
d:\s1\mr s1対応作業\プログラム教材アップデート作業\★xr_framev2024_1006\★xr_framev2025_0725\mr_project_x1\x64\debug\material.obj
d:\s1\mr s1対応作業\プログラム教材アップデート作業\★xr_framev2024_1006\★xr_framev2025_0725\mr_project_x1\x64\debug\mtl.obj
d:\s1\mr s1対応作業\プログラム教材アップデート作業\★xr_framev2024_1006\★xr_framev2025_0725\mr_project_x1\x64\debug\mymodel.obj
d:\s1\mr s1対応作業\プログラム教材アップデート作業\★xr_framev2024_1006\★xr_framev2025_0725\mr_project_x1\x64\debug\myshape.obj
d:\s1\mr s1対応作業\プログラム教材アップデート作業\★xr_framev2024_1006\★xr_framev2025_0725\mr_project_x1\x64\debug\objdata.obj
d:\s1\mr s1対応作業\プログラム教材アップデート作業\★xr_framev2024_1006\★xr_framev2025_0725\mr_project_x1\x64\debug\objdetaildata.obj
d:\s1\mr s1対応作業\プログラム教材アップデート作業\★xr_framev2024_1006\★xr_framev2025_0725\mr_project_x1\x64\debug\objloader.obj
d:\s1\mr s1対応作業\プログラム教材アップデート作業\★xr_framev2024_1006\★xr_framev2025_0725\mr_project_x1\x64\debug\objloader_seq.obj
d:\s1\mr s1対応作業\プログラム教材アップデート作業\★xr_framev2024_1006\★xr_framev2025_0725\mr_project_x1\x64\debug\pngimage.obj
d:\s1\mr s1対応作業\プログラム教材アップデート作業\★xr_framev2024_1006\★xr_framev2025_0725\mr_project_x1\x64\debug\serialio.obj
d:\s1\mr s1対応作業\プログラム教材アップデート作業\★xr_framev2024_1006\★xr_framev2025_0725\mr_project_x1\x64\debug\sim.obj
d:\s1\mr s1対応作業\プログラム教材アップデート作業\★xr_framev2024_1006\★xr_framev2025_0725\mr_project_x1\x64\debug\stdafx.obj
d:\s1\mr s1対応作業\プログラム教材アップデート作業\★xr_framev2024_1006\★xr_framev2025_0725\mr_project_x1\x64\debug\tcpfunc.obj
d:\s1\mr s1対応作業\プログラム教材アップデート作業\★xr_framev2024_1006\★xr_framev2025_0725\mr_project_x1\x64\debug\threedvector.obj
d:\s1\mr s1対応作業\プログラム教材アップデート作業\★xr_framev2024_1006\★xr_framev2025_0725\mr_project_x1\x64\debug\mr_project_x1_x64.pch
d:\s1\mr s1対応作業\プログラム教材アップデート作業\★xr_framev2024_1006\★xr_framev2025_0725\mr_project_x1\x64\debug\vc143.idb
d:\s1\mr s1対応作業\プログラム教材アップデート作業\★xr_framev2024_1006\★xr_framev2025_0725\mr_project_x1\x64\debug\vc143.pdb
d:\s1\mr s1対応作業\プログラム教材アップデート作業\★xr_framev2024_1006\★xr_framev2025_0725\mr_project_x1\x64\debug\mr_project_x1.tlog\cl.command.1.tlog
d:\s1\mr s1対応作業\プログラム教材アップデート作業\★xr_framev2024_1006\★xr_framev2025_0725\mr_project_x1\x64\debug\mr_project_x1.tlog\cl.read.1.tlog
d:\s1\mr s1対応作業\プログラム教材アップデート作業\★xr_framev2024_1006\★xr_framev2025_0725\mr_project_x1\x64\debug\mr_project_x1.tlog\cl.write.1.tlog
