g:\プログラム教材アップデート作業\xr_framev2023_1125_vc2017_freeglutx64\usersguidesample-5\debug\mreal_template.pch
g:\プログラム教材アップデート作業\xr_framev2023_1125_vc2017_freeglutx64\usersguidesample-5\debug\vc141.pdb
g:\プログラム教材アップデート作業\xr_framev2023_1125_vc2017_freeglutx64\usersguidesample-5\debug\vc141.idb
g:\プログラム教材アップデート作業\xr_framev2023_1125_vc2017_freeglutx64\usersguidesample-5\debug\stdafx.obj
g:\プログラム教材アップデート作業\xr_framev2023_1125_vc2017_freeglutx64\usersguidesample-5\debug\gyro.obj
g:\プログラム教材アップデート作業\xr_framev2023_1125_vc2017_freeglutx64\usersguidesample-5\debug\ezutil.obj
g:\プログラム教材アップデート作業\xr_framev2023_1125_vc2017_freeglutx64\usersguidesample-5\debug\ezmidi.obj
g:\プログラム教材アップデート作業\xr_framev2023_1125_vc2017_freeglutx64\usersguidesample-5\debug\image.obj
g:\プログラム教材アップデート作業\xr_framev2023_1125_vc2017_freeglutx64\usersguidesample-5\debug\ezwebcam.obj
g:\プログラム教材アップデート作業\xr_framev2023_1125_vc2017_freeglutx64\usersguidesample-5\debug\ezpng.obj
g:\プログラム教材アップデート作業\xr_framev2023_1125_vc2017_freeglutx64\usersguidesample-5\debug\ezjpeg.obj
g:\プログラム教材アップデート作業\xr_framev2023_1125_vc2017_freeglutx64\usersguidesample-5\debug\ezfont.obj
g:\プログラム教材アップデート作業\xr_framev2023_1125_vc2017_freeglutx64\usersguidesample-5\debug\draw.obj
g:\プログラム教材アップデート作業\xr_framev2023_1125_vc2017_freeglutx64\usersguidesample-5\debug\depth.obj
g:\プログラム教材アップデート作業\xr_framev2023_1125_vc2017_freeglutx64\usersguidesample-5\debug\com.obj
g:\プログラム教材アップデート作業\xr_framev2023_1125_vc2017_freeglutx64\usersguidesample-5\debug\calc.obj
g:\プログラム教材アップデート作業\xr_framev2023_1125_vc2017_freeglutx64\usersguidesample-5\debug\threedvector.obj
g:\プログラム教材アップデート作業\xr_framev2023_1125_vc2017_freeglutx64\usersguidesample-5\debug\pngimage.obj
g:\プログラム教材アップデート作業\xr_framev2023_1125_vc2017_freeglutx64\usersguidesample-5\debug\objloader_seq.obj
g:\プログラム教材アップデート作業\xr_framev2023_1125_vc2017_freeglutx64\usersguidesample-5\debug\objloader.obj
g:\プログラム教材アップデート作業\xr_framev2023_1125_vc2017_freeglutx64\usersguidesample-5\debug\objdetaildata.obj
g:\プログラム教材アップデート作業\xr_framev2023_1125_vc2017_freeglutx64\usersguidesample-5\debug\objdata.obj
g:\プログラム教材アップデート作業\xr_framev2023_1125_vc2017_freeglutx64\usersguidesample-5\debug\mtl.obj
g:\プログラム教材アップデート作業\xr_framev2023_1125_vc2017_freeglutx64\usersguidesample-5\debug\material.obj
g:\プログラム教材アップデート作業\xr_framev2023_1125_vc2017_freeglutx64\usersguidesample-5\debug\tcpfunc.obj
g:\プログラム教材アップデート作業\xr_framev2023_1125_vc2017_freeglutx64\usersguidesample-5\debug\sim.obj
g:\プログラム教材アップデート作業\xr_framev2023_1125_vc2017_freeglutx64\usersguidesample-5\debug\serialio.obj
g:\プログラム教材アップデート作業\xr_framev2023_1125_vc2017_freeglutx64\usersguidesample-5\debug\myshape.obj
g:\プログラム教材アップデート作業\xr_framev2023_1125_vc2017_freeglutx64\usersguidesample-5\debug\mymodel.obj
g:\プログラム教材アップデート作業\xr_framev2023_1125_vc2017_freeglutx64\usersguidesample-5\debug\light.obj
g:\プログラム教材アップデート作業\xr_framev2023_1125_vc2017_freeglutx64\usersguidesample-5\debug\isense.obj
g:\プログラム教材アップデート作業\xr_framev2023_1125_vc2017_freeglutx64\usersguidesample-5\debug\glmetaseq.obj
g:\プログラム教材アップデート作業\xr_framev2023_1125_vc2017_freeglutx64\usersguidesample-5\debug\mreal_main.obj
g:\プログラム教材アップデート作業\xr_framev2023_1125_vc2017_freeglutx64\usersguidesample-5\debug\mreal_template.exe
g:\プログラム教材アップデート作業\xr_framev2023_1125_vc2017_freeglutx64\usersguidesample-5\debug\mreal_template.pdb
g:\プログラム教材アップデート作業\xr_framev2023_1125_vc2017_freeglutx64\usersguidesample-5\debug\mreal_template.lib
g:\プログラム教材アップデート作業\xr_framev2023_1125_vc2017_freeglutx64\usersguidesample-5\debug\mreal_template.exp
g:\プログラム教材アップデート作業\xr_framev2023_1125_vc2017_freeglutx64\usersguidesample-5\debug\mreal_template.tlog\cl.read.1.tlog
g:\プログラム教材アップデート作業\xr_framev2023_1125_vc2017_freeglutx64\usersguidesample-5\debug\mreal_template.tlog\cl.write.1.tlog
g:\プログラム教材アップデート作業\xr_framev2023_1125_vc2017_freeglutx64\usersguidesample-5\debug\mreal_template.tlog\cl.command.1.tlog
g:\プログラム教材アップデート作業\xr_framev2023_1125_vc2017_freeglutx64\usersguidesample-5\debug\mreal_template.tlog\link.read.1.tlog
g:\プログラム教材アップデート作業\xr_framev2023_1125_vc2017_freeglutx64\usersguidesample-5\debug\mreal_template.tlog\link.write.1.tlog
g:\プログラム教材アップデート作業\xr_framev2023_1125_vc2017_freeglutx64\usersguidesample-5\debug\mreal_template.tlog\link.command.1.tlog
g:\プログラム教材アップデート作業\xr_framev2023_1125_vc2017_freeglutx64\usersguidesample-5\debug\mreal_template.tlog\mreal_template.write.1u.tlog
