g:\プログラム教材アップデート作業\xr_framev2023_1126_vc2017_freeglutx64\vrframe2020_v1\debug\vc141.pdb
g:\プログラム教材アップデート作業\xr_framev2023_1126_vc2017_freeglutx64\vrframe2020_v1\debug\vc141.idb
g:\プログラム教材アップデート作業\xr_framev2023_1126_vc2017_freeglutx64\vrframe2020_v1\debug\gyro.obj
g:\プログラム教材アップデート作業\xr_framev2023_1126_vc2017_freeglutx64\vrframe2020_v1\debug\ezutil.obj
g:\プログラム教材アップデート作業\xr_framev2023_1126_vc2017_freeglutx64\vrframe2020_v1\debug\ezmidi.obj
g:\プログラム教材アップデート作業\xr_framev2023_1126_vc2017_freeglutx64\vrframe2020_v1\debug\image.obj
g:\プログラム教材アップデート作業\xr_framev2023_1126_vc2017_freeglutx64\vrframe2020_v1\debug\ezwebcam.obj
g:\プログラム教材アップデート作業\xr_framev2023_1126_vc2017_freeglutx64\vrframe2020_v1\debug\ezpng.obj
g:\プログラム教材アップデート作業\xr_framev2023_1126_vc2017_freeglutx64\vrframe2020_v1\debug\ezjpeg.obj
g:\プログラム教材アップデート作業\xr_framev2023_1126_vc2017_freeglutx64\vrframe2020_v1\debug\ezfont.obj
g:\プログラム教材アップデート作業\xr_framev2023_1126_vc2017_freeglutx64\vrframe2020_v1\debug\draw.obj
g:\プログラム教材アップデート作業\xr_framev2023_1126_vc2017_freeglutx64\vrframe2020_v1\debug\depth.obj
g:\プログラム教材アップデート作業\xr_framev2023_1126_vc2017_freeglutx64\vrframe2020_v1\debug\com.obj
g:\プログラム教材アップデート作業\xr_framev2023_1126_vc2017_freeglutx64\vrframe2020_v1\debug\calc.obj
g:\プログラム教材アップデート作業\xr_framev2023_1126_vc2017_freeglutx64\vrframe2020_v1\debug\threedvector.obj
g:\プログラム教材アップデート作業\xr_framev2023_1126_vc2017_freeglutx64\vrframe2020_v1\debug\pngimage.obj
g:\プログラム教材アップデート作業\xr_framev2023_1126_vc2017_freeglutx64\vrframe2020_v1\debug\objloader_seq.obj
g:\プログラム教材アップデート作業\xr_framev2023_1126_vc2017_freeglutx64\vrframe2020_v1\debug\objloader.obj
g:\プログラム教材アップデート作業\xr_framev2023_1126_vc2017_freeglutx64\vrframe2020_v1\debug\objdetaildata.obj
g:\プログラム教材アップデート作業\xr_framev2023_1126_vc2017_freeglutx64\vrframe2020_v1\debug\objdata.obj
g:\プログラム教材アップデート作業\xr_framev2023_1126_vc2017_freeglutx64\vrframe2020_v1\debug\mtl.obj
g:\プログラム教材アップデート作業\xr_framev2023_1126_vc2017_freeglutx64\vrframe2020_v1\debug\material.obj
g:\プログラム教材アップデート作業\xr_framev2023_1126_vc2017_freeglutx64\vrframe2020_v1\debug\stereo.obj
g:\プログラム教材アップデート作業\xr_framev2023_1126_vc2017_freeglutx64\vrframe2020_v1\debug\projview.obj
g:\プログラム教材アップデート作業\xr_framev2023_1126_vc2017_freeglutx64\vrframe2020_v1\debug\mouse.obj
g:\プログラム教材アップデート作業\xr_framev2023_1126_vc2017_freeglutx64\vrframe2020_v1\debug\main.obj
g:\プログラム教材アップデート作業\xr_framev2023_1126_vc2017_freeglutx64\vrframe2020_v1\debug\keyboard.obj
g:\プログラム教材アップデート作業\xr_framev2023_1126_vc2017_freeglutx64\vrframe2020_v1\debug\hmd.obj
g:\プログラム教材アップデート作業\xr_framev2023_1126_vc2017_freeglutx64\vrframe2020_v1\debug\eztrack.obj
g:\プログラム教材アップデート作業\xr_framev2023_1126_vc2017_freeglutx64\vrframe2020_v1\debug\warptex.obj
g:\プログラム教材アップデート作業\xr_framev2023_1126_vc2017_freeglutx64\vrframe2020_v1\debug\cylindrical.obj
g:\プログラム教材アップデート作業\xr_framev2023_1126_vc2017_freeglutx64\vrframe2020_v1\debug\tcpfunc.obj
g:\プログラム教材アップデート作業\xr_framev2023_1126_vc2017_freeglutx64\vrframe2020_v1\debug\sim.obj
g:\プログラム教材アップデート作業\xr_framev2023_1126_vc2017_freeglutx64\vrframe2020_v1\debug\serialio.obj
g:\プログラム教材アップデート作業\xr_framev2023_1126_vc2017_freeglutx64\vrframe2020_v1\debug\myshape.obj
g:\プログラム教材アップデート作業\xr_framev2023_1126_vc2017_freeglutx64\vrframe2020_v1\debug\mymodel.obj
g:\プログラム教材アップデート作業\xr_framev2023_1126_vc2017_freeglutx64\vrframe2020_v1\debug\light.obj
g:\プログラム教材アップデート作業\xr_framev2023_1126_vc2017_freeglutx64\vrframe2020_v1\debug\isense.obj
g:\プログラム教材アップデート作業\xr_framev2023_1126_vc2017_freeglutx64\vrframe2020_v1\debug\glmetaseq.obj
g:\プログラム教材アップデート作業\xr_framev2023_1126_vc2017_freeglutx64\debug\vrframe2020_v1.exe
g:\プログラム教材アップデート作業\xr_framev2023_1126_vc2017_freeglutx64\debug\vrframe2020_v1.pdb
g:\プログラム教材アップデート作業\xr_framev2023_1126_vc2017_freeglutx64\debug\vrframe2020_v1.lib
g:\プログラム教材アップデート作業\xr_framev2023_1126_vc2017_freeglutx64\debug\vrframe2020_v1.exp
g:\プログラム教材アップデート作業\xr_framev2023_1126_vc2017_freeglutx64\vrframe2020_v1\debug\vrframe2020_v1.tlog\cl.read.1.tlog
g:\プログラム教材アップデート作業\xr_framev2023_1126_vc2017_freeglutx64\vrframe2020_v1\debug\vrframe2020_v1.tlog\cl.write.1.tlog
g:\プログラム教材アップデート作業\xr_framev2023_1126_vc2017_freeglutx64\vrframe2020_v1\debug\vrframe2020_v1.tlog\cl.command.1.tlog
g:\プログラム教材アップデート作業\xr_framev2023_1126_vc2017_freeglutx64\vrframe2020_v1\debug\vrframe2020_v1.tlog\link.read.1.tlog
g:\プログラム教材アップデート作業\xr_framev2023_1126_vc2017_freeglutx64\vrframe2020_v1\debug\vrframe2020_v1.tlog\link.write.1.tlog
g:\プログラム教材アップデート作業\xr_framev2023_1126_vc2017_freeglutx64\vrframe2020_v1\debug\vrframe2020_v1.tlog\link.command.1.tlog
g:\プログラム教材アップデート作業\xr_framev2023_1126_vc2017_freeglutx64\vrframe2020_v1\debug\vrframe2020_v1.tlog\vrframe2020_v1.write.1u.tlog
