d:\ssd_data\★xr_framev2025_0725\★xr_framev2025_1113\vr_project\debug\vc143.pdb
d:\ssd_data\★xr_framev2025_0725\★xr_framev2025_1113\vr_project\debug\vc143.idb
d:\ssd_data\★xr_framev2025_0725\★xr_framev2025_1113\vr_project\debug\image.obj
d:\ssd_data\★xr_framev2025_0725\★xr_framev2025_1113\vr_project\debug\ezwebcam.obj
d:\ssd_data\★xr_framev2025_0725\★xr_framev2025_1113\vr_project\debug\ezpng.obj
d:\ssd_data\★xr_framev2025_0725\★xr_framev2025_1113\vr_project\debug\ezjpeg.obj
d:\ssd_data\★xr_framev2025_0725\★xr_framev2025_1113\vr_project\debug\mpu6050.obj
d:\ssd_data\★xr_framev2025_0725\★xr_framev2025_1113\vr_project\debug\jy901.obj
d:\ssd_data\★xr_framev2025_0725\★xr_framev2025_1113\vr_project\debug\ezgyro.obj
d:\ssd_data\★xr_framev2025_0725\★xr_framev2025_1113\vr_project\debug\com.obj
d:\ssd_data\★xr_framev2025_0725\★xr_framev2025_1113\vr_project\debug\ezfont.obj
d:\ssd_data\★xr_framev2025_0725\★xr_framev2025_1113\vr_project\debug\draw.obj
d:\ssd_data\★xr_framev2025_0725\★xr_framev2025_1113\vr_project\debug\depth.obj
d:\ssd_data\★xr_framev2025_0725\★xr_framev2025_1113\vr_project\debug\calc.obj
d:\ssd_data\★xr_framev2025_0725\★xr_framev2025_1113\vr_project\debug\threedvector.obj
d:\ssd_data\★xr_framev2025_0725\★xr_framev2025_1113\vr_project\debug\pngimage.obj
d:\ssd_data\★xr_framev2025_0725\★xr_framev2025_1113\vr_project\debug\objloader_seq.obj
d:\ssd_data\★xr_framev2025_0725\★xr_framev2025_1113\vr_project\debug\objloader.obj
d:\ssd_data\★xr_framev2025_0725\★xr_framev2025_1113\vr_project\debug\objdetaildata.obj
d:\ssd_data\★xr_framev2025_0725\★xr_framev2025_1113\vr_project\debug\objdata.obj
d:\ssd_data\★xr_framev2025_0725\★xr_framev2025_1113\vr_project\debug\mtl.obj
d:\ssd_data\★xr_framev2025_0725\★xr_framev2025_1113\vr_project\debug\material.obj
d:\ssd_data\★xr_framev2025_0725\★xr_framev2025_1113\vr_project\debug\main.obj
d:\ssd_data\★xr_framev2025_0725\★xr_framev2025_1113\vr_project\debug\keyboard.obj
d:\ssd_data\★xr_framev2025_0725\★xr_framev2025_1113\vr_project\debug\hmd.obj
d:\ssd_data\★xr_framev2025_0725\★xr_framev2025_1113\vr_project\debug\eztrack.obj
d:\ssd_data\★xr_framev2025_0725\★xr_framev2025_1113\vr_project\debug\warptex.obj
d:\ssd_data\★xr_framev2025_0725\★xr_framev2025_1113\vr_project\debug\eztrack_vicon.obj
d:\ssd_data\★xr_framev2025_0725\★xr_framev2025_1113\vr_project\debug\cylindrical.obj
d:\ssd_data\★xr_framev2025_0725\★xr_framev2025_1113\vr_project\debug\vector.obj
d:\ssd_data\★xr_framev2025_0725\★xr_framev2025_1113\vr_project\debug\tcpfunc.obj
d:\ssd_data\★xr_framev2025_0725\★xr_framev2025_1113\vr_project\debug\sim.obj
d:\ssd_data\★xr_framev2025_0725\★xr_framev2025_1113\vr_project\debug\shapes.obj
d:\ssd_data\★xr_framev2025_0725\★xr_framev2025_1113\vr_project\debug\serialio.obj
d:\ssd_data\★xr_framev2025_0725\★xr_framev2025_1113\vr_project\debug\myshape.obj
d:\ssd_data\★xr_framev2025_0725\★xr_framev2025_1113\vr_project\debug\mymodel.obj
d:\ssd_data\★xr_framev2025_0725\★xr_framev2025_1113\vr_project\debug\matrix.obj
d:\ssd_data\★xr_framev2025_0725\★xr_framev2025_1113\vr_project\debug\light.obj
d:\ssd_data\★xr_framev2025_0725\★xr_framev2025_1113\vr_project\debug\gyro.obj
d:\ssd_data\★xr_framev2025_0725\★xr_framev2025_1113\vr_project\debug\ezzigsim.obj
d:\ssd_data\★xr_framev2025_0725\★xr_framev2025_1113\vr_project\debug\ezutil.obj
d:\ssd_data\★xr_framev2025_0725\★xr_framev2025_1113\vr_project\debug\ezmidi.obj
d:\ssd_data\★xr_framev2025_0725\★xr_framev2025_1113\vr_project\debug\stereo.obj
d:\ssd_data\★xr_framev2025_0725\★xr_framev2025_1113\vr_project\debug\projview.obj
d:\ssd_data\★xr_framev2025_0725\★xr_framev2025_1113\vr_project\debug\mouse.obj
d:\ssd_data\★xr_framev2025_0725\★xr_framev2025_1113\vr_project\debug\isense.obj
d:\ssd_data\★xr_framev2025_0725\★xr_framev2025_1113\vr_project\debug\glmetaseq.obj
d:\ssd_data\★xr_framev2025_0725\★xr_framev2025_1113\debug\vr_project.exe
d:\ssd_data\★xr_framev2025_0725\★xr_framev2025_1113\debug\vr_project.pdb
d:\ssd_data\★xr_framev2025_0725\★xr_framev2025_1113\debug\vr_project.lib
d:\ssd_data\★xr_framev2025_0725\★xr_framev2025_1113\debug\vr_project.exp
d:\ssd_data\★xr_framev2025_0725\★xr_framev2025_1113\vr_project\debug\vr_project.tlog\cl.command.1.tlog
d:\ssd_data\★xr_framev2025_0725\★xr_framev2025_1113\vr_project\debug\vr_project.tlog\cl.items.tlog
d:\ssd_data\★xr_framev2025_0725\★xr_framev2025_1113\vr_project\debug\vr_project.tlog\cl.read.1.tlog
d:\ssd_data\★xr_framev2025_0725\★xr_framev2025_1113\vr_project\debug\vr_project.tlog\cl.write.1.tlog
d:\ssd_data\★xr_framev2025_0725\★xr_framev2025_1113\vr_project\debug\vr_project.tlog\link.command.1.tlog
d:\ssd_data\★xr_framev2025_0725\★xr_framev2025_1113\vr_project\debug\vr_project.tlog\link.read.1.tlog
d:\ssd_data\★xr_framev2025_0725\★xr_framev2025_1113\vr_project\debug\vr_project.tlog\link.secondary.1.tlog
d:\ssd_data\★xr_framev2025_0725\★xr_framev2025_1113\vr_project\debug\vr_project.tlog\link.write.1.tlog
