c:\users\vruser\desktop\★xr_framev2024_0927_vc2017_s1+x1+md20+libjpg\★xr_framev2024_0928_vc2017_s1+x1+md20+libjpg\mr_project_s1\x64\release\mr_project_s1_x64.pch
c:\users\vruser\desktop\★xr_framev2024_0927_vc2017_s1+x1+md20+libjpg\★xr_framev2024_0928_vc2017_s1+x1+md20+libjpg\mr_project_s1\x64\release\vc143.pdb
c:\users\vruser\desktop\★xr_framev2024_0927_vc2017_s1+x1+md20+libjpg\★xr_framev2024_0928_vc2017_s1+x1+md20+libjpg\mr_project_s1\x64\release\stdafx.obj
c:\users\vruser\desktop\★xr_framev2024_0927_vc2017_s1+x1+md20+libjpg\★xr_framev2024_0928_vc2017_s1+x1+md20+libjpg\mr_project_s1\x64\release\gyro.obj
c:\users\vruser\desktop\★xr_framev2024_0927_vc2017_s1+x1+md20+libjpg\★xr_framev2024_0928_vc2017_s1+x1+md20+libjpg\mr_project_s1\x64\release\ezutil.obj
c:\users\vruser\desktop\★xr_framev2024_0927_vc2017_s1+x1+md20+libjpg\★xr_framev2024_0928_vc2017_s1+x1+md20+libjpg\mr_project_s1\x64\release\ezmidi.obj
c:\users\vruser\desktop\★xr_framev2024_0927_vc2017_s1+x1+md20+libjpg\★xr_framev2024_0928_vc2017_s1+x1+md20+libjpg\mr_project_s1\x64\release\image.obj
c:\users\vruser\desktop\★xr_framev2024_0927_vc2017_s1+x1+md20+libjpg\★xr_framev2024_0928_vc2017_s1+x1+md20+libjpg\mr_project_s1\x64\release\ezwebcam.obj
c:\users\vruser\desktop\★xr_framev2024_0927_vc2017_s1+x1+md20+libjpg\★xr_framev2024_0928_vc2017_s1+x1+md20+libjpg\mr_project_s1\x64\release\ezpng.obj
c:\users\vruser\desktop\★xr_framev2024_0927_vc2017_s1+x1+md20+libjpg\★xr_framev2024_0928_vc2017_s1+x1+md20+libjpg\mr_project_s1\x64\release\ezjpeg.obj
c:\users\vruser\desktop\★xr_framev2024_0927_vc2017_s1+x1+md20+libjpg\★xr_framev2024_0928_vc2017_s1+x1+md20+libjpg\mr_project_s1\x64\release\ezfont.obj
c:\users\vruser\desktop\★xr_framev2024_0927_vc2017_s1+x1+md20+libjpg\★xr_framev2024_0928_vc2017_s1+x1+md20+libjpg\mr_project_s1\x64\release\draw.obj
c:\users\vruser\desktop\★xr_framev2024_0927_vc2017_s1+x1+md20+libjpg\★xr_framev2024_0928_vc2017_s1+x1+md20+libjpg\mr_project_s1\x64\release\depth.obj
c:\users\vruser\desktop\★xr_framev2024_0927_vc2017_s1+x1+md20+libjpg\★xr_framev2024_0928_vc2017_s1+x1+md20+libjpg\mr_project_s1\x64\release\com.obj
c:\users\vruser\desktop\★xr_framev2024_0927_vc2017_s1+x1+md20+libjpg\★xr_framev2024_0928_vc2017_s1+x1+md20+libjpg\mr_project_s1\x64\release\calc.obj
c:\users\vruser\desktop\★xr_framev2024_0927_vc2017_s1+x1+md20+libjpg\★xr_framev2024_0928_vc2017_s1+x1+md20+libjpg\mr_project_s1\x64\release\threedvector.obj
c:\users\vruser\desktop\★xr_framev2024_0927_vc2017_s1+x1+md20+libjpg\★xr_framev2024_0928_vc2017_s1+x1+md20+libjpg\mr_project_s1\x64\release\pngimage.obj
c:\users\vruser\desktop\★xr_framev2024_0927_vc2017_s1+x1+md20+libjpg\★xr_framev2024_0928_vc2017_s1+x1+md20+libjpg\mr_project_s1\x64\release\objloader_seq.obj
c:\users\vruser\desktop\★xr_framev2024_0927_vc2017_s1+x1+md20+libjpg\★xr_framev2024_0928_vc2017_s1+x1+md20+libjpg\mr_project_s1\x64\release\objloader.obj
c:\users\vruser\desktop\★xr_framev2024_0927_vc2017_s1+x1+md20+libjpg\★xr_framev2024_0928_vc2017_s1+x1+md20+libjpg\mr_project_s1\x64\release\objdetaildata.obj
c:\users\vruser\desktop\★xr_framev2024_0927_vc2017_s1+x1+md20+libjpg\★xr_framev2024_0928_vc2017_s1+x1+md20+libjpg\mr_project_s1\x64\release\objdata.obj
c:\users\vruser\desktop\★xr_framev2024_0927_vc2017_s1+x1+md20+libjpg\★xr_framev2024_0928_vc2017_s1+x1+md20+libjpg\mr_project_s1\x64\release\mtl.obj
c:\users\vruser\desktop\★xr_framev2024_0927_vc2017_s1+x1+md20+libjpg\★xr_framev2024_0928_vc2017_s1+x1+md20+libjpg\mr_project_s1\x64\release\material.obj
c:\users\vruser\desktop\★xr_framev2024_0927_vc2017_s1+x1+md20+libjpg\★xr_framev2024_0928_vc2017_s1+x1+md20+libjpg\mr_project_s1\x64\release\openglsample.obj
c:\users\vruser\desktop\★xr_framev2024_0927_vc2017_s1+x1+md20+libjpg\★xr_framev2024_0928_vc2017_s1+x1+md20+libjpg\mr_project_s1\x64\release\directinputdevice.obj
c:\users\vruser\desktop\★xr_framev2024_0927_vc2017_s1+x1+md20+libjpg\★xr_framev2024_0928_vc2017_s1+x1+md20+libjpg\mr_project_s1\x64\release\tcpfunc.obj
c:\users\vruser\desktop\★xr_framev2024_0927_vc2017_s1+x1+md20+libjpg\★xr_framev2024_0928_vc2017_s1+x1+md20+libjpg\mr_project_s1\x64\release\sim.obj
c:\users\vruser\desktop\★xr_framev2024_0927_vc2017_s1+x1+md20+libjpg\★xr_framev2024_0928_vc2017_s1+x1+md20+libjpg\mr_project_s1\x64\release\shapes.obj
c:\users\vruser\desktop\★xr_framev2024_0927_vc2017_s1+x1+md20+libjpg\★xr_framev2024_0928_vc2017_s1+x1+md20+libjpg\mr_project_s1\x64\release\serialio.obj
c:\users\vruser\desktop\★xr_framev2024_0927_vc2017_s1+x1+md20+libjpg\★xr_framev2024_0928_vc2017_s1+x1+md20+libjpg\mr_project_s1\x64\release\myshape.obj
c:\users\vruser\desktop\★xr_framev2024_0927_vc2017_s1+x1+md20+libjpg\★xr_framev2024_0928_vc2017_s1+x1+md20+libjpg\mr_project_s1\x64\release\mymodel.obj
c:\users\vruser\desktop\★xr_framev2024_0927_vc2017_s1+x1+md20+libjpg\★xr_framev2024_0928_vc2017_s1+x1+md20+libjpg\mr_project_s1\x64\release\light.obj
c:\users\vruser\desktop\★xr_framev2024_0927_vc2017_s1+x1+md20+libjpg\★xr_framev2024_0928_vc2017_s1+x1+md20+libjpg\mr_project_s1\x64\release\isense.obj
c:\users\vruser\desktop\★xr_framev2024_0927_vc2017_s1+x1+md20+libjpg\★xr_framev2024_0928_vc2017_s1+x1+md20+libjpg\mr_project_s1\x64\release\glmetaseq.obj
c:\users\vruser\desktop\★xr_framev2024_0927_vc2017_s1+x1+md20+libjpg\★xr_framev2024_0928_vc2017_s1+x1+md20+libjpg\x64\release\mr_project_s1_x64.exe
c:\users\vruser\desktop\★xr_framev2024_0927_vc2017_s1+x1+md20+libjpg\★xr_framev2024_0928_vc2017_s1+x1+md20+libjpg\x64\release\mr_project_s1_x64.pdb
c:\users\vruser\desktop\★xr_framev2024_0927_vc2017_s1+x1+md20+libjpg\★xr_framev2024_0928_vc2017_s1+x1+md20+libjpg\x64\release\mr_project_s1_x64.lib
c:\users\vruser\desktop\★xr_framev2024_0927_vc2017_s1+x1+md20+libjpg\★xr_framev2024_0928_vc2017_s1+x1+md20+libjpg\x64\release\mr_project_s1_x64.exp
c:\users\vruser\desktop\★xr_framev2024_0927_vc2017_s1+x1+md20+libjpg\★xr_framev2024_0928_vc2017_s1+x1+md20+libjpg\mr_project_s1\x64\release\mr_project_s1_x64.ipdb
c:\users\vruser\desktop\★xr_framev2024_0927_vc2017_s1+x1+md20+libjpg\★xr_framev2024_0928_vc2017_s1+x1+md20+libjpg\mr_project_s1\x64\release\mr_project_s1_x64.iobj
d:\s1\mr s1対応作業\プログラム教材アップデート作業\★xr_framev2024_1006\★xr_framev2025_0725\mr_project_s1\x64\release\calc.obj
d:\s1\mr s1対応作業\プログラム教材アップデート作業\★xr_framev2024_1006\★xr_framev2025_0725\mr_project_s1\x64\release\com.obj
d:\s1\mr s1対応作業\プログラム教材アップデート作業\★xr_framev2024_1006\★xr_framev2025_0725\mr_project_s1\x64\release\depth.obj
d:\s1\mr s1対応作業\プログラム教材アップデート作業\★xr_framev2024_1006\★xr_framev2025_0725\mr_project_s1\x64\release\directinputdevice.obj
d:\s1\mr s1対応作業\プログラム教材アップデート作業\★xr_framev2024_1006\★xr_framev2025_0725\mr_project_s1\x64\release\draw.obj
d:\s1\mr s1対応作業\プログラム教材アップデート作業\★xr_framev2024_1006\★xr_framev2025_0725\mr_project_s1\x64\release\ezfont.obj
d:\s1\mr s1対応作業\プログラム教材アップデート作業\★xr_framev2024_1006\★xr_framev2025_0725\mr_project_s1\x64\release\ezjpeg.obj
d:\s1\mr s1対応作業\プログラム教材アップデート作業\★xr_framev2024_1006\★xr_framev2025_0725\mr_project_s1\x64\release\ezmidi.obj
d:\s1\mr s1対応作業\プログラム教材アップデート作業\★xr_framev2024_1006\★xr_framev2025_0725\mr_project_s1\x64\release\ezpng.obj
d:\s1\mr s1対応作業\プログラム教材アップデート作業\★xr_framev2024_1006\★xr_framev2025_0725\mr_project_s1\x64\release\ezutil.obj
d:\s1\mr s1対応作業\プログラム教材アップデート作業\★xr_framev2024_1006\★xr_framev2025_0725\mr_project_s1\x64\release\ezwebcam.obj
d:\s1\mr s1対応作業\プログラム教材アップデート作業\★xr_framev2024_1006\★xr_framev2025_0725\mr_project_s1\x64\release\glmetaseq.obj
d:\s1\mr s1対応作業\プログラム教材アップデート作業\★xr_framev2024_1006\★xr_framev2025_0725\mr_project_s1\x64\release\gyro.obj
d:\s1\mr s1対応作業\プログラム教材アップデート作業\★xr_framev2024_1006\★xr_framev2025_0725\mr_project_s1\x64\release\image.obj
d:\s1\mr s1対応作業\プログラム教材アップデート作業\★xr_framev2024_1006\★xr_framev2025_0725\mr_project_s1\x64\release\isense.obj
d:\s1\mr s1対応作業\プログラム教材アップデート作業\★xr_framev2024_1006\★xr_framev2025_0725\mr_project_s1\x64\release\light.obj
d:\s1\mr s1対応作業\プログラム教材アップデート作業\★xr_framev2024_1006\★xr_framev2025_0725\mr_project_s1\x64\release\material.obj
d:\s1\mr s1対応作業\プログラム教材アップデート作業\★xr_framev2024_1006\★xr_framev2025_0725\mr_project_s1\x64\release\mtl.obj
d:\s1\mr s1対応作業\プログラム教材アップデート作業\★xr_framev2024_1006\★xr_framev2025_0725\mr_project_s1\x64\release\mymodel.obj
d:\s1\mr s1対応作業\プログラム教材アップデート作業\★xr_framev2024_1006\★xr_framev2025_0725\mr_project_s1\x64\release\myshape.obj
d:\s1\mr s1対応作業\プログラム教材アップデート作業\★xr_framev2024_1006\★xr_framev2025_0725\mr_project_s1\x64\release\objdata.obj
d:\s1\mr s1対応作業\プログラム教材アップデート作業\★xr_framev2024_1006\★xr_framev2025_0725\mr_project_s1\x64\release\objdetaildata.obj
d:\s1\mr s1対応作業\プログラム教材アップデート作業\★xr_framev2024_1006\★xr_framev2025_0725\mr_project_s1\x64\release\objloader.obj
d:\s1\mr s1対応作業\プログラム教材アップデート作業\★xr_framev2024_1006\★xr_framev2025_0725\mr_project_s1\x64\release\objloader_seq.obj
d:\s1\mr s1対応作業\プログラム教材アップデート作業\★xr_framev2024_1006\★xr_framev2025_0725\mr_project_s1\x64\release\openglsample.obj
d:\s1\mr s1対応作業\プログラム教材アップデート作業\★xr_framev2024_1006\★xr_framev2025_0725\mr_project_s1\x64\release\pngimage.obj
d:\s1\mr s1対応作業\プログラム教材アップデート作業\★xr_framev2024_1006\★xr_framev2025_0725\mr_project_s1\x64\release\serialio.obj
d:\s1\mr s1対応作業\プログラム教材アップデート作業\★xr_framev2024_1006\★xr_framev2025_0725\mr_project_s1\x64\release\shapes.obj
d:\s1\mr s1対応作業\プログラム教材アップデート作業\★xr_framev2024_1006\★xr_framev2025_0725\mr_project_s1\x64\release\sim.obj
d:\s1\mr s1対応作業\プログラム教材アップデート作業\★xr_framev2024_1006\★xr_framev2025_0725\mr_project_s1\x64\release\stdafx.obj
d:\s1\mr s1対応作業\プログラム教材アップデート作業\★xr_framev2024_1006\★xr_framev2025_0725\mr_project_s1\x64\release\tcpfunc.obj
d:\s1\mr s1対応作業\プログラム教材アップデート作業\★xr_framev2024_1006\★xr_framev2025_0725\mr_project_s1\x64\release\threedvector.obj
d:\s1\mr s1対応作業\プログラム教材アップデート作業\★xr_framev2024_1006\★xr_framev2025_0725\mr_project_s1\x64\release\mr_project_s1_x64.ipdb
d:\s1\mr s1対応作業\プログラム教材アップデート作業\★xr_framev2024_1006\★xr_framev2025_0725\mr_project_s1\x64\release\mr_project_s1_x64.iobj
d:\s1\mr s1対応作業\プログラム教材アップデート作業\★xr_framev2024_1006\★xr_framev2025_0725\mr_project_s1\x64\release\mr_project_s1_x64.pch
d:\s1\mr s1対応作業\プログラム教材アップデート作業\★xr_framev2024_1006\★xr_framev2025_0725\mr_project_s1\x64\release\vc143.pdb
d:\s1\mr s1対応作業\プログラム教材アップデート作業\★xr_framev2024_1006\★xr_framev2025_0725\x64\release\mr_project_s1_x64.pdb
d:\s1\mr s1対応作業\プログラム教材アップデート作業\★xr_framev2024_1006\★xr_framev2025_0725\x64\release\mr_project_s1_x64.exe
d:\s1\mr s1対応作業\プログラム教材アップデート作業\★xr_framev2024_1006\★xr_framev2025_0725\mr_project_s1\x64\release\mr_project_s1.tlog\cl.command.1.tlog
d:\s1\mr s1対応作業\プログラム教材アップデート作業\★xr_framev2024_1006\★xr_framev2025_0725\mr_project_s1\x64\release\mr_project_s1.tlog\cl.items.tlog
d:\s1\mr s1対応作業\プログラム教材アップデート作業\★xr_framev2024_1006\★xr_framev2025_0725\mr_project_s1\x64\release\mr_project_s1.tlog\cl.read.1.tlog
d:\s1\mr s1対応作業\プログラム教材アップデート作業\★xr_framev2024_1006\★xr_framev2025_0725\mr_project_s1\x64\release\mr_project_s1.tlog\cl.write.1.tlog
d:\s1\mr s1対応作業\プログラム教材アップデート作業\★xr_framev2024_1006\★xr_framev2025_0725\mr_project_s1\x64\release\mr_project_s1.tlog\link.command.1.tlog
d:\s1\mr s1対応作業\プログラム教材アップデート作業\★xr_framev2024_1006\★xr_framev2025_0725\mr_project_s1\x64\release\mr_project_s1.tlog\link.read.1.tlog
d:\s1\mr s1対応作業\プログラム教材アップデート作業\★xr_framev2024_1006\★xr_framev2025_0725\mr_project_s1\x64\release\mr_project_s1.tlog\link.secondary.1.tlog
d:\s1\mr s1対応作業\プログラム教材アップデート作業\★xr_framev2024_1006\★xr_framev2025_0725\mr_project_s1\x64\release\mr_project_s1.tlog\link.write.1.tlog
