c:\users\vruser\desktop\プログラム教材アップデート作業\xr_framev2023_1126_vc2017_s1\mr_project\x64\release\mr_project_x64.pch
c:\users\vruser\desktop\プログラム教材アップデート作業\xr_framev2023_1126_vc2017_s1\mr_project\x64\release\vc141.pdb
c:\users\vruser\desktop\プログラム教材アップデート作業\xr_framev2023_1126_vc2017_s1\mr_project\x64\release\stdafx.obj
c:\users\vruser\desktop\プログラム教材アップデート作業\xr_framev2023_1126_vc2017_s1\mr_project\x64\release\gyro.obj
c:\users\vruser\desktop\プログラム教材アップデート作業\xr_framev2023_1126_vc2017_s1\mr_project\x64\release\ezutil.obj
c:\users\vruser\desktop\プログラム教材アップデート作業\xr_framev2023_1126_vc2017_s1\mr_project\x64\release\ezmidi.obj
c:\users\vruser\desktop\プログラム教材アップデート作業\xr_framev2023_1126_vc2017_s1\mr_project\x64\release\image.obj
c:\users\vruser\desktop\プログラム教材アップデート作業\xr_framev2023_1126_vc2017_s1\mr_project\x64\release\ezwebcam.obj
c:\users\vruser\desktop\プログラム教材アップデート作業\xr_framev2023_1126_vc2017_s1\mr_project\x64\release\ezpng.obj
c:\users\vruser\desktop\プログラム教材アップデート作業\xr_framev2023_1126_vc2017_s1\mr_project\x64\release\ezjpeg.obj
c:\users\vruser\desktop\プログラム教材アップデート作業\xr_framev2023_1126_vc2017_s1\mr_project\x64\release\ezfont.obj
c:\users\vruser\desktop\プログラム教材アップデート作業\xr_framev2023_1126_vc2017_s1\mr_project\x64\release\draw.obj
c:\users\vruser\desktop\プログラム教材アップデート作業\xr_framev2023_1126_vc2017_s1\mr_project\x64\release\depth.obj
c:\users\vruser\desktop\プログラム教材アップデート作業\xr_framev2023_1126_vc2017_s1\mr_project\x64\release\com.obj
c:\users\vruser\desktop\プログラム教材アップデート作業\xr_framev2023_1126_vc2017_s1\mr_project\x64\release\calc.obj
c:\users\vruser\desktop\プログラム教材アップデート作業\xr_framev2023_1126_vc2017_s1\mr_project\x64\release\threedvector.obj
c:\users\vruser\desktop\プログラム教材アップデート作業\xr_framev2023_1126_vc2017_s1\mr_project\x64\release\pngimage.obj
c:\users\vruser\desktop\プログラム教材アップデート作業\xr_framev2023_1126_vc2017_s1\mr_project\x64\release\objloader_seq.obj
c:\users\vruser\desktop\プログラム教材アップデート作業\xr_framev2023_1126_vc2017_s1\mr_project\x64\release\objloader.obj
c:\users\vruser\desktop\プログラム教材アップデート作業\xr_framev2023_1126_vc2017_s1\mr_project\x64\release\objdetaildata.obj
c:\users\vruser\desktop\プログラム教材アップデート作業\xr_framev2023_1126_vc2017_s1\mr_project\x64\release\objdata.obj
c:\users\vruser\desktop\プログラム教材アップデート作業\xr_framev2023_1126_vc2017_s1\mr_project\x64\release\mtl.obj
c:\users\vruser\desktop\プログラム教材アップデート作業\xr_framev2023_1126_vc2017_s1\mr_project\x64\release\material.obj
c:\users\vruser\desktop\プログラム教材アップデート作業\xr_framev2023_1126_vc2017_s1\mr_project\x64\release\tcpfunc.obj
c:\users\vruser\desktop\プログラム教材アップデート作業\xr_framev2023_1126_vc2017_s1\mr_project\x64\release\sim.obj
c:\users\vruser\desktop\プログラム教材アップデート作業\xr_framev2023_1126_vc2017_s1\mr_project\x64\release\serialio.obj
c:\users\vruser\desktop\プログラム教材アップデート作業\xr_framev2023_1126_vc2017_s1\mr_project\x64\release\myshape.obj
c:\users\vruser\desktop\プログラム教材アップデート作業\xr_framev2023_1126_vc2017_s1\mr_project\x64\release\mymodel.obj
c:\users\vruser\desktop\プログラム教材アップデート作業\xr_framev2023_1126_vc2017_s1\mr_project\x64\release\light.obj
c:\users\vruser\desktop\プログラム教材アップデート作業\xr_framev2023_1126_vc2017_s1\mr_project\x64\release\isense.obj
c:\users\vruser\desktop\プログラム教材アップデート作業\xr_framev2023_1126_vc2017_s1\mr_project\x64\release\glmetaseq.obj
c:\users\vruser\desktop\プログラム教材アップデート作業\xr_framev2023_1126_vc2017_s1\mr_project\x64\release\mreal_main.obj
c:\users\vruser\desktop\プログラム教材アップデート作業\xr_framev2023_1126_vc2017_s1\x64\release\mr_project_x64.exe
c:\users\vruser\desktop\プログラム教材アップデート作業\xr_framev2023_1126_vc2017_s1\x64\release\mr_project_x64.pdb
c:\users\vruser\desktop\プログラム教材アップデート作業\xr_framev2023_1126_vc2017_s1\x64\release\mr_project_x64.lib
c:\users\vruser\desktop\プログラム教材アップデート作業\xr_framev2023_1126_vc2017_s1\x64\release\mr_project_x64.exp
c:\users\vruser\desktop\プログラム教材アップデート作業\xr_framev2023_1126_vc2017_s1\x64\release\mr_project_x64.ipdb
c:\users\vruser\desktop\プログラム教材アップデート作業\xr_framev2023_1126_vc2017_s1\x64\release\mr_project_x64.iobj
c:\users\vruser\desktop\プログラム教材アップデート作業\xr_framev2023_1126_vc2017_s1\mr_project\x64\release\mr_project.tlog\cl.command.1.tlog
c:\users\vruser\desktop\プログラム教材アップデート作業\xr_framev2023_1126_vc2017_s1\mr_project\x64\release\mr_project.tlog\cl.read.1.tlog
c:\users\vruser\desktop\プログラム教材アップデート作業\xr_framev2023_1126_vc2017_s1\mr_project\x64\release\mr_project.tlog\cl.write.1.tlog
c:\users\vruser\desktop\プログラム教材アップデート作業\xr_framev2023_1126_vc2017_s1\mr_project\x64\release\mr_project.tlog\link.command.1.tlog
c:\users\vruser\desktop\プログラム教材アップデート作業\xr_framev2023_1126_vc2017_s1\mr_project\x64\release\mr_project.tlog\link.read.1.tlog
c:\users\vruser\desktop\プログラム教材アップデート作業\xr_framev2023_1126_vc2017_s1\mr_project\x64\release\mr_project.tlog\link.write.1.tlog
c:\users\vruser\desktop\プログラム教材アップデート作業\xr_framev2023_1126_vc2017_s1\mr_project\x64\release\mr_project.tlog\mr_project.write.1u.tlog
