d:\ssd_data\★xr_framev2025_0725\★xr_framev2025_1113\mr_project_x1\release\mr_project_x1.pch
d:\ssd_data\★xr_framev2025_0725\★xr_framev2025_1113\mr_project_x1\release\vc143.pdb
d:\ssd_data\★xr_framev2025_0725\★xr_framev2025_1113\mr_project_x1\release\stdafx.obj
d:\ssd_data\★xr_framev2025_0725\★xr_framev2025_1113\mr_project_x1\release\light.obj
d:\ssd_data\★xr_framev2025_0725\★xr_framev2025_1113\mr_project_x1\release\gyro.obj
d:\ssd_data\★xr_framev2025_0725\★xr_framev2025_1113\mr_project_x1\release\ezutil.obj
d:\ssd_data\★xr_framev2025_0725\★xr_framev2025_1113\mr_project_x1\release\ezmidi.obj
d:\ssd_data\★xr_framev2025_0725\★xr_framev2025_1113\mr_project_x1\release\image.obj
d:\ssd_data\★xr_framev2025_0725\★xr_framev2025_1113\mr_project_x1\release\ezwebcam.obj
d:\ssd_data\★xr_framev2025_0725\★xr_framev2025_1113\mr_project_x1\release\ezpng.obj
d:\ssd_data\★xr_framev2025_0725\★xr_framev2025_1113\mr_project_x1\release\ezjpeg.obj
d:\ssd_data\★xr_framev2025_0725\★xr_framev2025_1113\mr_project_x1\release\ezfont.obj
d:\ssd_data\★xr_framev2025_0725\★xr_framev2025_1113\mr_project_x1\release\draw.obj
d:\ssd_data\★xr_framev2025_0725\★xr_framev2025_1113\mr_project_x1\release\depth.obj
d:\ssd_data\★xr_framev2025_0725\★xr_framev2025_1113\mr_project_x1\release\calc.obj
d:\ssd_data\★xr_framev2025_0725\★xr_framev2025_1113\mr_project_x1\release\threedvector.obj
d:\ssd_data\★xr_framev2025_0725\★xr_framev2025_1113\mr_project_x1\release\pngimage.obj
d:\ssd_data\★xr_framev2025_0725\★xr_framev2025_1113\mr_project_x1\release\objloader_seq.obj
d:\ssd_data\★xr_framev2025_0725\★xr_framev2025_1113\mr_project_x1\release\objloader.obj
d:\ssd_data\★xr_framev2025_0725\★xr_framev2025_1113\mr_project_x1\release\objdetaildata.obj
d:\ssd_data\★xr_framev2025_0725\★xr_framev2025_1113\mr_project_x1\release\objdata.obj
d:\ssd_data\★xr_framev2025_0725\★xr_framev2025_1113\mr_project_x1\release\mtl.obj
d:\ssd_data\★xr_framev2025_0725\★xr_framev2025_1113\mr_project_x1\release\material.obj
d:\ssd_data\★xr_framev2025_0725\★xr_framev2025_1113\mr_project_x1\release\vector.obj
d:\ssd_data\★xr_framev2025_0725\★xr_framev2025_1113\mr_project_x1\release\tcpfunc.obj
d:\ssd_data\★xr_framev2025_0725\★xr_framev2025_1113\mr_project_x1\release\sim.obj
d:\ssd_data\★xr_framev2025_0725\★xr_framev2025_1113\mr_project_x1\release\shapes.obj
d:\ssd_data\★xr_framev2025_0725\★xr_framev2025_1113\mr_project_x1\release\serialio.obj
d:\ssd_data\★xr_framev2025_0725\★xr_framev2025_1113\mr_project_x1\release\myshape.obj
d:\ssd_data\★xr_framev2025_0725\★xr_framev2025_1113\mr_project_x1\release\mymodel.obj
d:\ssd_data\★xr_framev2025_0725\★xr_framev2025_1113\mr_project_x1\release\matrix.obj
d:\ssd_data\★xr_framev2025_0725\★xr_framev2025_1113\mr_project_x1\release\directinputdevice.obj
d:\ssd_data\★xr_framev2025_0725\★xr_framev2025_1113\mr_project_x1\release\mr_project_x1.tlog\cl.command.1.tlog
d:\ssd_data\★xr_framev2025_0725\★xr_framev2025_1113\mr_project_x1\release\mr_project_x1.tlog\cl.read.1.tlog
d:\ssd_data\★xr_framev2025_0725\★xr_framev2025_1113\mr_project_x1\release\mr_project_x1.tlog\cl.write.1.tlog
