g:\プログラム教材アップデート作業\xr_framev2023_1126_vc2017_freeglutx64\mr_project\release\mr_project.pch
g:\プログラム教材アップデート作業\xr_framev2023_1126_vc2017_freeglutx64\mr_project\release\vc141.pdb
g:\プログラム教材アップデート作業\xr_framev2023_1126_vc2017_freeglutx64\mr_project\release\stdafx.obj
g:\プログラム教材アップデート作業\xr_framev2023_1126_vc2017_freeglutx64\mr_project\release\gyro.obj
g:\プログラム教材アップデート作業\xr_framev2023_1126_vc2017_freeglutx64\mr_project\release\ezutil.obj
g:\プログラム教材アップデート作業\xr_framev2023_1126_vc2017_freeglutx64\mr_project\release\ezmidi.obj
g:\プログラム教材アップデート作業\xr_framev2023_1126_vc2017_freeglutx64\mr_project\release\image.obj
g:\プログラム教材アップデート作業\xr_framev2023_1126_vc2017_freeglutx64\mr_project\release\ezwebcam.obj
g:\プログラム教材アップデート作業\xr_framev2023_1126_vc2017_freeglutx64\mr_project\release\ezpng.obj
g:\プログラム教材アップデート作業\xr_framev2023_1126_vc2017_freeglutx64\mr_project\release\ezjpeg.obj
g:\プログラム教材アップデート作業\xr_framev2023_1126_vc2017_freeglutx64\mr_project\release\ezfont.obj
g:\プログラム教材アップデート作業\xr_framev2023_1126_vc2017_freeglutx64\mr_project\release\draw.obj
g:\プログラム教材アップデート作業\xr_framev2023_1126_vc2017_freeglutx64\mr_project\release\depth.obj
g:\プログラム教材アップデート作業\xr_framev2023_1126_vc2017_freeglutx64\mr_project\release\com.obj
g:\プログラム教材アップデート作業\xr_framev2023_1126_vc2017_freeglutx64\mr_project\release\calc.obj
g:\プログラム教材アップデート作業\xr_framev2023_1126_vc2017_freeglutx64\mr_project\release\threedvector.obj
g:\プログラム教材アップデート作業\xr_framev2023_1126_vc2017_freeglutx64\mr_project\release\pngimage.obj
g:\プログラム教材アップデート作業\xr_framev2023_1126_vc2017_freeglutx64\mr_project\release\objloader_seq.obj
g:\プログラム教材アップデート作業\xr_framev2023_1126_vc2017_freeglutx64\mr_project\release\objloader.obj
g:\プログラム教材アップデート作業\xr_framev2023_1126_vc2017_freeglutx64\mr_project\release\objdetaildata.obj
g:\プログラム教材アップデート作業\xr_framev2023_1126_vc2017_freeglutx64\mr_project\release\objdata.obj
g:\プログラム教材アップデート作業\xr_framev2023_1126_vc2017_freeglutx64\mr_project\release\mtl.obj
g:\プログラム教材アップデート作業\xr_framev2023_1126_vc2017_freeglutx64\mr_project\release\material.obj
g:\プログラム教材アップデート作業\xr_framev2023_1126_vc2017_freeglutx64\mr_project\release\tcpfunc.obj
g:\プログラム教材アップデート作業\xr_framev2023_1126_vc2017_freeglutx64\mr_project\release\sim.obj
g:\プログラム教材アップデート作業\xr_framev2023_1126_vc2017_freeglutx64\mr_project\release\serialio.obj
g:\プログラム教材アップデート作業\xr_framev2023_1126_vc2017_freeglutx64\mr_project\release\myshape.obj
g:\プログラム教材アップデート作業\xr_framev2023_1126_vc2017_freeglutx64\mr_project\release\mymodel.obj
g:\プログラム教材アップデート作業\xr_framev2023_1126_vc2017_freeglutx64\mr_project\release\light.obj
g:\プログラム教材アップデート作業\xr_framev2023_1126_vc2017_freeglutx64\mr_project\release\isense.obj
g:\プログラム教材アップデート作業\xr_framev2023_1126_vc2017_freeglutx64\mr_project\release\glmetaseq.obj
g:\プログラム教材アップデート作業\xr_framev2023_1126_vc2017_freeglutx64\mr_project\release\mreal_main.obj
g:\プログラム教材アップデート作業\xr_framev2023_1126_vc2017_freeglutx64\mr_project\release\mr_project.exe
g:\プログラム教材アップデート作業\xr_framev2023_1126_vc2017_freeglutx64\mr_project\release\mr_project.pdb
g:\プログラム教材アップデート作業\xr_framev2023_1126_vc2017_freeglutx64\mr_project\release\mr_project.lib
g:\プログラム教材アップデート作業\xr_framev2023_1126_vc2017_freeglutx64\mr_project\release\mr_project.exp
g:\プログラム教材アップデート作業\xr_framev2023_1126_vc2017_freeglutx64\mr_project\release\mr_project.ipdb
g:\プログラム教材アップデート作業\xr_framev2023_1126_vc2017_freeglutx64\mr_project\release\mr_project.iobj
g:\プログラム教材アップデート作業\xr_framev2023_1126_vc2017_freeglutx64\mr_project\release\mr_project.tlog\cl.read.1.tlog
g:\プログラム教材アップデート作業\xr_framev2023_1126_vc2017_freeglutx64\mr_project\release\mr_project.tlog\cl.write.1.tlog
g:\プログラム教材アップデート作業\xr_framev2023_1126_vc2017_freeglutx64\mr_project\release\mr_project.tlog\cl.command.1.tlog
g:\プログラム教材アップデート作業\xr_framev2023_1126_vc2017_freeglutx64\mr_project\release\mr_project.tlog\link.read.1.tlog
g:\プログラム教材アップデート作業\xr_framev2023_1126_vc2017_freeglutx64\mr_project\release\mr_project.tlog\link.write.1.tlog
g:\プログラム教材アップデート作業\xr_framev2023_1126_vc2017_freeglutx64\mr_project\release\mr_project.tlog\link.command.1.tlog
g:\プログラム教材アップデート作業\xr_framev2023_1126_vc2017_freeglutx64\mr_project\release\mr_project.tlog\mr_project.write.1u.tlog
