d:\ssd_data\★xr_framev2025_0725\★xr_framev2025_1113\vr_project\release\vc143.pdb
d:\ssd_data\★xr_framev2025_0725\★xr_framev2025_1113\vr_project\release\image.obj
d:\ssd_data\★xr_framev2025_0725\★xr_framev2025_1113\vr_project\release\ezwebcam.obj
d:\ssd_data\★xr_framev2025_0725\★xr_framev2025_1113\vr_project\release\ezpng.obj
d:\ssd_data\★xr_framev2025_0725\★xr_framev2025_1113\vr_project\release\ezjpeg.obj
d:\ssd_data\★xr_framev2025_0725\★xr_framev2025_1113\vr_project\release\mpu6050.obj
d:\ssd_data\★xr_framev2025_0725\★xr_framev2025_1113\vr_project\release\jy901.obj
d:\ssd_data\★xr_framev2025_0725\★xr_framev2025_1113\vr_project\release\ezgyro.obj
d:\ssd_data\★xr_framev2025_0725\★xr_framev2025_1113\vr_project\release\com.obj
d:\ssd_data\★xr_framev2025_0725\★xr_framev2025_1113\vr_project\release\ezfont.obj
d:\ssd_data\★xr_framev2025_0725\★xr_framev2025_1113\vr_project\release\draw.obj
d:\ssd_data\★xr_framev2025_0725\★xr_framev2025_1113\vr_project\release\depth.obj
d:\ssd_data\★xr_framev2025_0725\★xr_framev2025_1113\vr_project\release\calc.obj
d:\ssd_data\★xr_framev2025_0725\★xr_framev2025_1113\vr_project\release\threedvector.obj
d:\ssd_data\★xr_framev2025_0725\★xr_framev2025_1113\vr_project\release\pngimage.obj
d:\ssd_data\★xr_framev2025_0725\★xr_framev2025_1113\vr_project\release\objloader_seq.obj
d:\ssd_data\★xr_framev2025_0725\★xr_framev2025_1113\vr_project\release\objloader.obj
d:\ssd_data\★xr_framev2025_0725\★xr_framev2025_1113\vr_project\release\objdetaildata.obj
d:\ssd_data\★xr_framev2025_0725\★xr_framev2025_1113\vr_project\release\objdata.obj
d:\ssd_data\★xr_framev2025_0725\★xr_framev2025_1113\vr_project\release\mtl.obj
d:\ssd_data\★xr_framev2025_0725\★xr_framev2025_1113\vr_project\release\material.obj
d:\ssd_data\★xr_framev2025_0725\★xr_framev2025_1113\vr_project\release\keyboard.obj
d:\ssd_data\★xr_framev2025_0725\★xr_framev2025_1113\vr_project\release\hmd.obj
d:\ssd_data\★xr_framev2025_0725\★xr_framev2025_1113\vr_project\release\eztrack.obj
d:\ssd_data\★xr_framev2025_0725\★xr_framev2025_1113\vr_project\release\warptex.obj
d:\ssd_data\★xr_framev2025_0725\★xr_framev2025_1113\vr_project\release\eztrack_vicon.obj
d:\ssd_data\★xr_framev2025_0725\★xr_framev2025_1113\vr_project\release\cylindrical.obj
d:\ssd_data\★xr_framev2025_0725\★xr_framev2025_1113\vr_project\release\vector.obj
d:\ssd_data\★xr_framev2025_0725\★xr_framev2025_1113\vr_project\release\tcpfunc.obj
d:\ssd_data\★xr_framev2025_0725\★xr_framev2025_1113\vr_project\release\sim.obj
d:\ssd_data\★xr_framev2025_0725\★xr_framev2025_1113\vr_project\release\shapes.obj
d:\ssd_data\★xr_framev2025_0725\★xr_framev2025_1113\vr_project\release\serialio.obj
d:\ssd_data\★xr_framev2025_0725\★xr_framev2025_1113\vr_project\release\perlinnoise.obj
d:\ssd_data\★xr_framev2025_0725\★xr_framev2025_1113\vr_project\release\myshape.obj
d:\ssd_data\★xr_framev2025_0725\★xr_framev2025_1113\vr_project\release\mymodel.obj
d:\ssd_data\★xr_framev2025_0725\★xr_framev2025_1113\vr_project\release\matrix.obj
d:\ssd_data\★xr_framev2025_0725\★xr_framev2025_1113\vr_project\release\light.obj
d:\ssd_data\★xr_framev2025_0725\★xr_framev2025_1113\vr_project\release\gyro.obj
d:\ssd_data\★xr_framev2025_0725\★xr_framev2025_1113\vr_project\release\ezzigsim.obj
d:\ssd_data\★xr_framev2025_0725\★xr_framev2025_1113\vr_project\release\ezutil.obj
d:\ssd_data\★xr_framev2025_0725\★xr_framev2025_1113\vr_project\release\ezmidi.obj
d:\ssd_data\★xr_framev2025_0725\★xr_framev2025_1113\vr_project\release\stereo.obj
d:\ssd_data\★xr_framev2025_0725\★xr_framev2025_1113\vr_project\release\projview.obj
d:\ssd_data\★xr_framev2025_0725\★xr_framev2025_1113\vr_project\release\mouse.obj
d:\ssd_data\★xr_framev2025_0725\★xr_framev2025_1113\vr_project\release\main.obj
d:\ssd_data\★xr_framev2025_0725\★xr_framev2025_1113\vr_project\release\isense.obj
d:\ssd_data\★xr_framev2025_0725\★xr_framev2025_1113\vr_project\release\glmetaseq.obj
d:\ssd_data\★xr_framev2025_0725\★xr_framev2025_1113\release\vr_project.exe
d:\ssd_data\★xr_framev2025_0725\★xr_framev2025_1113\release\vr_project.pdb
d:\ssd_data\★xr_framev2025_0725\★xr_framev2025_1113\release\vr_project.lib
d:\ssd_data\★xr_framev2025_0725\★xr_framev2025_1113\release\vr_project.exp
d:\ssd_data\★xr_framev2025_0725\★xr_framev2025_1113\vr_project\release\vr_project.ipdb
d:\ssd_data\★xr_framev2025_0725\★xr_framev2025_1113\vr_project\release\vr_project.iobj
d:\ssd_data\★xr_framev2025_0725\★xr_framev2025_1113\vr_project\release\vr_project.tlog\cl.command.1.tlog
d:\ssd_data\★xr_framev2025_0725\★xr_framev2025_1113\vr_project\release\vr_project.tlog\cl.items.tlog
d:\ssd_data\★xr_framev2025_0725\★xr_framev2025_1113\vr_project\release\vr_project.tlog\cl.read.1.tlog
d:\ssd_data\★xr_framev2025_0725\★xr_framev2025_1113\vr_project\release\vr_project.tlog\cl.write.1.tlog
d:\ssd_data\★xr_framev2025_0725\★xr_framev2025_1113\vr_project\release\vr_project.tlog\link.command.1.tlog
d:\ssd_data\★xr_framev2025_0725\★xr_framev2025_1113\vr_project\release\vr_project.tlog\link.read.1.tlog
d:\ssd_data\★xr_framev2025_0725\★xr_framev2025_1113\vr_project\release\vr_project.tlog\link.secondary.1.tlog
d:\ssd_data\★xr_framev2025_0725\★xr_framev2025_1113\vr_project\release\vr_project.tlog\link.write.1.tlog
