g:\プログラム教材アップデート作業\xr_framev2023_1126_vc2017_freeglutx64\mr_project\x64\debug\mr_project_x64.pch
g:\プログラム教材アップデート作業\xr_framev2023_1126_vc2017_freeglutx64\mr_project\x64\debug\vc141.pdb
g:\プログラム教材アップデート作業\xr_framev2023_1126_vc2017_freeglutx64\mr_project\x64\debug\vc141.idb
g:\プログラム教材アップデート作業\xr_framev2023_1126_vc2017_freeglutx64\mr_project\x64\debug\stdafx.obj
g:\プログラム教材アップデート作業\xr_framev2023_1126_vc2017_freeglutx64\mr_project\x64\debug\gyro.obj
g:\プログラム教材アップデート作業\xr_framev2023_1126_vc2017_freeglutx64\mr_project\x64\debug\ezutil.obj
g:\プログラム教材アップデート作業\xr_framev2023_1126_vc2017_freeglutx64\mr_project\x64\debug\ezmidi.obj
g:\プログラム教材アップデート作業\xr_framev2023_1126_vc2017_freeglutx64\mr_project\x64\debug\image.obj
g:\プログラム教材アップデート作業\xr_framev2023_1126_vc2017_freeglutx64\mr_project\x64\debug\ezwebcam.obj
g:\プログラム教材アップデート作業\xr_framev2023_1126_vc2017_freeglutx64\mr_project\x64\debug\ezpng.obj
g:\プログラム教材アップデート作業\xr_framev2023_1126_vc2017_freeglutx64\mr_project\x64\debug\ezjpeg.obj
g:\プログラム教材アップデート作業\xr_framev2023_1126_vc2017_freeglutx64\mr_project\x64\debug\ezfont.obj
g:\プログラム教材アップデート作業\xr_framev2023_1126_vc2017_freeglutx64\mr_project\x64\debug\draw.obj
g:\プログラム教材アップデート作業\xr_framev2023_1126_vc2017_freeglutx64\mr_project\x64\debug\depth.obj
g:\プログラム教材アップデート作業\xr_framev2023_1126_vc2017_freeglutx64\mr_project\x64\debug\com.obj
g:\プログラム教材アップデート作業\xr_framev2023_1126_vc2017_freeglutx64\mr_project\x64\debug\calc.obj
g:\プログラム教材アップデート作業\xr_framev2023_1126_vc2017_freeglutx64\mr_project\x64\debug\threedvector.obj
g:\プログラム教材アップデート作業\xr_framev2023_1126_vc2017_freeglutx64\mr_project\x64\debug\pngimage.obj
g:\プログラム教材アップデート作業\xr_framev2023_1126_vc2017_freeglutx64\mr_project\x64\debug\objloader_seq.obj
g:\プログラム教材アップデート作業\xr_framev2023_1126_vc2017_freeglutx64\mr_project\x64\debug\objloader.obj
g:\プログラム教材アップデート作業\xr_framev2023_1126_vc2017_freeglutx64\mr_project\x64\debug\objdetaildata.obj
g:\プログラム教材アップデート作業\xr_framev2023_1126_vc2017_freeglutx64\mr_project\x64\debug\objdata.obj
g:\プログラム教材アップデート作業\xr_framev2023_1126_vc2017_freeglutx64\mr_project\x64\debug\mtl.obj
g:\プログラム教材アップデート作業\xr_framev2023_1126_vc2017_freeglutx64\mr_project\x64\debug\material.obj
g:\プログラム教材アップデート作業\xr_framev2023_1126_vc2017_freeglutx64\mr_project\x64\debug\tcpfunc.obj
g:\プログラム教材アップデート作業\xr_framev2023_1126_vc2017_freeglutx64\mr_project\x64\debug\sim.obj
g:\プログラム教材アップデート作業\xr_framev2023_1126_vc2017_freeglutx64\mr_project\x64\debug\serialio.obj
g:\プログラム教材アップデート作業\xr_framev2023_1126_vc2017_freeglutx64\mr_project\x64\debug\myshape.obj
g:\プログラム教材アップデート作業\xr_framev2023_1126_vc2017_freeglutx64\mr_project\x64\debug\mymodel.obj
g:\プログラム教材アップデート作業\xr_framev2023_1126_vc2017_freeglutx64\mr_project\x64\debug\light.obj
g:\プログラム教材アップデート作業\xr_framev2023_1126_vc2017_freeglutx64\mr_project\x64\debug\isense.obj
g:\プログラム教材アップデート作業\xr_framev2023_1126_vc2017_freeglutx64\mr_project\x64\debug\glmetaseq.obj
g:\プログラム教材アップデート作業\xr_framev2023_1126_vc2017_freeglutx64\mr_project\x64\debug\mreal_main.obj
g:\プログラム教材アップデート作業\xr_framev2023_1126_vc2017_freeglutx64\mr_project\x64\debug\mr_project_x64.lib
g:\プログラム教材アップデート作業\xr_framev2023_1126_vc2017_freeglutx64\mr_project\x64\debug\mr_project_x64.exp
g:\プログラム教材アップデート作業\xr_framev2023_1126_vc2017_freeglutx64\x64\debug\mr_project_x64.lib
g:\プログラム教材アップデート作業\xr_framev2023_1126_vc2017_freeglutx64\x64\debug\mr_project_x64.exp
g:\プログラム教材アップデート作業\xr_framev2023_1126_vc2017_freeglutx64\x64\debug\mr_project_x64.exe
g:\プログラム教材アップデート作業\xr_framev2023_1126_vc2017_freeglutx64\x64\debug\mr_project_x64.pdb
g:\プログラム教材アップデート作業\xr_framev2023_1126_vc2017_freeglutx64\mr_project\x64\debug\mr_project_x64.pdb
g:\プログラム教材アップデート作業\xr_framev2023_1126_vc2017_freeglutx64\mr_project\x64\debug\mr_project.tlog\cl.read.1.tlog
g:\プログラム教材アップデート作業\xr_framev2023_1126_vc2017_freeglutx64\mr_project\x64\debug\mr_project.tlog\cl.write.1.tlog
g:\プログラム教材アップデート作業\xr_framev2023_1126_vc2017_freeglutx64\mr_project\x64\debug\mr_project.tlog\cl.command.1.tlog
g:\プログラム教材アップデート作業\xr_framev2023_1126_vc2017_freeglutx64\mr_project\x64\debug\mr_project.tlog\link.read.1.tlog
g:\プログラム教材アップデート作業\xr_framev2023_1126_vc2017_freeglutx64\mr_project\x64\debug\mr_project.tlog\link.command.1.tlog
g:\プログラム教材アップデート作業\xr_framev2023_1126_vc2017_freeglutx64\mr_project\x64\debug\mr_project.tlog\mr_project.write.1u.tlog
g:\プログラム教材アップデート作業\xr_framev2023_1126_vc2017_freeglutx64\mr_project\x64\debug\mr_project.tlog\link.write.1.tlog
