d:\ssd_data\★xr_framev2025_0725\★xr_framev2025_1023\vr_project\x64\release\vc143.pdb
d:\ssd_data\★xr_framev2025_0725\★xr_framev2025_1023\vr_project\x64\release\image.obj
d:\ssd_data\★xr_framev2025_0725\★xr_framev2025_1023\vr_project\x64\release\ezwebcam.obj
d:\ssd_data\★xr_framev2025_0725\★xr_framev2025_1023\vr_project\x64\release\ezpng.obj
d:\ssd_data\★xr_framev2025_0725\★xr_framev2025_1023\vr_project\x64\release\ezjpeg.obj
d:\ssd_data\★xr_framev2025_0725\★xr_framev2025_1023\vr_project\x64\release\mpu6050.obj
d:\ssd_data\★xr_framev2025_0725\★xr_framev2025_1023\vr_project\x64\release\jy901.obj
d:\ssd_data\★xr_framev2025_0725\★xr_framev2025_1023\vr_project\x64\release\ezgyro.obj
d:\ssd_data\★xr_framev2025_0725\★xr_framev2025_1023\vr_project\x64\release\com.obj
d:\ssd_data\★xr_framev2025_0725\★xr_framev2025_1023\vr_project\x64\release\ezfont.obj
d:\ssd_data\★xr_framev2025_0725\★xr_framev2025_1023\vr_project\x64\release\draw.obj
d:\ssd_data\★xr_framev2025_0725\★xr_framev2025_1023\vr_project\x64\release\depth.obj
d:\ssd_data\★xr_framev2025_0725\★xr_framev2025_1023\vr_project\x64\release\calc.obj
d:\ssd_data\★xr_framev2025_0725\★xr_framev2025_1023\vr_project\x64\release\threedvector.obj
d:\ssd_data\★xr_framev2025_0725\★xr_framev2025_1023\vr_project\x64\release\pngimage.obj
d:\ssd_data\★xr_framev2025_0725\★xr_framev2025_1023\vr_project\x64\release\objloader_seq.obj
d:\ssd_data\★xr_framev2025_0725\★xr_framev2025_1023\vr_project\x64\release\objloader.obj
d:\ssd_data\★xr_framev2025_0725\★xr_framev2025_1023\vr_project\x64\release\objdetaildata.obj
d:\ssd_data\★xr_framev2025_0725\★xr_framev2025_1023\vr_project\x64\release\objdata.obj
d:\ssd_data\★xr_framev2025_0725\★xr_framev2025_1023\vr_project\x64\release\mtl.obj
d:\ssd_data\★xr_framev2025_0725\★xr_framev2025_1023\vr_project\x64\release\material.obj
d:\ssd_data\★xr_framev2025_0725\★xr_framev2025_1023\vr_project\x64\release\main.obj
d:\ssd_data\★xr_framev2025_0725\★xr_framev2025_1023\vr_project\x64\release\keyboard.obj
d:\ssd_data\★xr_framev2025_0725\★xr_framev2025_1023\vr_project\x64\release\hmd.obj
d:\ssd_data\★xr_framev2025_0725\★xr_framev2025_1023\vr_project\x64\release\eztrack.obj
d:\ssd_data\★xr_framev2025_0725\★xr_framev2025_1023\vr_project\x64\release\warptex.obj
d:\ssd_data\★xr_framev2025_0725\★xr_framev2025_1023\vr_project\x64\release\eztrack_vicon.obj
d:\ssd_data\★xr_framev2025_0725\★xr_framev2025_1023\vr_project\x64\release\cylindrical.obj
d:\ssd_data\★xr_framev2025_0725\★xr_framev2025_1023\vr_project\x64\release\vector.obj
d:\ssd_data\★xr_framev2025_0725\★xr_framev2025_1023\vr_project\x64\release\tcpfunc.obj
d:\ssd_data\★xr_framev2025_0725\★xr_framev2025_1023\vr_project\x64\release\sim.obj
d:\ssd_data\★xr_framev2025_0725\★xr_framev2025_1023\vr_project\x64\release\shapes.obj
d:\ssd_data\★xr_framev2025_0725\★xr_framev2025_1023\vr_project\x64\release\serialio.obj
d:\ssd_data\★xr_framev2025_0725\★xr_framev2025_1023\vr_project\x64\release\myshape.obj
d:\ssd_data\★xr_framev2025_0725\★xr_framev2025_1023\vr_project\x64\release\mymodel.obj
d:\ssd_data\★xr_framev2025_0725\★xr_framev2025_1023\vr_project\x64\release\matrix.obj
d:\ssd_data\★xr_framev2025_0725\★xr_framev2025_1023\vr_project\x64\release\light.obj
d:\ssd_data\★xr_framev2025_0725\★xr_framev2025_1023\vr_project\x64\release\gyro.obj
d:\ssd_data\★xr_framev2025_0725\★xr_framev2025_1023\vr_project\x64\release\ezzigsim.obj
d:\ssd_data\★xr_framev2025_0725\★xr_framev2025_1023\vr_project\x64\release\ezutil.obj
d:\ssd_data\★xr_framev2025_0725\★xr_framev2025_1023\vr_project\x64\release\ezmidi.obj
d:\ssd_data\★xr_framev2025_0725\★xr_framev2025_1023\vr_project\x64\release\stereo.obj
d:\ssd_data\★xr_framev2025_0725\★xr_framev2025_1023\vr_project\x64\release\projview.obj
d:\ssd_data\★xr_framev2025_0725\★xr_framev2025_1023\vr_project\x64\release\mouse.obj
d:\ssd_data\★xr_framev2025_0725\★xr_framev2025_1023\vr_project\x64\release\isense.obj
d:\ssd_data\★xr_framev2025_0725\★xr_framev2025_1023\vr_project\x64\release\glmetaseq.obj
d:\ssd_data\★xr_framev2025_0725\★xr_framev2025_1023\x64\release\vr_project.exe
d:\ssd_data\★xr_framev2025_0725\★xr_framev2025_1023\x64\release\vr_project.pdb
d:\ssd_data\★xr_framev2025_0725\★xr_framev2025_1023\x64\release\vr_project.lib
d:\ssd_data\★xr_framev2025_0725\★xr_framev2025_1023\x64\release\vr_project.exp
d:\ssd_data\★xr_framev2025_0725\★xr_framev2025_1023\vr_project\x64\release\vr_project.ipdb
d:\ssd_data\★xr_framev2025_0725\★xr_framev2025_1023\vr_project\x64\release\vr_project.iobj
d:\ssd_data\★xr_framev2025_0725\★xr_framev2025_1023\vr_project\x64\release\vr_project.tlog\cl.command.1.tlog
d:\ssd_data\★xr_framev2025_0725\★xr_framev2025_1023\vr_project\x64\release\vr_project.tlog\cl.items.tlog
d:\ssd_data\★xr_framev2025_0725\★xr_framev2025_1023\vr_project\x64\release\vr_project.tlog\cl.read.1.tlog
d:\ssd_data\★xr_framev2025_0725\★xr_framev2025_1023\vr_project\x64\release\vr_project.tlog\cl.write.1.tlog
d:\ssd_data\★xr_framev2025_0725\★xr_framev2025_1023\vr_project\x64\release\vr_project.tlog\link.command.1.tlog
d:\ssd_data\★xr_framev2025_0725\★xr_framev2025_1023\vr_project\x64\release\vr_project.tlog\link.read.1.tlog
d:\ssd_data\★xr_framev2025_0725\★xr_framev2025_1023\vr_project\x64\release\vr_project.tlog\link.secondary.1.tlog
d:\ssd_data\★xr_framev2025_0725\★xr_framev2025_1023\vr_project\x64\release\vr_project.tlog\link.write.1.tlog
