g:\プログラム教材アップデート作業\xr_framev2023_1125_vc2017_freeglutx64\vrframe2020_v1\x64\release\vc141.pdb
g:\プログラム教材アップデート作業\xr_framev2023_1125_vc2017_freeglutx64\vrframe2020_v1\x64\release\gyro.obj
g:\プログラム教材アップデート作業\xr_framev2023_1125_vc2017_freeglutx64\vrframe2020_v1\x64\release\ezutil.obj
g:\プログラム教材アップデート作業\xr_framev2023_1125_vc2017_freeglutx64\vrframe2020_v1\x64\release\ezmidi.obj
g:\プログラム教材アップデート作業\xr_framev2023_1125_vc2017_freeglutx64\vrframe2020_v1\x64\release\image.obj
g:\プログラム教材アップデート作業\xr_framev2023_1125_vc2017_freeglutx64\vrframe2020_v1\x64\release\ezwebcam.obj
g:\プログラム教材アップデート作業\xr_framev2023_1125_vc2017_freeglutx64\vrframe2020_v1\x64\release\ezpng.obj
g:\プログラム教材アップデート作業\xr_framev2023_1125_vc2017_freeglutx64\vrframe2020_v1\x64\release\ezjpeg.obj
g:\プログラム教材アップデート作業\xr_framev2023_1125_vc2017_freeglutx64\vrframe2020_v1\x64\release\ezfont.obj
g:\プログラム教材アップデート作業\xr_framev2023_1125_vc2017_freeglutx64\vrframe2020_v1\x64\release\draw.obj
g:\プログラム教材アップデート作業\xr_framev2023_1125_vc2017_freeglutx64\vrframe2020_v1\x64\release\depth.obj
g:\プログラム教材アップデート作業\xr_framev2023_1125_vc2017_freeglutx64\vrframe2020_v1\x64\release\com.obj
g:\プログラム教材アップデート作業\xr_framev2023_1125_vc2017_freeglutx64\vrframe2020_v1\x64\release\calc.obj
g:\プログラム教材アップデート作業\xr_framev2023_1125_vc2017_freeglutx64\vrframe2020_v1\x64\release\threedvector.obj
g:\プログラム教材アップデート作業\xr_framev2023_1125_vc2017_freeglutx64\vrframe2020_v1\x64\release\pngimage.obj
g:\プログラム教材アップデート作業\xr_framev2023_1125_vc2017_freeglutx64\vrframe2020_v1\x64\release\objloader_seq.obj
g:\プログラム教材アップデート作業\xr_framev2023_1125_vc2017_freeglutx64\vrframe2020_v1\x64\release\objloader.obj
g:\プログラム教材アップデート作業\xr_framev2023_1125_vc2017_freeglutx64\vrframe2020_v1\x64\release\objdetaildata.obj
g:\プログラム教材アップデート作業\xr_framev2023_1125_vc2017_freeglutx64\vrframe2020_v1\x64\release\objdata.obj
g:\プログラム教材アップデート作業\xr_framev2023_1125_vc2017_freeglutx64\vrframe2020_v1\x64\release\mtl.obj
g:\プログラム教材アップデート作業\xr_framev2023_1125_vc2017_freeglutx64\vrframe2020_v1\x64\release\material.obj
g:\プログラム教材アップデート作業\xr_framev2023_1125_vc2017_freeglutx64\vrframe2020_v1\x64\release\stereo.obj
g:\プログラム教材アップデート作業\xr_framev2023_1125_vc2017_freeglutx64\vrframe2020_v1\x64\release\projview.obj
g:\プログラム教材アップデート作業\xr_framev2023_1125_vc2017_freeglutx64\vrframe2020_v1\x64\release\mouse.obj
g:\プログラム教材アップデート作業\xr_framev2023_1125_vc2017_freeglutx64\vrframe2020_v1\x64\release\main.obj
g:\プログラム教材アップデート作業\xr_framev2023_1125_vc2017_freeglutx64\vrframe2020_v1\x64\release\keyboard.obj
g:\プログラム教材アップデート作業\xr_framev2023_1125_vc2017_freeglutx64\vrframe2020_v1\x64\release\hmd.obj
g:\プログラム教材アップデート作業\xr_framev2023_1125_vc2017_freeglutx64\vrframe2020_v1\x64\release\eztrack.obj
g:\プログラム教材アップデート作業\xr_framev2023_1125_vc2017_freeglutx64\vrframe2020_v1\x64\release\warptex.obj
g:\プログラム教材アップデート作業\xr_framev2023_1125_vc2017_freeglutx64\vrframe2020_v1\x64\release\cylindrical.obj
g:\プログラム教材アップデート作業\xr_framev2023_1125_vc2017_freeglutx64\vrframe2020_v1\x64\release\tcpfunc.obj
g:\プログラム教材アップデート作業\xr_framev2023_1125_vc2017_freeglutx64\vrframe2020_v1\x64\release\sim.obj
g:\プログラム教材アップデート作業\xr_framev2023_1125_vc2017_freeglutx64\vrframe2020_v1\x64\release\serialio.obj
g:\プログラム教材アップデート作業\xr_framev2023_1125_vc2017_freeglutx64\vrframe2020_v1\x64\release\myshape.obj
g:\プログラム教材アップデート作業\xr_framev2023_1125_vc2017_freeglutx64\vrframe2020_v1\x64\release\mymodel.obj
g:\プログラム教材アップデート作業\xr_framev2023_1125_vc2017_freeglutx64\vrframe2020_v1\x64\release\light.obj
g:\プログラム教材アップデート作業\xr_framev2023_1125_vc2017_freeglutx64\vrframe2020_v1\x64\release\isense.obj
g:\プログラム教材アップデート作業\xr_framev2023_1125_vc2017_freeglutx64\vrframe2020_v1\x64\release\glmetaseq.obj
g:\プログラム教材アップデート作業\xr_framev2023_1125_vc2017_freeglutx64\x64\release\vrframe2020_v1.exe
g:\プログラム教材アップデート作業\xr_framev2023_1125_vc2017_freeglutx64\x64\release\vrframe2020_v1.pdb
g:\プログラム教材アップデート作業\xr_framev2023_1125_vc2017_freeglutx64\x64\release\vrframe2020_v1.lib
g:\プログラム教材アップデート作業\xr_framev2023_1125_vc2017_freeglutx64\x64\release\vrframe2020_v1.exp
g:\プログラム教材アップデート作業\xr_framev2023_1125_vc2017_freeglutx64\x64\release\vrframe2020_v1.ipdb
g:\プログラム教材アップデート作業\xr_framev2023_1125_vc2017_freeglutx64\x64\release\vrframe2020_v1.iobj
g:\プログラム教材アップデート作業\xr_framev2023_1126_vc2017_freeglutx64\vrframe2020_v1\x64\release\gyro.obj
g:\プログラム教材アップデート作業\xr_framev2023_1126_vc2017_freeglutx64\vrframe2020_v1\x64\release\ezutil.obj
g:\プログラム教材アップデート作業\xr_framev2023_1126_vc2017_freeglutx64\vrframe2020_v1\x64\release\ezmidi.obj
g:\プログラム教材アップデート作業\xr_framev2023_1126_vc2017_freeglutx64\vrframe2020_v1\x64\release\image.obj
g:\プログラム教材アップデート作業\xr_framev2023_1126_vc2017_freeglutx64\vrframe2020_v1\x64\release\ezwebcam.obj
g:\プログラム教材アップデート作業\xr_framev2023_1126_vc2017_freeglutx64\vrframe2020_v1\x64\release\ezpng.obj
g:\プログラム教材アップデート作業\xr_framev2023_1126_vc2017_freeglutx64\vrframe2020_v1\x64\release\ezjpeg.obj
g:\プログラム教材アップデート作業\xr_framev2023_1126_vc2017_freeglutx64\vrframe2020_v1\x64\release\ezfont.obj
g:\プログラム教材アップデート作業\xr_framev2023_1126_vc2017_freeglutx64\vrframe2020_v1\x64\release\draw.obj
g:\プログラム教材アップデート作業\xr_framev2023_1126_vc2017_freeglutx64\vrframe2020_v1\x64\release\depth.obj
g:\プログラム教材アップデート作業\xr_framev2023_1126_vc2017_freeglutx64\vrframe2020_v1\x64\release\com.obj
g:\プログラム教材アップデート作業\xr_framev2023_1126_vc2017_freeglutx64\vrframe2020_v1\x64\release\calc.obj
g:\プログラム教材アップデート作業\xr_framev2023_1126_vc2017_freeglutx64\vrframe2020_v1\x64\release\threedvector.obj
g:\プログラム教材アップデート作業\xr_framev2023_1126_vc2017_freeglutx64\vrframe2020_v1\x64\release\pngimage.obj
g:\プログラム教材アップデート作業\xr_framev2023_1126_vc2017_freeglutx64\vrframe2020_v1\x64\release\objloader_seq.obj
g:\プログラム教材アップデート作業\xr_framev2023_1126_vc2017_freeglutx64\vrframe2020_v1\x64\release\objloader.obj
g:\プログラム教材アップデート作業\xr_framev2023_1126_vc2017_freeglutx64\vrframe2020_v1\x64\release\objdetaildata.obj
g:\プログラム教材アップデート作業\xr_framev2023_1126_vc2017_freeglutx64\vrframe2020_v1\x64\release\objdata.obj
g:\プログラム教材アップデート作業\xr_framev2023_1126_vc2017_freeglutx64\vrframe2020_v1\x64\release\mtl.obj
g:\プログラム教材アップデート作業\xr_framev2023_1126_vc2017_freeglutx64\vrframe2020_v1\x64\release\material.obj
g:\プログラム教材アップデート作業\xr_framev2023_1126_vc2017_freeglutx64\vrframe2020_v1\x64\release\stereo.obj
g:\プログラム教材アップデート作業\xr_framev2023_1126_vc2017_freeglutx64\vrframe2020_v1\x64\release\projview.obj
g:\プログラム教材アップデート作業\xr_framev2023_1126_vc2017_freeglutx64\vrframe2020_v1\x64\release\mouse.obj
g:\プログラム教材アップデート作業\xr_framev2023_1126_vc2017_freeglutx64\vrframe2020_v1\x64\release\main.obj
g:\プログラム教材アップデート作業\xr_framev2023_1126_vc2017_freeglutx64\vrframe2020_v1\x64\release\keyboard.obj
g:\プログラム教材アップデート作業\xr_framev2023_1126_vc2017_freeglutx64\vrframe2020_v1\x64\release\hmd.obj
g:\プログラム教材アップデート作業\xr_framev2023_1126_vc2017_freeglutx64\vrframe2020_v1\x64\release\eztrack.obj
g:\プログラム教材アップデート作業\xr_framev2023_1126_vc2017_freeglutx64\vrframe2020_v1\x64\release\warptex.obj
g:\プログラム教材アップデート作業\xr_framev2023_1126_vc2017_freeglutx64\vrframe2020_v1\x64\release\cylindrical.obj
g:\プログラム教材アップデート作業\xr_framev2023_1126_vc2017_freeglutx64\vrframe2020_v1\x64\release\tcpfunc.obj
g:\プログラム教材アップデート作業\xr_framev2023_1126_vc2017_freeglutx64\vrframe2020_v1\x64\release\sim.obj
g:\プログラム教材アップデート作業\xr_framev2023_1126_vc2017_freeglutx64\vrframe2020_v1\x64\release\serialio.obj
g:\プログラム教材アップデート作業\xr_framev2023_1126_vc2017_freeglutx64\vrframe2020_v1\x64\release\myshape.obj
g:\プログラム教材アップデート作業\xr_framev2023_1126_vc2017_freeglutx64\vrframe2020_v1\x64\release\mymodel.obj
g:\プログラム教材アップデート作業\xr_framev2023_1126_vc2017_freeglutx64\vrframe2020_v1\x64\release\light.obj
g:\プログラム教材アップデート作業\xr_framev2023_1126_vc2017_freeglutx64\vrframe2020_v1\x64\release\isense.obj
g:\プログラム教材アップデート作業\xr_framev2023_1126_vc2017_freeglutx64\vrframe2020_v1\x64\release\glmetaseq.obj
g:\プログラム教材アップデート作業\xr_framev2023_1126_vc2017_freeglutx64\vrframe2020_v1\x64\release\vc141.pdb
g:\プログラム教材アップデート作業\xr_framev2023_1126_vc2017_freeglutx64\x64\release\vrframe2020_v1.pdb
g:\プログラム教材アップデート作業\xr_framev2023_1126_vc2017_freeglutx64\x64\release\vrframe2020_v1.exe
g:\プログラム教材アップデート作業\xr_framev2023_1126_vc2017_freeglutx64\vrframe2020_v1\x64\release\vrframe2020_v1.tlog\cl.read.1.tlog
g:\プログラム教材アップデート作業\xr_framev2023_1126_vc2017_freeglutx64\vrframe2020_v1\x64\release\vrframe2020_v1.tlog\cl.write.1.tlog
g:\プログラム教材アップデート作業\xr_framev2023_1126_vc2017_freeglutx64\vrframe2020_v1\x64\release\vrframe2020_v1.tlog\cl.command.1.tlog
g:\プログラム教材アップデート作業\xr_framev2023_1126_vc2017_freeglutx64\vrframe2020_v1\x64\release\vrframe2020_v1.tlog\link.read.1.tlog
g:\プログラム教材アップデート作業\xr_framev2023_1126_vc2017_freeglutx64\vrframe2020_v1\x64\release\vrframe2020_v1.tlog\link.write.1.tlog
g:\プログラム教材アップデート作業\xr_framev2023_1126_vc2017_freeglutx64\vrframe2020_v1\x64\release\vrframe2020_v1.tlog\link.command.1.tlog
g:\プログラム教材アップデート作業\xr_framev2023_1126_vc2017_freeglutx64\vrframe2020_v1\x64\release\vrframe2020_v1.tlog\vrframe2020_v1.write.1u.tlog
