g:\プログラム教材アップデート作業\xr_framev2023_1126_vc2017_freeglutx64\mr_project\debug\mr_project.pch
g:\プログラム教材アップデート作業\xr_framev2023_1126_vc2017_freeglutx64\mr_project\debug\vc141.pdb
g:\プログラム教材アップデート作業\xr_framev2023_1126_vc2017_freeglutx64\mr_project\debug\vc141.idb
g:\プログラム教材アップデート作業\xr_framev2023_1126_vc2017_freeglutx64\mr_project\debug\stdafx.obj
g:\プログラム教材アップデート作業\xr_framev2023_1126_vc2017_freeglutx64\mr_project\debug\gyro.obj
g:\プログラム教材アップデート作業\xr_framev2023_1126_vc2017_freeglutx64\mr_project\debug\ezutil.obj
g:\プログラム教材アップデート作業\xr_framev2023_1126_vc2017_freeglutx64\mr_project\debug\ezmidi.obj
g:\プログラム教材アップデート作業\xr_framev2023_1126_vc2017_freeglutx64\mr_project\debug\image.obj
g:\プログラム教材アップデート作業\xr_framev2023_1126_vc2017_freeglutx64\mr_project\debug\ezwebcam.obj
g:\プログラム教材アップデート作業\xr_framev2023_1126_vc2017_freeglutx64\mr_project\debug\ezpng.obj
g:\プログラム教材アップデート作業\xr_framev2023_1126_vc2017_freeglutx64\mr_project\debug\ezjpeg.obj
g:\プログラム教材アップデート作業\xr_framev2023_1126_vc2017_freeglutx64\mr_project\debug\ezfont.obj
g:\プログラム教材アップデート作業\xr_framev2023_1126_vc2017_freeglutx64\mr_project\debug\draw.obj
g:\プログラム教材アップデート作業\xr_framev2023_1126_vc2017_freeglutx64\mr_project\debug\depth.obj
g:\プログラム教材アップデート作業\xr_framev2023_1126_vc2017_freeglutx64\mr_project\debug\com.obj
g:\プログラム教材アップデート作業\xr_framev2023_1126_vc2017_freeglutx64\mr_project\debug\calc.obj
g:\プログラム教材アップデート作業\xr_framev2023_1126_vc2017_freeglutx64\mr_project\debug\threedvector.obj
g:\プログラム教材アップデート作業\xr_framev2023_1126_vc2017_freeglutx64\mr_project\debug\pngimage.obj
g:\プログラム教材アップデート作業\xr_framev2023_1126_vc2017_freeglutx64\mr_project\debug\objloader_seq.obj
g:\プログラム教材アップデート作業\xr_framev2023_1126_vc2017_freeglutx64\mr_project\debug\objloader.obj
g:\プログラム教材アップデート作業\xr_framev2023_1126_vc2017_freeglutx64\mr_project\debug\objdetaildata.obj
g:\プログラム教材アップデート作業\xr_framev2023_1126_vc2017_freeglutx64\mr_project\debug\objdata.obj
g:\プログラム教材アップデート作業\xr_framev2023_1126_vc2017_freeglutx64\mr_project\debug\mtl.obj
g:\プログラム教材アップデート作業\xr_framev2023_1126_vc2017_freeglutx64\mr_project\debug\material.obj
g:\プログラム教材アップデート作業\xr_framev2023_1126_vc2017_freeglutx64\mr_project\debug\tcpfunc.obj
g:\プログラム教材アップデート作業\xr_framev2023_1126_vc2017_freeglutx64\mr_project\debug\sim.obj
g:\プログラム教材アップデート作業\xr_framev2023_1126_vc2017_freeglutx64\mr_project\debug\serialio.obj
g:\プログラム教材アップデート作業\xr_framev2023_1126_vc2017_freeglutx64\mr_project\debug\myshape.obj
g:\プログラム教材アップデート作業\xr_framev2023_1126_vc2017_freeglutx64\mr_project\debug\mymodel.obj
g:\プログラム教材アップデート作業\xr_framev2023_1126_vc2017_freeglutx64\mr_project\debug\light.obj
g:\プログラム教材アップデート作業\xr_framev2023_1126_vc2017_freeglutx64\mr_project\debug\isense.obj
g:\プログラム教材アップデート作業\xr_framev2023_1126_vc2017_freeglutx64\mr_project\debug\glmetaseq.obj
g:\プログラム教材アップデート作業\xr_framev2023_1126_vc2017_freeglutx64\mr_project\debug\mreal_main.obj
g:\プログラム教材アップデート作業\xr_framev2023_1126_vc2017_freeglutx64\mr_project\debug\mr_project.exe
g:\プログラム教材アップデート作業\xr_framev2023_1126_vc2017_freeglutx64\mr_project\debug\mr_project.pdb
g:\プログラム教材アップデート作業\xr_framev2023_1126_vc2017_freeglutx64\mr_project\debug\mr_project.lib
g:\プログラム教材アップデート作業\xr_framev2023_1126_vc2017_freeglutx64\mr_project\debug\mr_project.exp
g:\プログラム教材アップデート作業\xr_framev2023_1126_vc2017_freeglutx64\mr_project\debug\mr_project.tlog\cl.read.1.tlog
g:\プログラム教材アップデート作業\xr_framev2023_1126_vc2017_freeglutx64\mr_project\debug\mr_project.tlog\cl.write.1.tlog
g:\プログラム教材アップデート作業\xr_framev2023_1126_vc2017_freeglutx64\mr_project\debug\mr_project.tlog\cl.command.1.tlog
g:\プログラム教材アップデート作業\xr_framev2023_1126_vc2017_freeglutx64\mr_project\debug\mr_project.tlog\link.read.1.tlog
g:\プログラム教材アップデート作業\xr_framev2023_1126_vc2017_freeglutx64\mr_project\debug\mr_project.tlog\link.write.1.tlog
g:\プログラム教材アップデート作業\xr_framev2023_1126_vc2017_freeglutx64\mr_project\debug\mr_project.tlog\link.command.1.tlog
g:\プログラム教材アップデート作業\xr_framev2023_1126_vc2017_freeglutx64\mr_project\debug\mr_project.tlog\mr_project.write.1u.tlog
