g:\プログラム教材アップデート作業\xr_framev2023_1126_vc2017_freeglutx64\usersguidesample-5\release\stdafx.obj
g:\プログラム教材アップデート作業\xr_framev2023_1126_vc2017_freeglutx64\usersguidesample-5\release\gyro.obj
g:\プログラム教材アップデート作業\xr_framev2023_1126_vc2017_freeglutx64\usersguidesample-5\release\ezutil.obj
g:\プログラム教材アップデート作業\xr_framev2023_1126_vc2017_freeglutx64\usersguidesample-5\release\ezmidi.obj
g:\プログラム教材アップデート作業\xr_framev2023_1126_vc2017_freeglutx64\usersguidesample-5\release\image.obj
g:\プログラム教材アップデート作業\xr_framev2023_1126_vc2017_freeglutx64\usersguidesample-5\release\ezwebcam.obj
g:\プログラム教材アップデート作業\xr_framev2023_1126_vc2017_freeglutx64\usersguidesample-5\release\ezpng.obj
g:\プログラム教材アップデート作業\xr_framev2023_1126_vc2017_freeglutx64\usersguidesample-5\release\ezjpeg.obj
g:\プログラム教材アップデート作業\xr_framev2023_1126_vc2017_freeglutx64\usersguidesample-5\release\ezfont.obj
g:\プログラム教材アップデート作業\xr_framev2023_1126_vc2017_freeglutx64\usersguidesample-5\release\draw.obj
g:\プログラム教材アップデート作業\xr_framev2023_1126_vc2017_freeglutx64\usersguidesample-5\release\depth.obj
g:\プログラム教材アップデート作業\xr_framev2023_1126_vc2017_freeglutx64\usersguidesample-5\release\com.obj
g:\プログラム教材アップデート作業\xr_framev2023_1126_vc2017_freeglutx64\usersguidesample-5\release\calc.obj
g:\プログラム教材アップデート作業\xr_framev2023_1126_vc2017_freeglutx64\usersguidesample-5\release\threedvector.obj
g:\プログラム教材アップデート作業\xr_framev2023_1126_vc2017_freeglutx64\usersguidesample-5\release\pngimage.obj
g:\プログラム教材アップデート作業\xr_framev2023_1126_vc2017_freeglutx64\usersguidesample-5\release\objloader_seq.obj
g:\プログラム教材アップデート作業\xr_framev2023_1126_vc2017_freeglutx64\usersguidesample-5\release\objloader.obj
g:\プログラム教材アップデート作業\xr_framev2023_1126_vc2017_freeglutx64\usersguidesample-5\release\objdetaildata.obj
g:\プログラム教材アップデート作業\xr_framev2023_1126_vc2017_freeglutx64\usersguidesample-5\release\objdata.obj
g:\プログラム教材アップデート作業\xr_framev2023_1126_vc2017_freeglutx64\usersguidesample-5\release\mtl.obj
g:\プログラム教材アップデート作業\xr_framev2023_1126_vc2017_freeglutx64\usersguidesample-5\release\material.obj
g:\プログラム教材アップデート作業\xr_framev2023_1126_vc2017_freeglutx64\usersguidesample-5\release\tcpfunc.obj
g:\プログラム教材アップデート作業\xr_framev2023_1126_vc2017_freeglutx64\usersguidesample-5\release\sim.obj
g:\プログラム教材アップデート作業\xr_framev2023_1126_vc2017_freeglutx64\usersguidesample-5\release\serialio.obj
g:\プログラム教材アップデート作業\xr_framev2023_1126_vc2017_freeglutx64\usersguidesample-5\release\myshape.obj
g:\プログラム教材アップデート作業\xr_framev2023_1126_vc2017_freeglutx64\usersguidesample-5\release\mymodel.obj
g:\プログラム教材アップデート作業\xr_framev2023_1126_vc2017_freeglutx64\usersguidesample-5\release\light.obj
g:\プログラム教材アップデート作業\xr_framev2023_1126_vc2017_freeglutx64\usersguidesample-5\release\isense.obj
g:\プログラム教材アップデート作業\xr_framev2023_1126_vc2017_freeglutx64\usersguidesample-5\release\glmetaseq.obj
g:\プログラム教材アップデート作業\xr_framev2023_1126_vc2017_freeglutx64\usersguidesample-5\release\mreal_main.obj
g:\プログラム教材アップデート作業\xr_framev2023_1126_vc2017_freeglutx64\usersguidesample-5\release\usersguidesample-5.ipdb
g:\プログラム教材アップデート作業\xr_framev2023_1126_vc2017_freeglutx64\usersguidesample-5\release\usersguidesample-5.iobj
g:\プログラム教材アップデート作業\xr_framev2023_1126_vc2017_freeglutx64\usersguidesample-5\release\mreal_template.pch
g:\プログラム教材アップデート作業\xr_framev2023_1126_vc2017_freeglutx64\usersguidesample-5\release\mreal_template.exp
g:\プログラム教材アップデート作業\xr_framev2023_1126_vc2017_freeglutx64\usersguidesample-5\release\vc141.pdb
g:\プログラム教材アップデート作業\xr_framev2023_1126_vc2017_freeglutx64\usersguidesample-5\release\mreal_template.pdb
g:\プログラム教材アップデート作業\xr_framev2023_1126_vc2017_freeglutx64\usersguidesample-5\release\usersguidesample-5.exe
