  jaricom.c
  jcapimin.c
  jcapistd.c
  jcarith.c
  jccoefct.c
  jccolor.c
  jcdctmgr.c
  jchuff.c
  jcinit.c
  jcmainct.c
  jcmarker.c
  jcmaster.c
  jcomapi.c
  jcparam.c
  jcprepct.c
  jcsample.c
  jctrans.c
  jdapimin.c
  jdapistd.c
  jdarith.c
  コンパイル中...
  jdatadst.c
C:\Users\Ritsumeikan\Desktop\mreal\★XR_FrameV2024_0924_VC2017_S1+X1+MD20+libjpg\jpeg-9b\jdatadst.c(230,34): warning C4267: '=': 'size_t' から 'unsigned long' に変換しました。データが失われているかもしれません。
  jdatasrc.c
  jdcoefct.c
  jdcolor.c
  jddctmgr.c
  jdhuff.c
  jdinput.c
  jdmainct.c
  jdmarker.c
C:\Users\Ritsumeikan\Desktop\mreal\★XR_FrameV2024_0924_VC2017_S1+X1+MD20+libjpg\jpeg-9b\jdmarker.c(331,5): warning C4996: 'strncpy': This function or variable may be unsafe. Consider using strncpy_s instead. To disable deprecation, use _CRT_SECURE_NO_WARNINGS. See online help for details.
C:\Users\Ritsumeikan\Desktop\mreal\★XR_FrameV2024_0924_VC2017_S1+X1+MD20+libjpg\jpeg-9b\jdmarker.c(655,5): warning C4996: 'strncpy': This function or variable may be unsafe. Consider using strncpy_s instead. To disable deprecation, use _CRT_SECURE_NO_WARNINGS. See online help for details.
  jdmaster.c
  jdmerge.c
  jdpostct.c
  jdsample.c
  jdtrans.c
  jerror.c
C:\Users\Ritsumeikan\Desktop\mreal\★XR_FrameV2024_0924_VC2017_S1+X1+MD20+libjpg\jpeg-9b\jerror.c(194,5): warning C4996: 'sprintf': This function or variable may be unsafe. Consider using sprintf_s instead. To disable deprecation, use _CRT_SECURE_NO_WARNINGS. See online help for details.
C:\Users\Ritsumeikan\Desktop\mreal\★XR_FrameV2024_0924_VC2017_S1+X1+MD20+libjpg\jpeg-9b\jerror.c(196,5): warning C4996: 'sprintf': This function or variable may be unsafe. Consider using sprintf_s instead. To disable deprecation, use _CRT_SECURE_NO_WARNINGS. See online help for details.
  jfdctflt.c
  jfdctfst.c
  jfdctint.c
  jidctflt.c
  jidctfst.c
  コンパイル中...
  jidctint.c
  jmemmgr.c
C:\Users\Ritsumeikan\Desktop\mreal\★XR_FrameV2024_0924_VC2017_S1+X1+MD20+libjpg\jpeg-9b\jmemmgr.c(307,47): warning C4267: '+=': 'size_t' から 'long' に変換しました。データが失われているかもしれません。
C:\Users\Ritsumeikan\Desktop\mreal\★XR_FrameV2024_0924_VC2017_S1+X1+MD20+libjpg\jpeg-9b\jmemmgr.c(367,46): warning C4267: '+=': 'size_t' から 'long' に変換しました。データが失われているかもしれません。
C:\Users\Ritsumeikan\Desktop\mreal\★XR_FrameV2024_0924_VC2017_S1+X1+MD20+libjpg\jpeg-9b\jmemmgr.c(977,35): warning C4267: '-=': 'size_t' から 'long' に変換しました。データが失われているかもしれません。
C:\Users\Ritsumeikan\Desktop\mreal\★XR_FrameV2024_0924_VC2017_S1+X1+MD20+libjpg\jpeg-9b\jmemmgr.c(991,35): warning C4267: '-=': 'size_t' から 'long' に変換しました。データが失われているかもしれません。
C:\Users\Ritsumeikan\Desktop\mreal\★XR_FrameV2024_0924_VC2017_S1+X1+MD20+libjpg\jpeg-9b\jmemmgr.c(1107,19): warning C4996: 'getenv': This function or variable may be unsafe. Consider using _dupenv_s instead. To disable deprecation, use _CRT_SECURE_NO_WARNINGS. See online help for details.
C:\Users\Ritsumeikan\Desktop\mreal\★XR_FrameV2024_0924_VC2017_S1+X1+MD20+libjpg\jpeg-9b\jmemmgr.c(1110,11): warning C4996: 'sscanf': This function or variable may be unsafe. Consider using sscanf_s instead. To disable deprecation, use _CRT_SECURE_NO_WARNINGS. See online help for details.
  jmemnobs.c
  jquant1.c
  jquant2.c
  jutils.c
  libjpeg.vcxproj -> C:\Users\Ritsumeikan\Desktop\mreal\★XR_FrameV2024_0924_VC2017_S1+X1+MD20+libjpg\libjpeg\x64\Release\libjpeg.lib
