f:\s1\develop\mylibjpeg\mylibjpeg\libjpeg\x64\release\libjpeg.pdb
f:\s1\develop\mylibjpeg\mylibjpeg\libjpeg\libjpeg\x64\release\jdarith.obj
f:\s1\develop\mylibjpeg\mylibjpeg\libjpeg\libjpeg\x64\release\jdapistd.obj
f:\s1\develop\mylibjpeg\mylibjpeg\libjpeg\libjpeg\x64\release\jdapimin.obj
f:\s1\develop\mylibjpeg\mylibjpeg\libjpeg\libjpeg\x64\release\jctrans.obj
f:\s1\develop\mylibjpeg\mylibjpeg\libjpeg\libjpeg\x64\release\jcsample.obj
f:\s1\develop\mylibjpeg\mylibjpeg\libjpeg\libjpeg\x64\release\jcprepct.obj
f:\s1\develop\mylibjpeg\mylibjpeg\libjpeg\libjpeg\x64\release\jcparam.obj
f:\s1\develop\mylibjpeg\mylibjpeg\libjpeg\libjpeg\x64\release\jcomapi.obj
f:\s1\develop\mylibjpeg\mylibjpeg\libjpeg\libjpeg\x64\release\jcmaster.obj
f:\s1\develop\mylibjpeg\mylibjpeg\libjpeg\libjpeg\x64\release\jcmarker.obj
f:\s1\develop\mylibjpeg\mylibjpeg\libjpeg\libjpeg\x64\release\jcmainct.obj
f:\s1\develop\mylibjpeg\mylibjpeg\libjpeg\libjpeg\x64\release\jcinit.obj
f:\s1\develop\mylibjpeg\mylibjpeg\libjpeg\libjpeg\x64\release\jchuff.obj
f:\s1\develop\mylibjpeg\mylibjpeg\libjpeg\libjpeg\x64\release\jcdctmgr.obj
f:\s1\develop\mylibjpeg\mylibjpeg\libjpeg\libjpeg\x64\release\jccolor.obj
f:\s1\develop\mylibjpeg\mylibjpeg\libjpeg\libjpeg\x64\release\jccoefct.obj
f:\s1\develop\mylibjpeg\mylibjpeg\libjpeg\libjpeg\x64\release\jcarith.obj
f:\s1\develop\mylibjpeg\mylibjpeg\libjpeg\libjpeg\x64\release\jcapistd.obj
f:\s1\develop\mylibjpeg\mylibjpeg\libjpeg\libjpeg\x64\release\jcapimin.obj
f:\s1\develop\mylibjpeg\mylibjpeg\libjpeg\libjpeg\x64\release\jaricom.obj
f:\s1\develop\mylibjpeg\mylibjpeg\libjpeg\libjpeg\x64\release\jidctfst.obj
f:\s1\develop\mylibjpeg\mylibjpeg\libjpeg\libjpeg\x64\release\jidctflt.obj
f:\s1\develop\mylibjpeg\mylibjpeg\libjpeg\libjpeg\x64\release\jfdctint.obj
f:\s1\develop\mylibjpeg\mylibjpeg\libjpeg\libjpeg\x64\release\jfdctfst.obj
f:\s1\develop\mylibjpeg\mylibjpeg\libjpeg\libjpeg\x64\release\jfdctflt.obj
f:\s1\develop\mylibjpeg\mylibjpeg\libjpeg\libjpeg\x64\release\jerror.obj
f:\s1\develop\mylibjpeg\mylibjpeg\libjpeg\libjpeg\x64\release\jdtrans.obj
f:\s1\develop\mylibjpeg\mylibjpeg\libjpeg\libjpeg\x64\release\jdsample.obj
f:\s1\develop\mylibjpeg\mylibjpeg\libjpeg\libjpeg\x64\release\jdpostct.obj
f:\s1\develop\mylibjpeg\mylibjpeg\libjpeg\libjpeg\x64\release\jdmerge.obj
f:\s1\develop\mylibjpeg\mylibjpeg\libjpeg\libjpeg\x64\release\jdmaster.obj
f:\s1\develop\mylibjpeg\mylibjpeg\libjpeg\libjpeg\x64\release\jdmarker.obj
f:\s1\develop\mylibjpeg\mylibjpeg\libjpeg\libjpeg\x64\release\jdmainct.obj
f:\s1\develop\mylibjpeg\mylibjpeg\libjpeg\libjpeg\x64\release\jdinput.obj
f:\s1\develop\mylibjpeg\mylibjpeg\libjpeg\libjpeg\x64\release\jdhuff.obj
f:\s1\develop\mylibjpeg\mylibjpeg\libjpeg\libjpeg\x64\release\jddctmgr.obj
f:\s1\develop\mylibjpeg\mylibjpeg\libjpeg\libjpeg\x64\release\jdcolor.obj
f:\s1\develop\mylibjpeg\mylibjpeg\libjpeg\libjpeg\x64\release\jdcoefct.obj
f:\s1\develop\mylibjpeg\mylibjpeg\libjpeg\libjpeg\x64\release\jdatasrc.obj
f:\s1\develop\mylibjpeg\mylibjpeg\libjpeg\libjpeg\x64\release\jdatadst.obj
f:\s1\develop\mylibjpeg\mylibjpeg\libjpeg\libjpeg\x64\release\jutils.obj
f:\s1\develop\mylibjpeg\mylibjpeg\libjpeg\libjpeg\x64\release\jquant2.obj
f:\s1\develop\mylibjpeg\mylibjpeg\libjpeg\libjpeg\x64\release\jquant1.obj
f:\s1\develop\mylibjpeg\mylibjpeg\libjpeg\libjpeg\x64\release\jmemnobs.obj
f:\s1\develop\mylibjpeg\mylibjpeg\libjpeg\libjpeg\x64\release\jmemmgr.obj
f:\s1\develop\mylibjpeg\mylibjpeg\libjpeg\libjpeg\x64\release\jidctint.obj
f:\s1\develop\mylibjpeg\mylibjpeg\libjpeg\x64\release\libjpeg.lib
c:\users\ritsumeikan\desktop\mreal\★xr_framev2024_0924_vc2017_s1+x1+md20+libjpg\libjpeg\libjpeg\x64\release\libjpeg.tlog\cl.command.1.tlog
c:\users\ritsumeikan\desktop\mreal\★xr_framev2024_0924_vc2017_s1+x1+md20+libjpg\libjpeg\libjpeg\x64\release\libjpeg.tlog\cl.items.tlog
c:\users\ritsumeikan\desktop\mreal\★xr_framev2024_0924_vc2017_s1+x1+md20+libjpg\libjpeg\libjpeg\x64\release\libjpeg.tlog\cl.read.1.tlog
c:\users\ritsumeikan\desktop\mreal\★xr_framev2024_0924_vc2017_s1+x1+md20+libjpg\libjpeg\libjpeg\x64\release\libjpeg.tlog\cl.write.1.tlog
c:\users\ritsumeikan\desktop\mreal\★xr_framev2024_0924_vc2017_s1+x1+md20+libjpg\libjpeg\libjpeg\x64\release\libjpeg.tlog\lib-link.read.1.tlog
c:\users\ritsumeikan\desktop\mreal\★xr_framev2024_0924_vc2017_s1+x1+md20+libjpg\libjpeg\libjpeg\x64\release\libjpeg.tlog\lib-link.write.1.tlog
c:\users\ritsumeikan\desktop\mreal\★xr_framev2024_0924_vc2017_s1+x1+md20+libjpg\libjpeg\libjpeg\x64\release\libjpeg.tlog\lib.command.1.tlog
