d:\projects\★xr_framev2025_0725\★xr_framev2025_1119\vr_project\x64\debug\vc143.pdb
d:\projects\★xr_framev2025_0725\★xr_framev2025_1119\vr_project\x64\debug\vc143.idb
d:\projects\★xr_framev2025_0725\★xr_framev2025_1119\vr_project\x64\debug\image.obj
d:\projects\★xr_framev2025_0725\★xr_framev2025_1119\vr_project\x64\debug\ezwebcam.obj
d:\projects\★xr_framev2025_0725\★xr_framev2025_1119\vr_project\x64\debug\ezpng.obj
d:\projects\★xr_framev2025_0725\★xr_framev2025_1119\vr_project\x64\debug\ezjpeg.obj
d:\projects\★xr_framev2025_0725\★xr_framev2025_1119\vr_project\x64\debug\mpu6050.obj
d:\projects\★xr_framev2025_0725\★xr_framev2025_1119\vr_project\x64\debug\jy901.obj
d:\projects\★xr_framev2025_0725\★xr_framev2025_1119\vr_project\x64\debug\ezgyro.obj
d:\projects\★xr_framev2025_0725\★xr_framev2025_1119\vr_project\x64\debug\com.obj
d:\projects\★xr_framev2025_0725\★xr_framev2025_1119\vr_project\x64\debug\ezfont.obj
d:\projects\★xr_framev2025_0725\★xr_framev2025_1119\vr_project\x64\debug\draw.obj
d:\projects\★xr_framev2025_0725\★xr_framev2025_1119\vr_project\x64\debug\depth.obj
d:\projects\★xr_framev2025_0725\★xr_framev2025_1119\vr_project\x64\debug\calc.obj
d:\projects\★xr_framev2025_0725\★xr_framev2025_1119\vr_project\x64\debug\threedvector.obj
d:\projects\★xr_framev2025_0725\★xr_framev2025_1119\vr_project\x64\debug\pngimage.obj
d:\projects\★xr_framev2025_0725\★xr_framev2025_1119\vr_project\x64\debug\objloader_seq.obj
d:\projects\★xr_framev2025_0725\★xr_framev2025_1119\vr_project\x64\debug\objloader.obj
d:\projects\★xr_framev2025_0725\★xr_framev2025_1119\vr_project\x64\debug\objdetaildata.obj
d:\projects\★xr_framev2025_0725\★xr_framev2025_1119\vr_project\x64\debug\objdata.obj
d:\projects\★xr_framev2025_0725\★xr_framev2025_1119\vr_project\x64\debug\mtl.obj
d:\projects\★xr_framev2025_0725\★xr_framev2025_1119\vr_project\x64\debug\material.obj
d:\projects\★xr_framev2025_0725\★xr_framev2025_1119\vr_project\x64\debug\keyboard.obj
d:\projects\★xr_framev2025_0725\★xr_framev2025_1119\vr_project\x64\debug\hmd.obj
d:\projects\★xr_framev2025_0725\★xr_framev2025_1119\vr_project\x64\debug\eztrack.obj
d:\projects\★xr_framev2025_0725\★xr_framev2025_1119\vr_project\x64\debug\warptex.obj
d:\projects\★xr_framev2025_0725\★xr_framev2025_1119\vr_project\x64\debug\eztrack_vicon.obj
d:\projects\★xr_framev2025_0725\★xr_framev2025_1119\vr_project\x64\debug\cylindrical.obj
d:\projects\★xr_framev2025_0725\★xr_framev2025_1119\vr_project\x64\debug\vector.obj
d:\projects\★xr_framev2025_0725\★xr_framev2025_1119\vr_project\x64\debug\tcpfunc.obj
d:\projects\★xr_framev2025_0725\★xr_framev2025_1119\vr_project\x64\debug\sim.obj
d:\projects\★xr_framev2025_0725\★xr_framev2025_1119\vr_project\x64\debug\shapes.obj
d:\projects\★xr_framev2025_0725\★xr_framev2025_1119\vr_project\x64\debug\serialio.obj
d:\projects\★xr_framev2025_0725\★xr_framev2025_1119\vr_project\x64\debug\perlinnoise.obj
d:\projects\★xr_framev2025_0725\★xr_framev2025_1119\vr_project\x64\debug\myshape.obj
d:\projects\★xr_framev2025_0725\★xr_framev2025_1119\vr_project\x64\debug\mymodel.obj
d:\projects\★xr_framev2025_0725\★xr_framev2025_1119\vr_project\x64\debug\matrix.obj
d:\projects\★xr_framev2025_0725\★xr_framev2025_1119\vr_project\x64\debug\light.obj
d:\projects\★xr_framev2025_0725\★xr_framev2025_1119\vr_project\x64\debug\gyro.obj
d:\projects\★xr_framev2025_0725\★xr_framev2025_1119\vr_project\x64\debug\ezzigsim.obj
d:\projects\★xr_framev2025_0725\★xr_framev2025_1119\vr_project\x64\debug\ezutil.obj
d:\projects\★xr_framev2025_0725\★xr_framev2025_1119\vr_project\x64\debug\ezmidi.obj
d:\projects\★xr_framev2025_0725\★xr_framev2025_1119\vr_project\x64\debug\stereo.obj
d:\projects\★xr_framev2025_0725\★xr_framev2025_1119\vr_project\x64\debug\projview.obj
d:\projects\★xr_framev2025_0725\★xr_framev2025_1119\vr_project\x64\debug\mouse.obj
d:\projects\★xr_framev2025_0725\★xr_framev2025_1119\vr_project\x64\debug\main.obj
d:\projects\★xr_framev2025_0725\★xr_framev2025_1119\vr_project\x64\debug\isense.obj
d:\projects\★xr_framev2025_0725\★xr_framev2025_1119\vr_project\x64\debug\glmetaseq.obj
d:\projects\★xr_framev2025_0725\★xr_framev2025_1119\x64\debug\vr_project_64.exe
d:\projects\★xr_framev2025_0725\★xr_framev2025_1119\x64\debug\vr_project_64.pdb
d:\projects\★xr_framev2025_0725\★xr_framev2025_1119\x64\debug\vr_project_64.lib
d:\projects\★xr_framev2025_0725\★xr_framev2025_1119\x64\debug\vr_project_64.exp
d:\projects\★xr_framev2025_0725\★xr_framev2025_1119\vr_project\x64\debug\vr_project.tlog\cl.command.1.tlog
d:\projects\★xr_framev2025_0725\★xr_framev2025_1119\vr_project\x64\debug\vr_project.tlog\cl.items.tlog
d:\projects\★xr_framev2025_0725\★xr_framev2025_1119\vr_project\x64\debug\vr_project.tlog\cl.read.1.tlog
d:\projects\★xr_framev2025_0725\★xr_framev2025_1119\vr_project\x64\debug\vr_project.tlog\cl.write.1.tlog
d:\projects\★xr_framev2025_0725\★xr_framev2025_1119\vr_project\x64\debug\vr_project.tlog\link.command.1.tlog
d:\projects\★xr_framev2025_0725\★xr_framev2025_1119\vr_project\x64\debug\vr_project.tlog\link.read.1.tlog
d:\projects\★xr_framev2025_0725\★xr_framev2025_1119\vr_project\x64\debug\vr_project.tlog\link.secondary.1.tlog
d:\projects\★xr_framev2025_0725\★xr_framev2025_1119\vr_project\x64\debug\vr_project.tlog\link.write.1.tlog
