g:\プログラム教材アップデート作業\xr_framev2023_1126_vc2017_freeglutx64\mr_project\x64\debug\mr_project_x64.pch
g:\プログラム教材アップデート作業\xr_framev2023_1126_vc2017_freeglutx64\mr_project\x64\debug\vc141.pdb
g:\プログラム教材アップデート作業\xr_framev2023_1126_vc2017_freeglutx64\mr_project\x64\debug\vc141.idb
g:\プログラム教材アップデート作業\xr_framev2023_1126_vc2017_freeglutx64\mr_project\x64\debug\stdafx.obj
g:\プログラム教材アップデート作業\xr_framev2023_1126_vc2017_freeglutx64\mr_project\x64\debug\gyro.obj
g:\プログラム教材アップデート作業\xr_framev2023_1126_vc2017_freeglutx64\mr_project\x64\debug\ezutil.obj
g:\プログラム教材アップデート作業\xr_framev2023_1126_vc2017_freeglutx64\mr_project\x64\debug\ezmidi.obj
g:\プログラム教材アップデート作業\xr_framev2023_1126_vc2017_freeglutx64\mr_project\x64\debug\image.obj
g:\プログラム教材アップデート作業\xr_framev2023_1126_vc2017_freeglutx64\mr_project\x64\debug\ezwebcam.obj
g:\プログラム教材アップデート作業\xr_framev2023_1126_vc2017_freeglutx64\mr_project\x64\debug\ezpng.obj
g:\プログラム教材アップデート作業\xr_framev2023_1126_vc2017_freeglutx64\mr_project\x64\debug\ezjpeg.obj
g:\プログラム教材アップデート作業\xr_framev2023_1126_vc2017_freeglutx64\mr_project\x64\debug\ezfont.obj
g:\プログラム教材アップデート作業\xr_framev2023_1126_vc2017_freeglutx64\mr_project\x64\debug\draw.obj
g:\プログラム教材アップデート作業\xr_framev2023_1126_vc2017_freeglutx64\mr_project\x64\debug\depth.obj
g:\プログラム教材アップデート作業\xr_framev2023_1126_vc2017_freeglutx64\mr_project\x64\debug\com.obj
g:\プログラム教材アップデート作業\xr_framev2023_1126_vc2017_freeglutx64\mr_project\x64\debug\calc.obj
g:\プログラム教材アップデート作業\xr_framev2023_1126_vc2017_freeglutx64\mr_project\x64\debug\threedvector.obj
g:\プログラム教材アップデート作業\xr_framev2023_1126_vc2017_freeglutx64\mr_project\x64\debug\pngimage.obj
g:\プログラム教材アップデート作業\xr_framev2023_1126_vc2017_freeglutx64\mr_project\x64\debug\objloader_seq.obj
g:\プログラム教材アップデート作業\xr_framev2023_1126_vc2017_freeglutx64\mr_project\x64\debug\objloader.obj
g:\プログラム教材アップデート作業\xr_framev2023_1126_vc2017_freeglutx64\mr_project\x64\debug\objdetaildata.obj
g:\プログラム教材アップデート作業\xr_framev2023_1126_vc2017_freeglutx64\mr_project\x64\debug\objdata.obj
g:\プログラム教材アップデート作業\xr_framev2023_1126_vc2017_freeglutx64\mr_project\x64\debug\mtl.obj
g:\プログラム教材アップデート作業\xr_framev2023_1126_vc2017_freeglutx64\mr_project\x64\debug\material.obj
g:\プログラム教材アップデート作業\xr_framev2023_1126_vc2017_freeglutx64\mr_project\x64\debug\tcpfunc.obj
g:\プログラム教材アップデート作業\xr_framev2023_1126_vc2017_freeglutx64\mr_project\x64\debug\sim.obj
g:\プログラム教材アップデート作業\xr_framev2023_1126_vc2017_freeglutx64\mr_project\x64\debug\serialio.obj
g:\プログラム教材アップデート作業\xr_framev2023_1126_vc2017_freeglutx64\mr_project\x64\debug\myshape.obj
g:\プログラム教材アップデート作業\xr_framev2023_1126_vc2017_freeglutx64\mr_project\x64\debug\mymodel.obj
g:\プログラム教材アップデート作業\xr_framev2023_1126_vc2017_freeglutx64\mr_project\x64\debug\light.obj
g:\プログラム教材アップデート作業\xr_framev2023_1126_vc2017_freeglutx64\mr_project\x64\debug\isense.obj
g:\プログラム教材アップデート作業\xr_framev2023_1126_vc2017_freeglutx64\mr_project\x64\debug\glmetaseq.obj
g:\プログラム教材アップデート作業\xr_framev2023_1126_vc2017_freeglutx64\mr_project\x64\debug\mreal_main.obj
c:\users\vruser\desktop\プログラム教材アップデート作業\xr_framev2023_1126_vc2017_s1\mr_project\x64\debug\mr_project_x64.pch
c:\users\vruser\desktop\プログラム教材アップデート作業\xr_framev2023_1126_vc2017_s1\mr_project\x64\debug\vc141.pdb
c:\users\vruser\desktop\プログラム教材アップデート作業\xr_framev2023_1126_vc2017_s1\mr_project\x64\debug\vc141.idb
c:\users\vruser\desktop\プログラム教材アップデート作業\xr_framev2023_1126_vc2017_s1\mr_project\x64\debug\stdafx.obj
c:\users\vruser\desktop\プログラム教材アップデート作業\xr_framev2023_1126_vc2017_s1\mr_project\x64\debug\gyro.obj
c:\users\vruser\desktop\プログラム教材アップデート作業\xr_framev2023_1126_vc2017_s1\mr_project\x64\debug\ezutil.obj
c:\users\vruser\desktop\プログラム教材アップデート作業\xr_framev2023_1126_vc2017_s1\mr_project\x64\debug\ezmidi.obj
c:\users\vruser\desktop\プログラム教材アップデート作業\xr_framev2023_1126_vc2017_s1\mr_project\x64\debug\image.obj
c:\users\vruser\desktop\プログラム教材アップデート作業\xr_framev2023_1126_vc2017_s1\mr_project\x64\debug\ezwebcam.obj
c:\users\vruser\desktop\プログラム教材アップデート作業\xr_framev2023_1126_vc2017_s1\mr_project\x64\debug\ezpng.obj
c:\users\vruser\desktop\プログラム教材アップデート作業\xr_framev2023_1126_vc2017_s1\mr_project\x64\debug\ezjpeg.obj
c:\users\vruser\desktop\プログラム教材アップデート作業\xr_framev2023_1126_vc2017_s1\mr_project\x64\debug\ezfont.obj
c:\users\vruser\desktop\プログラム教材アップデート作業\xr_framev2023_1126_vc2017_s1\mr_project\x64\debug\draw.obj
c:\users\vruser\desktop\プログラム教材アップデート作業\xr_framev2023_1126_vc2017_s1\mr_project\x64\debug\depth.obj
c:\users\vruser\desktop\プログラム教材アップデート作業\xr_framev2023_1126_vc2017_s1\mr_project\x64\debug\com.obj
c:\users\vruser\desktop\プログラム教材アップデート作業\xr_framev2023_1126_vc2017_s1\mr_project\x64\debug\calc.obj
c:\users\vruser\desktop\プログラム教材アップデート作業\xr_framev2023_1126_vc2017_s1\mr_project\x64\debug\threedvector.obj
c:\users\vruser\desktop\プログラム教材アップデート作業\xr_framev2023_1126_vc2017_s1\mr_project\x64\debug\pngimage.obj
c:\users\vruser\desktop\プログラム教材アップデート作業\xr_framev2023_1126_vc2017_s1\mr_project\x64\debug\objloader_seq.obj
c:\users\vruser\desktop\プログラム教材アップデート作業\xr_framev2023_1126_vc2017_s1\mr_project\x64\debug\objloader.obj
c:\users\vruser\desktop\プログラム教材アップデート作業\xr_framev2023_1126_vc2017_s1\mr_project\x64\debug\objdetaildata.obj
c:\users\vruser\desktop\プログラム教材アップデート作業\xr_framev2023_1126_vc2017_s1\mr_project\x64\debug\objdata.obj
c:\users\vruser\desktop\プログラム教材アップデート作業\xr_framev2023_1126_vc2017_s1\mr_project\x64\debug\mtl.obj
c:\users\vruser\desktop\プログラム教材アップデート作業\xr_framev2023_1126_vc2017_s1\mr_project\x64\debug\material.obj
c:\users\vruser\desktop\プログラム教材アップデート作業\xr_framev2023_1126_vc2017_s1\mr_project\x64\debug\tcpfunc.obj
c:\users\vruser\desktop\プログラム教材アップデート作業\xr_framev2023_1126_vc2017_s1\mr_project\x64\debug\sim.obj
c:\users\vruser\desktop\プログラム教材アップデート作業\xr_framev2023_1126_vc2017_s1\mr_project\x64\debug\serialio.obj
c:\users\vruser\desktop\プログラム教材アップデート作業\xr_framev2023_1126_vc2017_s1\mr_project\x64\debug\myshape.obj
c:\users\vruser\desktop\プログラム教材アップデート作業\xr_framev2023_1126_vc2017_s1\mr_project\x64\debug\mymodel.obj
c:\users\vruser\desktop\プログラム教材アップデート作業\xr_framev2023_1126_vc2017_s1\mr_project\x64\debug\light.obj
c:\users\vruser\desktop\プログラム教材アップデート作業\xr_framev2023_1126_vc2017_s1\mr_project\x64\debug\isense.obj
c:\users\vruser\desktop\プログラム教材アップデート作業\xr_framev2023_1126_vc2017_s1\mr_project\x64\debug\glmetaseq.obj
c:\users\vruser\desktop\プログラム教材アップデート作業\xr_framev2023_1126_vc2017_s1\mr_project\x64\debug\mreal_main.obj
g:\プログラム教材アップデート作業\xr_framev2023_1126_vc2017_freeglutx64\x64\debug\mr_project_x64.exe
g:\プログラム教材アップデート作業\xr_framev2023_1126_vc2017_freeglutx64\x64\debug\mr_project_x64.pdb
c:\users\vruser\desktop\プログラム教材アップデート作業\xr_framev2023_1126_vc2017_s1\x64\debug\mr_project_x64.exe
c:\users\vruser\desktop\プログラム教材アップデート作業\xr_framev2023_1126_vc2017_s1\x64\debug\mr_project_x64.pdb
g:\プログラム教材アップデート作業\xr_framev2023_1126_vc2017_freeglutx64\x64\debug\mr_project_x64.lib
g:\プログラム教材アップデート作業\xr_framev2023_1126_vc2017_freeglutx64\x64\debug\mr_project_x64.exp
c:\users\vruser\desktop\プログラム教材アップデート作業\xr_framev2023_1126_vc2017_s1\x64\debug\mr_project_x64.lib
c:\users\vruser\desktop\プログラム教材アップデート作業\xr_framev2023_1126_vc2017_s1\x64\debug\mr_project_x64.exp
d:\s1\mr s1対応作業\プログラム教材アップデート作業\★xr_framev2024_0708_vc2017_s1_v1基本プログラム対応版\mr_project\x64\debug\calc.obj
d:\s1\mr s1対応作業\プログラム教材アップデート作業\★xr_framev2024_0708_vc2017_s1_v1基本プログラム対応版\mr_project\x64\debug\com.obj
d:\s1\mr s1対応作業\プログラム教材アップデート作業\★xr_framev2024_0708_vc2017_s1_v1基本プログラム対応版\mr_project\x64\debug\depth.obj
d:\s1\mr s1対応作業\プログラム教材アップデート作業\★xr_framev2024_0708_vc2017_s1_v1基本プログラム対応版\mr_project\x64\debug\draw.obj
d:\s1\mr s1対応作業\プログラム教材アップデート作業\★xr_framev2024_0708_vc2017_s1_v1基本プログラム対応版\mr_project\x64\debug\ezfont.obj
d:\s1\mr s1対応作業\プログラム教材アップデート作業\★xr_framev2024_0708_vc2017_s1_v1基本プログラム対応版\mr_project\x64\debug\ezjpeg.obj
d:\s1\mr s1対応作業\プログラム教材アップデート作業\★xr_framev2024_0708_vc2017_s1_v1基本プログラム対応版\mr_project\x64\debug\ezmidi.obj
d:\s1\mr s1対応作業\プログラム教材アップデート作業\★xr_framev2024_0708_vc2017_s1_v1基本プログラム対応版\mr_project\x64\debug\ezpng.obj
d:\s1\mr s1対応作業\プログラム教材アップデート作業\★xr_framev2024_0708_vc2017_s1_v1基本プログラム対応版\mr_project\x64\debug\ezutil.obj
d:\s1\mr s1対応作業\プログラム教材アップデート作業\★xr_framev2024_0708_vc2017_s1_v1基本プログラム対応版\mr_project\x64\debug\ezwebcam.obj
d:\s1\mr s1対応作業\プログラム教材アップデート作業\★xr_framev2024_0708_vc2017_s1_v1基本プログラム対応版\mr_project\x64\debug\glmetaseq.obj
d:\s1\mr s1対応作業\プログラム教材アップデート作業\★xr_framev2024_0708_vc2017_s1_v1基本プログラム対応版\mr_project\x64\debug\gyro.obj
d:\s1\mr s1対応作業\プログラム教材アップデート作業\★xr_framev2024_0708_vc2017_s1_v1基本プログラム対応版\mr_project\x64\debug\image.obj
d:\s1\mr s1対応作業\プログラム教材アップデート作業\★xr_framev2024_0708_vc2017_s1_v1基本プログラム対応版\mr_project\x64\debug\isense.obj
d:\s1\mr s1対応作業\プログラム教材アップデート作業\★xr_framev2024_0708_vc2017_s1_v1基本プログラム対応版\mr_project\x64\debug\light.obj
d:\s1\mr s1対応作業\プログラム教材アップデート作業\★xr_framev2024_0708_vc2017_s1_v1基本プログラム対応版\mr_project\x64\debug\material.obj
d:\s1\mr s1対応作業\プログラム教材アップデート作業\★xr_framev2024_0708_vc2017_s1_v1基本プログラム対応版\mr_project\x64\debug\mreal_main.obj
d:\s1\mr s1対応作業\プログラム教材アップデート作業\★xr_framev2024_0708_vc2017_s1_v1基本プログラム対応版\mr_project\x64\debug\mtl.obj
d:\s1\mr s1対応作業\プログラム教材アップデート作業\★xr_framev2024_0708_vc2017_s1_v1基本プログラム対応版\mr_project\x64\debug\mymodel.obj
d:\s1\mr s1対応作業\プログラム教材アップデート作業\★xr_framev2024_0708_vc2017_s1_v1基本プログラム対応版\mr_project\x64\debug\myshape.obj
d:\s1\mr s1対応作業\プログラム教材アップデート作業\★xr_framev2024_0708_vc2017_s1_v1基本プログラム対応版\mr_project\x64\debug\objdata.obj
d:\s1\mr s1対応作業\プログラム教材アップデート作業\★xr_framev2024_0708_vc2017_s1_v1基本プログラム対応版\mr_project\x64\debug\objdetaildata.obj
d:\s1\mr s1対応作業\プログラム教材アップデート作業\★xr_framev2024_0708_vc2017_s1_v1基本プログラム対応版\mr_project\x64\debug\objloader.obj
d:\s1\mr s1対応作業\プログラム教材アップデート作業\★xr_framev2024_0708_vc2017_s1_v1基本プログラム対応版\mr_project\x64\debug\objloader_seq.obj
d:\s1\mr s1対応作業\プログラム教材アップデート作業\★xr_framev2024_0708_vc2017_s1_v1基本プログラム対応版\mr_project\x64\debug\pngimage.obj
d:\s1\mr s1対応作業\プログラム教材アップデート作業\★xr_framev2024_0708_vc2017_s1_v1基本プログラム対応版\mr_project\x64\debug\serialio.obj
d:\s1\mr s1対応作業\プログラム教材アップデート作業\★xr_framev2024_0708_vc2017_s1_v1基本プログラム対応版\mr_project\x64\debug\sim.obj
d:\s1\mr s1対応作業\プログラム教材アップデート作業\★xr_framev2024_0708_vc2017_s1_v1基本プログラム対応版\mr_project\x64\debug\stdafx.obj
d:\s1\mr s1対応作業\プログラム教材アップデート作業\★xr_framev2024_0708_vc2017_s1_v1基本プログラム対応版\mr_project\x64\debug\tcpfunc.obj
d:\s1\mr s1対応作業\プログラム教材アップデート作業\★xr_framev2024_0708_vc2017_s1_v1基本プログラム対応版\mr_project\x64\debug\threedvector.obj
d:\s1\mr s1対応作業\プログラム教材アップデート作業\★xr_framev2024_0708_vc2017_s1_v1基本プログラム対応版\mr_project\x64\debug\mr_project_x64.pch
d:\s1\mr s1対応作業\プログラム教材アップデート作業\★xr_framev2024_0708_vc2017_s1_v1基本プログラム対応版\mr_project\x64\debug\vc141.idb
d:\s1\mr s1対応作業\プログラム教材アップデート作業\★xr_framev2024_0708_vc2017_s1_v1基本プログラム対応版\mr_project\x64\debug\vc141.pdb
d:\s1\mr s1対応作業\プログラム教材アップデート作業\★xr_framev2024_0708_vc2017_s1_v1基本プログラム対応版\x64\debug\mr_project_x64.pdb
d:\s1\mr s1対応作業\プログラム教材アップデート作業\★xr_framev2024_0708_vc2017_s1_v1基本プログラム対応版\x64\debug\mr_project_x64.exe
d:\s1\mr s1対応作業\プログラム教材アップデート作業\★xr_framev2024_0708_vc2017_s1_v1基本プログラム対応版\mr_project\x64\debug\mr_project.tlog\cl.command.1.tlog
d:\s1\mr s1対応作業\プログラム教材アップデート作業\★xr_framev2024_0708_vc2017_s1_v1基本プログラム対応版\mr_project\x64\debug\mr_project.tlog\cl.read.1.tlog
d:\s1\mr s1対応作業\プログラム教材アップデート作業\★xr_framev2024_0708_vc2017_s1_v1基本プログラム対応版\mr_project\x64\debug\mr_project.tlog\cl.write.1.tlog
d:\s1\mr s1対応作業\プログラム教材アップデート作業\★xr_framev2024_0708_vc2017_s1_v1基本プログラム対応版\mr_project\x64\debug\mr_project.tlog\link.10524.delete.1.tlog
d:\s1\mr s1対応作業\プログラム教材アップデート作業\★xr_framev2024_0708_vc2017_s1_v1基本プログラム対応版\mr_project\x64\debug\mr_project.tlog\link.command.1.tlog
d:\s1\mr s1対応作業\プログラム教材アップデート作業\★xr_framev2024_0708_vc2017_s1_v1基本プログラム対応版\mr_project\x64\debug\mr_project.tlog\link.read.1.tlog
d:\s1\mr s1対応作業\プログラム教材アップデート作業\★xr_framev2024_0708_vc2017_s1_v1基本プログラム対応版\mr_project\x64\debug\mr_project.tlog\link.write.1.tlog
d:\s1\mr s1対応作業\プログラム教材アップデート作業\★xr_framev2024_0708_vc2017_s1_v1基本プログラム対応版\mr_project\x64\debug\mr_project.tlog\mr_project.write.1u.tlog
