f:\s1\mr s1対応作業\プログラム教材アップデート作業\xr_framev2024_0604_vc2017_s1_v1基本プログラム対応版\mr_project_s1\x64\release\mr_project_s1_x64.pch
f:\s1\mr s1対応作業\プログラム教材アップデート作業\xr_framev2024_0604_vc2017_s1_v1基本プログラム対応版\mr_project_s1\x64\release\vc141.pdb
f:\s1\mr s1対応作業\プログラム教材アップデート作業\xr_framev2024_0604_vc2017_s1_v1基本プログラム対応版\mr_project_s1\x64\release\stdafx.obj
f:\s1\mr s1対応作業\プログラム教材アップデート作業\xr_framev2024_0604_vc2017_s1_v1基本プログラム対応版\mr_project_s1\x64\release\gyro.obj
f:\s1\mr s1対応作業\プログラム教材アップデート作業\xr_framev2024_0604_vc2017_s1_v1基本プログラム対応版\mr_project_s1\x64\release\ezutil.obj
f:\s1\mr s1対応作業\プログラム教材アップデート作業\xr_framev2024_0604_vc2017_s1_v1基本プログラム対応版\mr_project_s1\x64\release\ezmidi.obj
f:\s1\mr s1対応作業\プログラム教材アップデート作業\xr_framev2024_0604_vc2017_s1_v1基本プログラム対応版\mr_project_s1\x64\release\image.obj
f:\s1\mr s1対応作業\プログラム教材アップデート作業\xr_framev2024_0604_vc2017_s1_v1基本プログラム対応版\mr_project_s1\x64\release\ezwebcam.obj
f:\s1\mr s1対応作業\プログラム教材アップデート作業\xr_framev2024_0604_vc2017_s1_v1基本プログラム対応版\mr_project_s1\x64\release\ezpng.obj
f:\s1\mr s1対応作業\プログラム教材アップデート作業\xr_framev2024_0604_vc2017_s1_v1基本プログラム対応版\mr_project_s1\x64\release\ezjpeg.obj
f:\s1\mr s1対応作業\プログラム教材アップデート作業\xr_framev2024_0604_vc2017_s1_v1基本プログラム対応版\mr_project_s1\x64\release\ezfont.obj
f:\s1\mr s1対応作業\プログラム教材アップデート作業\xr_framev2024_0604_vc2017_s1_v1基本プログラム対応版\mr_project_s1\x64\release\draw.obj
f:\s1\mr s1対応作業\プログラム教材アップデート作業\xr_framev2024_0604_vc2017_s1_v1基本プログラム対応版\mr_project_s1\x64\release\depth.obj
f:\s1\mr s1対応作業\プログラム教材アップデート作業\xr_framev2024_0604_vc2017_s1_v1基本プログラム対応版\mr_project_s1\x64\release\com.obj
f:\s1\mr s1対応作業\プログラム教材アップデート作業\xr_framev2024_0604_vc2017_s1_v1基本プログラム対応版\mr_project_s1\x64\release\calc.obj
f:\s1\mr s1対応作業\プログラム教材アップデート作業\xr_framev2024_0604_vc2017_s1_v1基本プログラム対応版\mr_project_s1\x64\release\threedvector.obj
f:\s1\mr s1対応作業\プログラム教材アップデート作業\xr_framev2024_0604_vc2017_s1_v1基本プログラム対応版\mr_project_s1\x64\release\pngimage.obj
f:\s1\mr s1対応作業\プログラム教材アップデート作業\xr_framev2024_0604_vc2017_s1_v1基本プログラム対応版\mr_project_s1\x64\release\objloader_seq.obj
f:\s1\mr s1対応作業\プログラム教材アップデート作業\xr_framev2024_0604_vc2017_s1_v1基本プログラム対応版\mr_project_s1\x64\release\objloader.obj
f:\s1\mr s1対応作業\プログラム教材アップデート作業\xr_framev2024_0604_vc2017_s1_v1基本プログラム対応版\mr_project_s1\x64\release\objdetaildata.obj
f:\s1\mr s1対応作業\プログラム教材アップデート作業\xr_framev2024_0604_vc2017_s1_v1基本プログラム対応版\mr_project_s1\x64\release\objdata.obj
f:\s1\mr s1対応作業\プログラム教材アップデート作業\xr_framev2024_0604_vc2017_s1_v1基本プログラム対応版\mr_project_s1\x64\release\mtl.obj
f:\s1\mr s1対応作業\プログラム教材アップデート作業\xr_framev2024_0604_vc2017_s1_v1基本プログラム対応版\mr_project_s1\x64\release\material.obj
f:\s1\mr s1対応作業\プログラム教材アップデート作業\xr_framev2024_0604_vc2017_s1_v1基本プログラム対応版\mr_project_s1\x64\release\directinputdevice.obj
f:\s1\mr s1対応作業\プログラム教材アップデート作業\xr_framev2024_0604_vc2017_s1_v1基本プログラム対応版\mr_project_s1\x64\release\tcpfunc.obj
f:\s1\mr s1対応作業\プログラム教材アップデート作業\xr_framev2024_0604_vc2017_s1_v1基本プログラム対応版\mr_project_s1\x64\release\sim.obj
f:\s1\mr s1対応作業\プログラム教材アップデート作業\xr_framev2024_0604_vc2017_s1_v1基本プログラム対応版\mr_project_s1\x64\release\serialio.obj
f:\s1\mr s1対応作業\プログラム教材アップデート作業\xr_framev2024_0604_vc2017_s1_v1基本プログラム対応版\mr_project_s1\x64\release\myshape.obj
f:\s1\mr s1対応作業\プログラム教材アップデート作業\xr_framev2024_0604_vc2017_s1_v1基本プログラム対応版\mr_project_s1\x64\release\mymodel.obj
f:\s1\mr s1対応作業\プログラム教材アップデート作業\xr_framev2024_0604_vc2017_s1_v1基本プログラム対応版\mr_project_s1\x64\release\light.obj
h:\s1\mr s1対応作業\プログラム教材アップデート作業\xr_framev2024_0605_vc2017_s1_v1基本プログラム対応版\mr_project_s1\x64\release\calc.obj
h:\s1\mr s1対応作業\プログラム教材アップデート作業\xr_framev2024_0605_vc2017_s1_v1基本プログラム対応版\mr_project_s1\x64\release\com.obj
h:\s1\mr s1対応作業\プログラム教材アップデート作業\xr_framev2024_0605_vc2017_s1_v1基本プログラム対応版\mr_project_s1\x64\release\depth.obj
h:\s1\mr s1対応作業\プログラム教材アップデート作業\xr_framev2024_0605_vc2017_s1_v1基本プログラム対応版\mr_project_s1\x64\release\directinputdevice.obj
h:\s1\mr s1対応作業\プログラム教材アップデート作業\xr_framev2024_0605_vc2017_s1_v1基本プログラム対応版\mr_project_s1\x64\release\draw.obj
h:\s1\mr s1対応作業\プログラム教材アップデート作業\xr_framev2024_0605_vc2017_s1_v1基本プログラム対応版\mr_project_s1\x64\release\ezfont.obj
h:\s1\mr s1対応作業\プログラム教材アップデート作業\xr_framev2024_0605_vc2017_s1_v1基本プログラム対応版\mr_project_s1\x64\release\ezjpeg.obj
h:\s1\mr s1対応作業\プログラム教材アップデート作業\xr_framev2024_0605_vc2017_s1_v1基本プログラム対応版\mr_project_s1\x64\release\ezmidi.obj
h:\s1\mr s1対応作業\プログラム教材アップデート作業\xr_framev2024_0605_vc2017_s1_v1基本プログラム対応版\mr_project_s1\x64\release\ezpng.obj
h:\s1\mr s1対応作業\プログラム教材アップデート作業\xr_framev2024_0605_vc2017_s1_v1基本プログラム対応版\mr_project_s1\x64\release\ezutil.obj
h:\s1\mr s1対応作業\プログラム教材アップデート作業\xr_framev2024_0605_vc2017_s1_v1基本プログラム対応版\mr_project_s1\x64\release\ezwebcam.obj
h:\s1\mr s1対応作業\プログラム教材アップデート作業\xr_framev2024_0605_vc2017_s1_v1基本プログラム対応版\mr_project_s1\x64\release\gyro.obj
h:\s1\mr s1対応作業\プログラム教材アップデート作業\xr_framev2024_0605_vc2017_s1_v1基本プログラム対応版\mr_project_s1\x64\release\image.obj
h:\s1\mr s1対応作業\プログラム教材アップデート作業\xr_framev2024_0605_vc2017_s1_v1基本プログラム対応版\mr_project_s1\x64\release\light.obj
h:\s1\mr s1対応作業\プログラム教材アップデート作業\xr_framev2024_0605_vc2017_s1_v1基本プログラム対応版\mr_project_s1\x64\release\material.obj
h:\s1\mr s1対応作業\プログラム教材アップデート作業\xr_framev2024_0605_vc2017_s1_v1基本プログラム対応版\mr_project_s1\x64\release\mtl.obj
h:\s1\mr s1対応作業\プログラム教材アップデート作業\xr_framev2024_0605_vc2017_s1_v1基本プログラム対応版\mr_project_s1\x64\release\mymodel.obj
h:\s1\mr s1対応作業\プログラム教材アップデート作業\xr_framev2024_0605_vc2017_s1_v1基本プログラム対応版\mr_project_s1\x64\release\myshape.obj
h:\s1\mr s1対応作業\プログラム教材アップデート作業\xr_framev2024_0605_vc2017_s1_v1基本プログラム対応版\mr_project_s1\x64\release\objdata.obj
h:\s1\mr s1対応作業\プログラム教材アップデート作業\xr_framev2024_0605_vc2017_s1_v1基本プログラム対応版\mr_project_s1\x64\release\objdetaildata.obj
h:\s1\mr s1対応作業\プログラム教材アップデート作業\xr_framev2024_0605_vc2017_s1_v1基本プログラム対応版\mr_project_s1\x64\release\objloader.obj
h:\s1\mr s1対応作業\プログラム教材アップデート作業\xr_framev2024_0605_vc2017_s1_v1基本プログラム対応版\mr_project_s1\x64\release\objloader_seq.obj
h:\s1\mr s1対応作業\プログラム教材アップデート作業\xr_framev2024_0605_vc2017_s1_v1基本プログラム対応版\mr_project_s1\x64\release\pngimage.obj
h:\s1\mr s1対応作業\プログラム教材アップデート作業\xr_framev2024_0605_vc2017_s1_v1基本プログラム対応版\mr_project_s1\x64\release\serialio.obj
h:\s1\mr s1対応作業\プログラム教材アップデート作業\xr_framev2024_0605_vc2017_s1_v1基本プログラム対応版\mr_project_s1\x64\release\sim.obj
h:\s1\mr s1対応作業\プログラム教材アップデート作業\xr_framev2024_0605_vc2017_s1_v1基本プログラム対応版\mr_project_s1\x64\release\stdafx.obj
h:\s1\mr s1対応作業\プログラム教材アップデート作業\xr_framev2024_0605_vc2017_s1_v1基本プログラム対応版\mr_project_s1\x64\release\tcpfunc.obj
h:\s1\mr s1対応作業\プログラム教材アップデート作業\xr_framev2024_0605_vc2017_s1_v1基本プログラム対応版\mr_project_s1\x64\release\threedvector.obj
h:\s1\mr s1対応作業\プログラム教材アップデート作業\xr_framev2024_0605_vc2017_s1_v1基本プログラム対応版\mr_project_s1\x64\release\mr_project_s1_x64.pch
h:\s1\mr s1対応作業\プログラム教材アップデート作業\xr_framev2024_0605_vc2017_s1_v1基本プログラム対応版\mr_project_s1\x64\release\vc141.pdb
h:\s1\mr s1対応作業\プログラム教材アップデート作業\xr_framev2024_0605_vc2017_s1_v1基本プログラム対応版\mr_project_s1\x64\release\mr_project_s1.tlog\cl.command.1.tlog
h:\s1\mr s1対応作業\プログラム教材アップデート作業\xr_framev2024_0605_vc2017_s1_v1基本プログラム対応版\mr_project_s1\x64\release\mr_project_s1.tlog\cl.read.1.tlog
h:\s1\mr s1対応作業\プログラム教材アップデート作業\xr_framev2024_0605_vc2017_s1_v1基本プログラム対応版\mr_project_s1\x64\release\mr_project_s1.tlog\cl.write.1.tlog
