C:\Program Files\Microsoft Visual Studio\2022\Professional\MSBuild\Microsoft\VC\v170\Microsoft.CppBuild.targets(534,5): warning MSB8028: 中間ディレクトリ (x64\Release\) に別のプロジェクト (MR_Project.vcxproj, MR_Project_S1.vcxproj) と共有されているファイルが含まれています。これにより、クリーンしてリビルド動作が適切に行われない可能性があります。
  stdafx.cpp
  Material.cpp
  Mtl.cpp
D:\SSD_DATA\★XR_FrameV2025_0725\★XR_FrameV2025_1113\lib_ObjLoader\Mtl.cpp(211,39): warning C4244: '=': 'double' から 'float' への変換です。データが失われる可能性があります。
D:\SSD_DATA\★XR_FrameV2025_0725\★XR_FrameV2025_1113\lib_ObjLoader\Mtl.cpp(224,39): warning C4244: '=': 'double' から 'float' への変換です。データが失われる可能性があります。
D:\SSD_DATA\★XR_FrameV2025_0725\★XR_FrameV2025_1113\lib_ObjLoader\Mtl.cpp(239,40): warning C4244: '=': 'double' から 'float' への変換です。データが失われる可能性があります。
D:\SSD_DATA\★XR_FrameV2025_0725\★XR_FrameV2025_1113\lib_ObjLoader\Mtl.cpp(273,33): warning C4244: '=': 'double' から 'float' への変換です。データが失われる可能性があります。
D:\SSD_DATA\★XR_FrameV2025_0725\★XR_FrameV2025_1113\lib_ObjLoader\Mtl.cpp(290,32): warning C4244: '+=': 'double' から 'float' への変換です。データが失われる可能性があります。
  ObjData.cpp
  ObjDetailData.cpp
  ObjLoader.cpp
D:\SSD_DATA\★XR_FrameV2025_0725\★XR_FrameV2025_1113\lib_ObjLoader\ObjLoader.cpp(248,70): warning C4244: '引数': 'double' から 'GLfloat' への変換です。データが失われる可能性があります。
D:\SSD_DATA\★XR_FrameV2025_0725\★XR_FrameV2025_1113\lib_ObjLoader\ObjLoader.cpp(247,75): warning C4244: '引数': 'double' から 'GLfloat' への変換です。データが失われる可能性があります。
  ObjLoader_Seq.cpp
  PngImage.cpp
D:\SSD_DATA\★XR_FrameV2025_0725\★XR_FrameV2025_1113\lib_ObjLoader\PngImage.cpp(60,27): warning C4267: '=': 'size_t' から 'unsigned long' に変換しました。データが失われているかもしれません。
D:\SSD_DATA\★XR_FrameV2025_0725\★XR_FrameV2025_1113\lib_ObjLoader\PngImage.cpp(37,14): warning C4996: 'fopen': This function or variable may be unsafe. Consider using fopen_s instead. To disable deprecation, use _CRT_SECURE_NO_WARNINGS. See online help for details.
D:\SSD_DATA\★XR_FrameV2025_0725\★XR_FrameV2025_1113\lib_ObjLoader\PngImage.cpp(112,14): warning C4996: 'fopen': This function or variable may be unsafe. Consider using fopen_s instead. To disable deprecation, use _CRT_SECURE_NO_WARNINGS. See online help for details.
  ThreedVector.cpp
  calc.cpp
D:\SSD_DATA\★XR_FrameV2025_0725\★XR_FrameV2025_1113\include\ezMovie.h(97,10): warning C4244: '初期化中': 'double' から 'int' への変換です。データが失われる可能性があります。
  (ソース ファイル '../src/calc.cpp' をコンパイルしています)
  
D:\SSD_DATA\★XR_FrameV2025_0725\★XR_FrameV2025_1113\src\calc.cpp(182,17): warning C4244: '=': 'double' から 'float' への変換です。データが失われる可能性があります。
D:\SSD_DATA\★XR_FrameV2025_0725\★XR_FrameV2025_1113\src\calc.cpp(183,17): warning C4244: '=': 'double' から 'float' への変換です。データが失われる可能性があります。
D:\SSD_DATA\★XR_FrameV2025_0725\★XR_FrameV2025_1113\src\calc.cpp(184,17): warning C4244: '=': 'double' から 'float' への変換です。データが失われる可能性があります。
D:\SSD_DATA\★XR_FrameV2025_0725\★XR_FrameV2025_1113\src\calc.cpp(192,13): warning C4244: '初期化中': 'double' から 'float' への変換です。データが失われる可能性があります。
D:\SSD_DATA\★XR_FrameV2025_0725\★XR_FrameV2025_1113\src\calc.cpp(193,13): warning C4244: '初期化中': 'double' から 'float' への変換です。データが失われる可能性があります。
D:\SSD_DATA\★XR_FrameV2025_0725\★XR_FrameV2025_1113\src\calc.cpp(194,13): warning C4244: '初期化中': 'double' から 'float' への変換です。データが失われる可能性があります。
D:\SSD_DATA\★XR_FrameV2025_0725\★XR_FrameV2025_1113\src\calc.cpp(195,13): warning C4244: '初期化中': 'double' から 'float' への変換です。データが失われる可能性があります。
D:\SSD_DATA\★XR_FrameV2025_0725\★XR_FrameV2025_1113\src\calc.cpp(196,13): warning C4244: '初期化中': 'double' から 'float' への変換です。データが失われる可能性があります。
D:\SSD_DATA\★XR_FrameV2025_0725\★XR_FrameV2025_1113\src\calc.cpp(197,13): warning C4244: '初期化中': 'double' から 'float' への変換です。データが失われる可能性があります。
D:\SSD_DATA\★XR_FrameV2025_0725\★XR_FrameV2025_1113\src\calc.cpp(633,12): warning C4244: '初期化中': 'double' から 'float' への変換です。データが失われる可能性があります。
  depth.cpp
D:\SSD_DATA\★XR_FrameV2025_0725\★XR_FrameV2025_1113\include\depth.h(55,37): warning C4244: '=': 'double' から 'float' への変換です。データが失われる可能性があります。
  (ソース ファイル '../src/depth.cpp' をコンパイルしています)
  
D:\SSD_DATA\★XR_FrameV2025_0725\★XR_FrameV2025_1113\src\depth.cpp(13,14): warning C4244: '=': 'double' から 'float' への変換です。データが失われる可能性があります。
D:\SSD_DATA\★XR_FrameV2025_0725\★XR_FrameV2025_1113\src\depth.cpp(14,20): warning C4244: '=': 'double' から 'float' への変換です。データが失われる可能性があります。
D:\SSD_DATA\★XR_FrameV2025_0725\★XR_FrameV2025_1113\src\depth.cpp(15,14): warning C4244: '=': 'double' から 'float' への変換です。データが失われる可能性があります。
D:\SSD_DATA\★XR_FrameV2025_0725\★XR_FrameV2025_1113\src\depth.cpp(27,18): warning C4305: '初期化中': 'double' から 'float' へ切り詰めます。
D:\SSD_DATA\★XR_FrameV2025_0725\★XR_FrameV2025_1113\src\depth.cpp(30,10): warning C4244: '初期化中': 'double' から 'float' への変換です。データが失われる可能性があります。
D:\SSD_DATA\★XR_FrameV2025_0725\★XR_FrameV2025_1113\src\depth.cpp(31,10): warning C4244: '初期化中': 'double' から 'float' への変換です。データが失われる可能性があります。
D:\SSD_DATA\★XR_FrameV2025_0725\★XR_FrameV2025_1113\src\depth.cpp(46,12): warning C4244: '=': 'double' から 'float' への変換です。データが失われる可能性があります。
D:\SSD_DATA\★XR_FrameV2025_0725\★XR_FrameV2025_1113\src\depth.cpp(98,12): warning C4244: '初期化中': 'double' から 'float' への変換です。データが失われる可能性があります。
D:\SSD_DATA\★XR_FrameV2025_0725\★XR_FrameV2025_1113\src\depth.cpp(99,45): warning C4244: '引数': 'double' から 'float' への変換です。データが失われる可能性があります。
D:\SSD_DATA\★XR_FrameV2025_0725\★XR_FrameV2025_1113\src\depth.cpp(106,18): warning C4305: '初期化中': 'double' から 'float' へ切り詰めます。
D:\SSD_DATA\★XR_FrameV2025_0725\★XR_FrameV2025_1113\src\depth.cpp(110,10): warning C4244: '=': 'double' から 'float' への変換です。データが失われる可能性があります。
D:\SSD_DATA\★XR_FrameV2025_0725\★XR_FrameV2025_1113\src\depth.cpp(111,10): warning C4244: '=': 'double' から 'float' への変換です。データが失われる可能性があります。
  draw.cpp
D:\SSD_DATA\★XR_FrameV2025_0725\★XR_FrameV2025_1113\include\ezMovie.h(97,10): warning C4244: '初期化中': 'double' から 'int' への変換です。データが失われる可能性があります。
  (ソース ファイル '../src/draw.cpp' をコンパイルしています)
  
D:\SSD_DATA\★XR_FrameV2025_0725\★XR_FrameV2025_1113\src\draw.cpp(28,27): warning C4244: '引数': 'double' から 'GLfloat' への変換です。データが失われる可能性があります。
D:\SSD_DATA\★XR_FrameV2025_0725\★XR_FrameV2025_1113\src\draw.cpp(28,15): warning C4244: '引数': 'double' から 'GLfloat' への変換です。データが失われる可能性があります。
D:\SSD_DATA\★XR_FrameV2025_0725\★XR_FrameV2025_1113\src\draw.cpp(45,26): warning C4305: '初期化中': 'double' から 'float' へ切り詰めます。
D:\SSD_DATA\★XR_FrameV2025_0725\★XR_FrameV2025_1113\src\draw.cpp(45,31): warning C4305: '初期化中': 'double' から 'float' へ切り詰めます。
D:\SSD_DATA\★XR_FrameV2025_0725\★XR_FrameV2025_1113\src\draw.cpp(45,36): warning C4305: '初期化中': 'double' から 'float' へ切り詰めます。
D:\SSD_DATA\★XR_FrameV2025_0725\★XR_FrameV2025_1113\src\draw.cpp(141,34): warning C4305: '引数': 'double' から 'float' へ切り詰めます。
D:\SSD_DATA\★XR_FrameV2025_0725\★XR_FrameV2025_1113\src\draw.cpp(141,29): warning C4305: '引数': 'double' から 'float' へ切り詰めます。
D:\SSD_DATA\★XR_FrameV2025_0725\★XR_FrameV2025_1113\src\draw.cpp(141,24): warning C4305: '引数': 'double' から 'float' へ切り詰めます。
D:\SSD_DATA\★XR_FrameV2025_0725\★XR_FrameV2025_1113\src\draw.cpp(144,33): warning C4305: '引数': 'double' から 'float' へ切り詰めます。
D:\SSD_DATA\★XR_FrameV2025_0725\★XR_FrameV2025_1113\src\draw.cpp(144,28): warning C4305: '引数': 'double' から 'float' へ切り詰めます。
D:\SSD_DATA\★XR_FrameV2025_0725\★XR_FrameV2025_1113\src\draw.cpp(144,23): warning C4305: '引数': 'double' から 'float' へ切り詰めます。
D:\SSD_DATA\★XR_FrameV2025_0725\★XR_FrameV2025_1113\src\draw.cpp(157,60): warning C4244: '引数': 'double' から 'float' への変換です。データが失われる可能性があります。
D:\SSD_DATA\★XR_FrameV2025_0725\★XR_FrameV2025_1113\src\draw.cpp(189,18): warning C4305: '引数': 'double' から 'float' へ切り詰めます。
D:\SSD_DATA\★XR_FrameV2025_0725\★XR_FrameV2025_1113\src\draw.cpp(189,13): warning C4305: '引数': 'double' から 'float' へ切り詰めます。
D:\SSD_DATA\★XR_FrameV2025_0725\★XR_FrameV2025_1113\src\draw.cpp(197,18): warning C4305: '引数': 'double' から 'float' へ切り詰めます。
D:\SSD_DATA\★XR_FrameV2025_0725\★XR_FrameV2025_1113\src\draw.cpp(197,13): warning C4305: '引数': 'double' から 'float' へ切り詰めます。
D:\SSD_DATA\★XR_FrameV2025_0725\★XR_FrameV2025_1113\src\draw.cpp(204,18): warning C4305: '引数': 'double' から 'float' へ切り詰めます。
D:\SSD_DATA\★XR_FrameV2025_0725\★XR_FrameV2025_1113\src\draw.cpp(204,13): warning C4305: '引数': 'double' から 'float' へ切り詰めます。
D:\SSD_DATA\★XR_FrameV2025_0725\★XR_FrameV2025_1113\src\draw.cpp(221,31): warning C4305: '引数': 'double' から 'float' へ切り詰めます。
D:\SSD_DATA\★XR_FrameV2025_0725\★XR_FrameV2025_1113\src\draw.cpp(221,21): warning C4305: '引数': 'double' から 'float' へ切り詰めます。
  ezFont.cpp
D:\SSD_DATA\★XR_FrameV2025_0725\★XR_FrameV2025_1113\src\ezFont.cpp(48,24): warning C4267: '引数': 'size_t' から 'GLsizei' に変換しました。データが失われているかもしれません。
D:\SSD_DATA\★XR_FrameV2025_0725\★XR_FrameV2025_1113\src\ezFont.cpp(77,38): warning C4244: '引数': 'double' から 'GLfloat' への変換です。データが失われる可能性があります。
D:\SSD_DATA\★XR_FrameV2025_0725\★XR_FrameV2025_1113\src\ezFont.cpp(77,24): warning C4244: '引数': 'double' から 'GLfloat' への変換です。データが失われる可能性があります。
  Com.cpp
D:\SSD_DATA\★XR_FrameV2025_0725\★XR_FrameV2025_1113\src\ezGyro\Com.cpp(217,16): warning C4334: '<<': 32 ビット シフトの結果が暗黙的に 64 ビットに変換されました (64 ビット シフトに意図的に変換しようとしましたか?)
D:\SSD_DATA\★XR_FrameV2025_0725\★XR_FrameV2025_1113\src\ezGyro\Com.cpp(269,21): warning C4334: '<<': 32 ビット シフトの結果が暗黙的に 64 ビットに変換されました (64 ビット シフトに意図的に変換しようとしましたか?)
  ezGyro.cpp
D:\SSD_DATA\★XR_FrameV2025_0725\★XR_FrameV2025_1113\src\ezGyro\ezGyro.cpp(35,18): warning C4305: '初期化中': 'double' から 'float' へ切り詰めます。
D:\SSD_DATA\★XR_FrameV2025_0725\★XR_FrameV2025_1113\src\ezGyro\ezGyro.cpp(48,50): warning C4244: '=': 'double' から 'float' への変換です。データが失われる可能性があります。
D:\SSD_DATA\★XR_FrameV2025_0725\★XR_FrameV2025_1113\src\ezGyro\ezGyro.cpp(49,50): warning C4244: '=': 'double' から 'float' への変換です。データが失われる可能性があります。
D:\SSD_DATA\★XR_FrameV2025_0725\★XR_FrameV2025_1113\src\ezGyro\ezGyro.cpp(50,50): warning C4244: '=': 'double' から 'float' への変換です。データが失われる可能性があります。
D:\SSD_DATA\★XR_FrameV2025_0725\★XR_FrameV2025_1113\src\ezGyro\ezGyro.cpp(52,44): warning C4244: '=': 'double' から 'float' への変換です。データが失われる可能性があります。
D:\SSD_DATA\★XR_FrameV2025_0725\★XR_FrameV2025_1113\src\ezGyro\ezGyro.cpp(53,57): warning C4244: '=': 'double' から 'float' への変換です。データが失われる可能性があります。
D:\SSD_DATA\★XR_FrameV2025_0725\★XR_FrameV2025_1113\src\ezGyro\ezGyro.cpp(59,3): warning C4244: '=': 'double' から 'float' への変換です。データが失われる可能性があります。
D:\SSD_DATA\★XR_FrameV2025_0725\★XR_FrameV2025_1113\src\ezGyro\ezGyro.cpp(62,3): warning C4244: '=': 'double' から 'float' への変換です。データが失われる可能性があります。
D:\SSD_DATA\★XR_FrameV2025_0725\★XR_FrameV2025_1113\src\ezGyro\ezGyro.cpp(130,9): warning C4476: 'printf' : 形式指定子に不明な種類フィールド文字 ' ' があります
D:\SSD_DATA\★XR_FrameV2025_0725\★XR_FrameV2025_1113\src\ezGyro\ezGyro.cpp(130,9): warning C4778: 'printf' : 書式文字列 '%5.2\n' がありません
D:\SSD_DATA\★XR_FrameV2025_0725\★XR_FrameV2025_1113\src\ezGyro\ezGyro.cpp(131,6): warning C4474: 'printf': 書式文字列に渡された引数の数が多すぎます
      D:\SSD_DATA\★XR_FrameV2025_0725\★XR_FrameV2025_1113\src\ezGyro\ezGyro.cpp(131,6):
      プレースホルダーとそのパラメーターには 0 の可変個引数が必要ですが、3 が指定されています。
  
  JY901.cpp
  MPU6050.cpp
D:\SSD_DATA\★XR_FrameV2025_0725\★XR_FrameV2025_1113\src\ezGyro\MPU6050.cpp(39,38): warning C4244: '=': 'double' から 'float' への変換です。データが失われる可能性があります。
D:\SSD_DATA\★XR_FrameV2025_0725\★XR_FrameV2025_1113\src\ezGyro\MPU6050.cpp(40,38): warning C4244: '=': 'double' から 'float' への変換です。データが失われる可能性があります。
D:\SSD_DATA\★XR_FrameV2025_0725\★XR_FrameV2025_1113\src\ezGyro\MPU6050.cpp(41,38): warning C4244: '=': 'double' から 'float' への変換です。データが失われる可能性があります。
D:\SSD_DATA\★XR_FrameV2025_0725\★XR_FrameV2025_1113\src\ezGyro\MPU6050.cpp(42,34): warning C4244: '=': 'double' から 'float' への変換です。データが失われる可能性があります。
D:\SSD_DATA\★XR_FrameV2025_0725\★XR_FrameV2025_1113\src\ezGyro\MPU6050.cpp(43,34): warning C4244: '=': 'double' から 'float' への変換です。データが失われる可能性があります。
D:\SSD_DATA\★XR_FrameV2025_0725\★XR_FrameV2025_1113\src\ezGyro\MPU6050.cpp(44,34): warning C4244: '=': 'double' から 'float' への変換です。データが失われる可能性があります。
D:\SSD_DATA\★XR_FrameV2025_0725\★XR_FrameV2025_1113\src\ezGyro\MPU6050.cpp(45,41): warning C4244: '=': 'double' から 'float' への変換です。データが失われる可能性があります。
D:\SSD_DATA\★XR_FrameV2025_0725\★XR_FrameV2025_1113\src\ezGyro\MPU6050.cpp(46,42): warning C4244: '=': 'double' から 'float' への変換です。データが失われる可能性があります。
D:\SSD_DATA\★XR_FrameV2025_0725\★XR_FrameV2025_1113\src\ezGyro\MPU6050.cpp(47,40): warning C4244: '=': 'double' から 'float' への変換です。データが失われる可能性があります。
D:\SSD_DATA\★XR_FrameV2025_0725\★XR_FrameV2025_1113\src\ezGyro\MPU6050.cpp(49,36): warning C4244: '=': 'double' から 'float' への変換です。データが失われる可能性があります。
D:\SSD_DATA\★XR_FrameV2025_0725\★XR_FrameV2025_1113\src\ezGyro\MPU6050.cpp(12,14): warning C4101: 'pitch': ローカル変数は 1 度も使われていません。
D:\SSD_DATA\★XR_FrameV2025_0725\★XR_FrameV2025_1113\src\ezGyro\MPU6050.cpp(12,8): warning C4101: 'roll': ローカル変数は 1 度も使われていません。
D:\SSD_DATA\★XR_FrameV2025_0725\★XR_FrameV2025_1113\src\ezGyro\MPU6050.cpp(10,8): warning C4101: 'ax': ローカル変数は 1 度も使われていません。
D:\SSD_DATA\★XR_FrameV2025_0725\★XR_FrameV2025_1113\src\ezGyro\MPU6050.cpp(10,12): warning C4101: 'ay': ローカル変数は 1 度も使われていません。
D:\SSD_DATA\★XR_FrameV2025_0725\★XR_FrameV2025_1113\src\ezGyro\MPU6050.cpp(10,16): warning C4101: 'az': ローカル変数は 1 度も使われていません。
D:\SSD_DATA\★XR_FrameV2025_0725\★XR_FrameV2025_1113\src\ezGyro\MPU6050.cpp(12,21): warning C4101: 'yaw': ローカル変数は 1 度も使われていません。
D:\SSD_DATA\★XR_FrameV2025_0725\★XR_FrameV2025_1113\src\ezGyro\MPU6050.cpp(89,42): warning C4244: '=': 'double' から 'float' への変換です。データが失われる可能性があります。
D:\SSD_DATA\★XR_FrameV2025_0725\★XR_FrameV2025_1113\src\ezGyro\MPU6050.cpp(90,42): warning C4244: '=': 'double' から 'float' への変換です。データが失われる可能性があります。
D:\SSD_DATA\★XR_FrameV2025_0725\★XR_FrameV2025_1113\src\ezGyro\MPU6050.cpp(91,42): warning C4244: '=': 'double' から 'float' への変換です。データが失われる可能性があります。
D:\SSD_DATA\★XR_FrameV2025_0725\★XR_FrameV2025_1113\src\ezGyro\MPU6050.cpp(92,46): warning C4244: '=': 'double' から 'float' への変換です。データが失われる可能性があります。
D:\SSD_DATA\★XR_FrameV2025_0725\★XR_FrameV2025_1113\src\ezGyro\MPU6050.cpp(93,47): warning C4244: '=': 'double' から 'float' への変換です。データが失われる可能性があります。
D:\SSD_DATA\★XR_FrameV2025_0725\★XR_FrameV2025_1113\src\ezGyro\MPU6050.cpp(94,45): warning C4244: '=': 'double' から 'float' への変換です。データが失われる可能性があります。
D:\SSD_DATA\★XR_FrameV2025_0725\★XR_FrameV2025_1113\src\ezGyro\MPU6050.cpp(95,45): warning C4244: '=': 'double' から 'float' への変換です。データが失われる可能性があります。
D:\SSD_DATA\★XR_FrameV2025_0725\★XR_FrameV2025_1113\src\ezGyro\MPU6050.cpp(96,46): warning C4244: '=': 'double' から 'float' への変換です。データが失われる可能性があります。
D:\SSD_DATA\★XR_FrameV2025_0725\★XR_FrameV2025_1113\src\ezGyro\MPU6050.cpp(97,44): warning C4244: '=': 'double' から 'float' への変換です。データが失われる可能性があります。
D:\SSD_DATA\★XR_FrameV2025_0725\★XR_FrameV2025_1113\src\ezGyro\MPU6050.cpp(99,36): warning C4244: '=': 'double' から 'float' への変換です。データが失われる可能性があります。
D:\SSD_DATA\★XR_FrameV2025_0725\★XR_FrameV2025_1113\src\ezGyro\MPU6050.cpp(59,14): warning C4101: 'pitch': ローカル変数は 1 度も使われていません。
D:\SSD_DATA\★XR_FrameV2025_0725\★XR_FrameV2025_1113\src\ezGyro\MPU6050.cpp(59,8): warning C4101: 'roll': ローカル変数は 1 度も使われていません。
D:\SSD_DATA\★XR_FrameV2025_0725\★XR_FrameV2025_1113\src\ezGyro\MPU6050.cpp(57,8): warning C4101: 'ax': ローカル変数は 1 度も使われていません。
D:\SSD_DATA\★XR_FrameV2025_0725\★XR_FrameV2025_1113\src\ezGyro\MPU6050.cpp(58,8): warning C4101: 'gx': ローカル変数は 1 度も使われていません。
D:\SSD_DATA\★XR_FrameV2025_0725\★XR_FrameV2025_1113\src\ezGyro\MPU6050.cpp(58,16): warning C4101: 'gz': ローカル変数は 1 度も使われていません。
D:\SSD_DATA\★XR_FrameV2025_0725\★XR_FrameV2025_1113\src\ezGyro\MPU6050.cpp(57,12): warning C4101: 'ay': ローカル変数は 1 度も使われていません。
D:\SSD_DATA\★XR_FrameV2025_0725\★XR_FrameV2025_1113\src\ezGyro\MPU6050.cpp(57,16): warning C4101: 'az': ローカル変数は 1 度も使われていません。
D:\SSD_DATA\★XR_FrameV2025_0725\★XR_FrameV2025_1113\src\ezGyro\MPU6050.cpp(59,21): warning C4101: 'yaw': ローカル変数は 1 度も使われていません。
D:\SSD_DATA\★XR_FrameV2025_0725\★XR_FrameV2025_1113\src\ezGyro\MPU6050.cpp(58,12): warning C4101: 'gy': ローカル変数は 1 度も使われていません。
  ezJpeg.cpp
  ezPNG.cpp
D:\SSD_DATA\★XR_FrameV2025_0725\★XR_FrameV2025_1113\src\ezImage\ezPNG.cpp(18,13): warning C4996: 'fopen': This function or variable may be unsafe. Consider using fopen_s instead. To disable deprecation, use _CRT_SECURE_NO_WARNINGS. See online help for details.
D:\SSD_DATA\★XR_FrameV2025_0725\★XR_FrameV2025_1113\src\ezImage\ezPNG.cpp(12,12): warning C4101: 'row': ローカル変数は 1 度も使われていません。
D:\SSD_DATA\★XR_FrameV2025_0725\★XR_FrameV2025_1113\src\ezImage\ezPNG.cpp(13,12): warning C4101: 'px': ローカル変数は 1 度も使われていません。
D:\SSD_DATA\★XR_FrameV2025_0725\★XR_FrameV2025_1113\src\ezImage\ezPNG.cpp(15,17): warning C4101: 'rawimage': ローカル変数は 1 度も使われていません。
D:\SSD_DATA\★XR_FrameV2025_0725\★XR_FrameV2025_1113\src\ezImage\ezPNG.cpp(133,13): warning C4996: 'fopen': This function or variable may be unsafe. Consider using fopen_s instead. To disable deprecation, use _CRT_SECURE_NO_WARNINGS. See online help for details.
  ezWebCam.cpp
  image.cpp
  コンパイル中...
  ezMIDI.cpp
  ezUtil.cpp
D:\SSD_DATA\★XR_FrameV2025_0725\★XR_FrameV2025_1113\src\ezUtil.cpp(49,15): warning C4244: '初期化中': 'double' から 'float' への変換です。データが失われる可能性があります。
D:\SSD_DATA\★XR_FrameV2025_0725\★XR_FrameV2025_1113\src\ezUtil.cpp(50,15): warning C4244: '初期化中': 'double' から 'float' への変換です。データが失われる可能性があります。
D:\SSD_DATA\★XR_FrameV2025_0725\★XR_FrameV2025_1113\src\ezUtil.cpp(83,20): warning C4305: '引数': 'double' から 'GLfloat' へ切り詰めます。
D:\SSD_DATA\★XR_FrameV2025_0725\★XR_FrameV2025_1113\src\ezUtil.cpp(84,20): warning C4305: '引数': 'double' から 'GLfloat' へ切り詰めます。
D:\SSD_DATA\★XR_FrameV2025_0725\★XR_FrameV2025_1113\src\ezUtil.cpp(95,22): warning C4305: '引数': 'double' から 'GLfloat' へ切り詰めます。
D:\SSD_DATA\★XR_FrameV2025_0725\★XR_FrameV2025_1113\src\ezUtil.cpp(96,22): warning C4305: '引数': 'double' から 'GLfloat' へ切り詰めます。
D:\SSD_DATA\★XR_FrameV2025_0725\★XR_FrameV2025_1113\src\ezUtil.cpp(108,17): warning C4244: '=': 'double' から 'float' への変換です。データが失われる可能性があります。
D:\SSD_DATA\★XR_FrameV2025_0725\★XR_FrameV2025_1113\src\ezUtil.cpp(336,24): warning C4244: '=': 'double' から 'float' への変換です。データが失われる可能性があります。
D:\SSD_DATA\★XR_FrameV2025_0725\★XR_FrameV2025_1113\src\ezUtil.cpp(339,26): warning C4244: '=': 'double' から 'float' への変換です。データが失われる可能性があります。
D:\SSD_DATA\★XR_FrameV2025_0725\★XR_FrameV2025_1113\src\ezUtil.cpp(350,27): warning C4244: '=': 'double' から 'float' への変換です。データが失われる可能性があります。
D:\SSD_DATA\★XR_FrameV2025_0725\★XR_FrameV2025_1113\src\ezUtil.cpp(354,42): warning C4244: '=': 'double' から 'float' への変換です。データが失われる可能性があります。
D:\SSD_DATA\★XR_FrameV2025_0725\★XR_FrameV2025_1113\src\ezUtil.cpp(355,42): warning C4244: '=': 'double' から 'float' への変換です。データが失われる可能性があります。
  ezZigSim.cpp
D:\SSD_DATA\★XR_FrameV2025_0725\★XR_FrameV2025_1113\src\ezZigSim.cpp(38,13): warning C4244: 'return': 'double' から 'float' への変換です。データが失われる可能性があります。
D:\SSD_DATA\★XR_FrameV2025_0725\★XR_FrameV2025_1113\src\ezZigSim.cpp(65,30): warning C4305: '引数': 'double' から 'float' へ切り詰めます。
D:\SSD_DATA\★XR_FrameV2025_0725\★XR_FrameV2025_1113\src\ezZigSim.cpp(94,12): warning C4244: '初期化中': '__int64' から 'int' への変換です。データが失われる可能性があります。
D:\SSD_DATA\★XR_FrameV2025_0725\★XR_FrameV2025_1113\src\ezZigSim.cpp(95,4): warning C4996: 'strncpy': This function or variable may be unsafe. Consider using strncpy_s instead. To disable deprecation, use _CRT_SECURE_NO_WARNINGS. See online help for details.
D:\SSD_DATA\★XR_FrameV2025_0725\★XR_FrameV2025_1113\src\ezZigSim.cpp(114,12): warning C4244: '初期化中': '__int64' から 'int' への変換です。データが失われる可能性があります。
D:\SSD_DATA\★XR_FrameV2025_0725\★XR_FrameV2025_1113\src\ezZigSim.cpp(115,4): warning C4996: 'strncpy': This function or variable may be unsafe. Consider using strncpy_s instead. To disable deprecation, use _CRT_SECURE_NO_WARNINGS. See online help for details.
D:\SSD_DATA\★XR_FrameV2025_0725\★XR_FrameV2025_1113\src\ezZigSim.cpp(136,12): warning C4244: '初期化中': '__int64' から 'int' への変換です。データが失われる可能性があります。
D:\SSD_DATA\★XR_FrameV2025_0725\★XR_FrameV2025_1113\src\ezZigSim.cpp(155,13): warning C4244: '初期化中': '__int64' から 'int' への変換です。データが失われる可能性があります。
D:\SSD_DATA\★XR_FrameV2025_0725\★XR_FrameV2025_1113\src\ezZigSim.cpp(137,4): warning C4996: 'strncpy': This function or variable may be unsafe. Consider using strncpy_s instead. To disable deprecation, use _CRT_SECURE_NO_WARNINGS. See online help for details.
D:\SSD_DATA\★XR_FrameV2025_0725\★XR_FrameV2025_1113\src\ezZigSim.cpp(156,5): warning C4996: 'strncpy': This function or variable may be unsafe. Consider using strncpy_s instead. To disable deprecation, use _CRT_SECURE_NO_WARNINGS. See online help for details.
D:\SSD_DATA\★XR_FrameV2025_0725\★XR_FrameV2025_1113\src\ezZigSim.cpp(212,12): warning C4244: '初期化中': '__int64' から 'int' への変換です。データが失われる可能性があります。
D:\SSD_DATA\★XR_FrameV2025_0725\★XR_FrameV2025_1113\src\ezZigSim.cpp(213,4): warning C4996: 'strncpy': This function or variable may be unsafe. Consider using strncpy_s instead. To disable deprecation, use _CRT_SECURE_NO_WARNINGS. See online help for details.
D:\SSD_DATA\★XR_FrameV2025_0725\★XR_FrameV2025_1113\src\ezZigSim.cpp(263,12): warning C4244: '初期化中': '__int64' から 'int' への変換です。データが失われる可能性があります。
D:\SSD_DATA\★XR_FrameV2025_0725\★XR_FrameV2025_1113\src\ezZigSim.cpp(264,4): warning C4996: 'strncpy': This function or variable may be unsafe. Consider using strncpy_s instead. To disable deprecation, use _CRT_SECURE_NO_WARNINGS. See online help for details.
D:\SSD_DATA\★XR_FrameV2025_0725\★XR_FrameV2025_1113\src\ezZigSim.cpp(313,12): warning C4244: '初期化中': '__int64' から 'int' への変換です。データが失われる可能性があります。
D:\SSD_DATA\★XR_FrameV2025_0725\★XR_FrameV2025_1113\src\ezZigSim.cpp(314,4): warning C4996: 'strncpy': This function or variable may be unsafe. Consider using strncpy_s instead. To disable deprecation, use _CRT_SECURE_NO_WARNINGS. See online help for details.
D:\SSD_DATA\★XR_FrameV2025_0725\★XR_FrameV2025_1113\src\ezZigSim.cpp(363,12): warning C4244: '初期化中': '__int64' から 'int' への変換です。データが失われる可能性があります。
D:\SSD_DATA\★XR_FrameV2025_0725\★XR_FrameV2025_1113\src\ezZigSim.cpp(364,4): warning C4996: 'strncpy': This function or variable may be unsafe. Consider using strncpy_s instead. To disable deprecation, use _CRT_SECURE_NO_WARNINGS. See online help for details.
D:\SSD_DATA\★XR_FrameV2025_0725\★XR_FrameV2025_1113\src\ezZigSim.cpp(418,12): warning C4244: '初期化中': '__int64' から 'int' への変換です。データが失われる可能性があります。
D:\SSD_DATA\★XR_FrameV2025_0725\★XR_FrameV2025_1113\src\ezZigSim.cpp(419,4): warning C4996: 'strncpy': This function or variable may be unsafe. Consider using strncpy_s instead. To disable deprecation, use _CRT_SECURE_NO_WARNINGS. See online help for details.
D:\SSD_DATA\★XR_FrameV2025_0725\★XR_FrameV2025_1113\src\ezZigSim.cpp(458,12): warning C4244: '初期化中': '__int64' から 'int' への変換です。データが失われる可能性があります。
D:\SSD_DATA\★XR_FrameV2025_0725\★XR_FrameV2025_1113\src\ezZigSim.cpp(459,4): warning C4996: 'strncpy': This function or variable may be unsafe. Consider using strncpy_s instead. To disable deprecation, use _CRT_SECURE_NO_WARNINGS. See online help for details.
D:\SSD_DATA\★XR_FrameV2025_0725\★XR_FrameV2025_1113\src\ezZigSim.cpp(495,12): warning C4244: '初期化中': '__int64' から 'int' への変換です。データが失われる可能性があります。
D:\SSD_DATA\★XR_FrameV2025_0725\★XR_FrameV2025_1113\src\ezZigSim.cpp(496,4): warning C4996: 'strncpy': This function or variable may be unsafe. Consider using strncpy_s instead. To disable deprecation, use _CRT_SECURE_NO_WARNINGS. See online help for details.
  gyro.cpp
  light.cpp
D:\SSD_DATA\★XR_FrameV2025_0725\★XR_FrameV2025_1113\include\ezMovie.h(97,10): warning C4244: '初期化中': 'double' から 'int' への変換です。データが失われる可能性があります。
  (ソース ファイル '../src/light.cpp' をコンパイルしています)
  
D:\SSD_DATA\★XR_FrameV2025_0725\★XR_FrameV2025_1113\src\light.cpp(9,26): warning C4305: '初期化中': 'double' から 'float' へ切り詰めます。
D:\SSD_DATA\★XR_FrameV2025_0725\★XR_FrameV2025_1113\src\light.cpp(9,31): warning C4305: '初期化中': 'double' から 'float' へ切り詰めます。
D:\SSD_DATA\★XR_FrameV2025_0725\★XR_FrameV2025_1113\src\light.cpp(9,36): warning C4305: '初期化中': 'double' から 'float' へ切り詰めます。
D:\SSD_DATA\★XR_FrameV2025_0725\★XR_FrameV2025_1113\src\light.cpp(48,31): warning C4305: '初期化中': 'double' から 'float' へ切り詰めます。
D:\SSD_DATA\★XR_FrameV2025_0725\★XR_FrameV2025_1113\src\light.cpp(48,36): warning C4305: '初期化中': 'double' から 'float' へ切り詰めます。
D:\SSD_DATA\★XR_FrameV2025_0725\★XR_FrameV2025_1113\src\light.cpp(48,41): warning C4305: '初期化中': 'double' から 'float' へ切り詰めます。
D:\SSD_DATA\★XR_FrameV2025_0725\★XR_FrameV2025_1113\src\light.cpp(93,19): warning C4244: '=': 'double' から 'float' への変換です。データが失われる可能性があります。
D:\SSD_DATA\★XR_FrameV2025_0725\★XR_FrameV2025_1113\src\light.cpp(94,18): warning C4244: '=': 'double' から 'float' への変換です。データが失われる可能性があります。
D:\SSD_DATA\★XR_FrameV2025_0725\★XR_FrameV2025_1113\src\light.cpp(126,19): warning C4244: '=': 'double' から 'float' への変換です。データが失われる可能性があります。
D:\SSD_DATA\★XR_FrameV2025_0725\★XR_FrameV2025_1113\src\light.cpp(127,18): warning C4244: '=': 'double' から 'float' への変換です。データが失われる可能性があります。
D:\SSD_DATA\★XR_FrameV2025_0725\★XR_FrameV2025_1113\src\light.cpp(157,19): warning C4244: '=': 'double' から 'float' への変換です。データが失われる可能性があります。
D:\SSD_DATA\★XR_FrameV2025_0725\★XR_FrameV2025_1113\src\light.cpp(158,18): warning C4244: '=': 'double' から 'float' への変換です。データが失われる可能性があります。
D:\SSD_DATA\★XR_FrameV2025_0725\★XR_FrameV2025_1113\src\light.cpp(188,17): warning C4244: '=': 'double' から 'float' への変換です。データが失われる可能性があります。
D:\SSD_DATA\★XR_FrameV2025_0725\★XR_FrameV2025_1113\src\light.cpp(191,17): warning C4244: '=': 'double' から 'float' への変換です。データが失われる可能性があります。
D:\SSD_DATA\★XR_FrameV2025_0725\★XR_FrameV2025_1113\src\light.cpp(205,41): warning C4244: '引数': 'double' から 'float' への変換です。データが失われる可能性があります。
D:\SSD_DATA\★XR_FrameV2025_0725\★XR_FrameV2025_1113\src\light.cpp(210,9): warning C4244: 'return': 'double' から 'float' への変換です。データが失われる可能性があります。
  Matrix.cpp
D:\SSD_DATA\★XR_FrameV2025_0725\★XR_FrameV2025_1113\src\Matrix.cpp(73,12): warning C4101: 'k': ローカル変数は 1 度も使われていません。
D:\SSD_DATA\★XR_FrameV2025_0725\★XR_FrameV2025_1113\src\Matrix.cpp(217,11): warning C4244: '初期化中': 'double' から 'float' への変換です。データが失われる可能性があります。
  mymodel.cpp
D:\SSD_DATA\★XR_FrameV2025_0725\★XR_FrameV2025_1113\include\ezMovie.h(97,10): warning C4244: '初期化中': 'double' から 'int' への変換です。データが失われる可能性があります。
  (ソース ファイル '../src/mymodel.cpp' をコンパイルしています)
  
D:\SSD_DATA\★XR_FrameV2025_0725\★XR_FrameV2025_1113\src\mymodel.cpp(76,32): warning C4305: '引数': 'double' から 'float' へ切り詰めます。
D:\SSD_DATA\★XR_FrameV2025_0725\★XR_FrameV2025_1113\src\mymodel.cpp(76,27): warning C4305: '引数': 'double' から 'float' へ切り詰めます。
D:\SSD_DATA\★XR_FrameV2025_0725\★XR_FrameV2025_1113\src\mymodel.cpp(76,22): warning C4305: '引数': 'double' から 'float' へ切り詰めます。
D:\SSD_DATA\★XR_FrameV2025_0725\★XR_FrameV2025_1113\src\mymodel.cpp(80,53): warning C4244: '=': 'double' から 'float' への変換です。データが失われる可能性があります。
D:\SSD_DATA\★XR_FrameV2025_0725\★XR_FrameV2025_1113\src\mymodel.cpp(81,53): warning C4244: '=': 'double' から 'float' への変換です。データが失われる可能性があります。
D:\SSD_DATA\★XR_FrameV2025_0725\★XR_FrameV2025_1113\src\mymodel.cpp(82,53): warning C4244: '=': 'double' から 'float' への変換です。データが失われる可能性があります。
  myShape.cpp
D:\SSD_DATA\★XR_FrameV2025_0725\★XR_FrameV2025_1113\src\myShape.cpp(11,10): warning C4244: '=': 'double' から 'float' への変換です。データが失われる可能性があります。
D:\SSD_DATA\★XR_FrameV2025_0725\★XR_FrameV2025_1113\src\myShape.cpp(12,9): warning C4244: '=': 'double' から 'float' への変換です。データが失われる可能性があります。
D:\SSD_DATA\★XR_FrameV2025_0725\★XR_FrameV2025_1113\src\myShape.cpp(14,33): warning C4305: '引数': 'double' から 'GLfloat' へ切り詰めます。
D:\SSD_DATA\★XR_FrameV2025_0725\★XR_FrameV2025_1113\src\myShape.cpp(14,23): warning C4244: '引数': 'double' から 'GLfloat' への変換です。データが失われる可能性があります。
D:\SSD_DATA\★XR_FrameV2025_0725\★XR_FrameV2025_1113\src\myShape.cpp(17,8): warning C4244: '=': 'double' から 'float' への変換です。データが失われる可能性があります。
D:\SSD_DATA\★XR_FrameV2025_0725\★XR_FrameV2025_1113\src\myShape.cpp(18,8): warning C4244: '=': 'double' から 'float' への変換です。データが失われる可能性があります。
D:\SSD_DATA\★XR_FrameV2025_0725\★XR_FrameV2025_1113\src\myShape.cpp(27,8): warning C4244: '=': 'double' から 'float' への変換です。データが失われる可能性があります。
D:\SSD_DATA\★XR_FrameV2025_0725\★XR_FrameV2025_1113\src\myShape.cpp(28,8): warning C4244: '=': 'double' から 'float' への変換です。データが失われる可能性があります。
D:\SSD_DATA\★XR_FrameV2025_0725\★XR_FrameV2025_1113\src\myShape.cpp(35,8): warning C4244: '=': 'double' から 'float' への変換です。データが失われる可能性があります。
D:\SSD_DATA\★XR_FrameV2025_0725\★XR_FrameV2025_1113\src\myShape.cpp(36,8): warning C4244: '=': 'double' から 'float' への変換です。データが失われる可能性があります。
D:\SSD_DATA\★XR_FrameV2025_0725\★XR_FrameV2025_1113\src\myShape.cpp(50,10): warning C4244: '=': 'double' から 'float' への変換です。データが失われる可能性があります。
D:\SSD_DATA\★XR_FrameV2025_0725\★XR_FrameV2025_1113\src\myShape.cpp(51,9): warning C4244: '=': 'double' から 'float' への変換です。データが失われる可能性があります。
D:\SSD_DATA\★XR_FrameV2025_0725\★XR_FrameV2025_1113\src\myShape.cpp(53,23): warning C4244: '引数': 'double' から 'GLfloat' への変換です。データが失われる可能性があります。
D:\SSD_DATA\★XR_FrameV2025_0725\★XR_FrameV2025_1113\src\myShape.cpp(56,8): warning C4244: '=': 'double' から 'float' への変換です。データが失われる可能性があります。
D:\SSD_DATA\★XR_FrameV2025_0725\★XR_FrameV2025_1113\src\myShape.cpp(57,8): warning C4244: '=': 'double' から 'float' への変換です。データが失われる可能性があります。
D:\SSD_DATA\★XR_FrameV2025_0725\★XR_FrameV2025_1113\src\myShape.cpp(65,8): warning C4244: '=': 'double' から 'float' への変換です。データが失われる可能性があります。
D:\SSD_DATA\★XR_FrameV2025_0725\★XR_FrameV2025_1113\src\myShape.cpp(66,8): warning C4244: '=': 'double' から 'float' への変換です。データが失われる可能性があります。
D:\SSD_DATA\★XR_FrameV2025_0725\★XR_FrameV2025_1113\src\myShape.cpp(73,8): warning C4244: '=': 'double' から 'float' への変換です。データが失われる可能性があります。
D:\SSD_DATA\★XR_FrameV2025_0725\★XR_FrameV2025_1113\src\myShape.cpp(74,8): warning C4244: '=': 'double' から 'float' への変換です。データが失われる可能性があります。
  SerialIO.cpp
  Shapes.cpp
D:\SSD_DATA\★XR_FrameV2025_0725\★XR_FrameV2025_1113\src\Shapes.cpp(29,18): warning C4244: '引数': 'double' から 'GLfloat' への変換です。データが失われる可能性があります。
D:\SSD_DATA\★XR_FrameV2025_0725\★XR_FrameV2025_1113\src\Shapes.cpp(40,18): warning C4244: '引数': 'double' から 'GLfloat' への変換です。データが失われる可能性があります。
D:\SSD_DATA\★XR_FrameV2025_0725\★XR_FrameV2025_1113\src\Shapes.cpp(51,18): warning C4244: '引数': 'double' から 'GLfloat' への変換です。データが失われる可能性があります。
D:\SSD_DATA\★XR_FrameV2025_0725\★XR_FrameV2025_1113\src\Shapes.cpp(66,18): warning C4244: '引数': 'double' から 'GLfloat' への変換です。データが失われる可能性があります。
D:\SSD_DATA\★XR_FrameV2025_0725\★XR_FrameV2025_1113\src\Shapes.cpp(182,11): warning C4244: '=': 'double' から 'float' への変換です。データが失われる可能性があります。
D:\SSD_DATA\★XR_FrameV2025_0725\★XR_FrameV2025_1113\src\Shapes.cpp(183,11): warning C4244: '=': 'double' から 'float' への変換です。データが失われる可能性があります。
D:\SSD_DATA\★XR_FrameV2025_0725\★XR_FrameV2025_1113\src\Shapes.cpp(198,25): warning C4244: '=': 'double' から 'float' への変換です。データが失われる可能性があります。
D:\SSD_DATA\★XR_FrameV2025_0725\★XR_FrameV2025_1113\src\Shapes.cpp(203,24): warning C4244: '=': 'double' から 'float' への変換です。データが失われる可能性があります。
D:\SSD_DATA\★XR_FrameV2025_0725\★XR_FrameV2025_1113\src\Shapes.cpp(257,11): warning C4244: '=': 'double' から 'float' への変換です。データが失われる可能性があります。
D:\SSD_DATA\★XR_FrameV2025_0725\★XR_FrameV2025_1113\src\Shapes.cpp(258,11): warning C4244: '=': 'double' から 'float' への変換です。データが失われる可能性があります。
D:\SSD_DATA\★XR_FrameV2025_0725\★XR_FrameV2025_1113\src\Shapes.cpp(274,25): warning C4244: '=': 'double' から 'float' への変換です。データが失われる可能性があります。
D:\SSD_DATA\★XR_FrameV2025_0725\★XR_FrameV2025_1113\src\Shapes.cpp(279,24): warning C4244: '=': 'double' から 'float' への変換です。データが失われる可能性があります。
D:\SSD_DATA\★XR_FrameV2025_0725\★XR_FrameV2025_1113\src\Shapes.cpp(308,57): warning C4244: '引数': 'double' から 'GLfloat' への変換です。データが失われる可能性があります。
D:\SSD_DATA\★XR_FrameV2025_0725\★XR_FrameV2025_1113\src\Shapes.cpp(308,41): warning C4244: '引数': 'double' から 'GLfloat' への変換です。データが失われる可能性があります。
D:\SSD_DATA\★XR_FrameV2025_0725\★XR_FrameV2025_1113\src\Shapes.cpp(308,25): warning C4244: '引数': 'double' から 'GLfloat' への変換です。データが失われる可能性があります。
D:\SSD_DATA\★XR_FrameV2025_0725\★XR_FrameV2025_1113\src\Shapes.cpp(337,11): warning C4244: '=': 'double' から 'float' への変換です。データが失われる可能性があります。
D:\SSD_DATA\★XR_FrameV2025_0725\★XR_FrameV2025_1113\src\Shapes.cpp(338,11): warning C4244: '=': 'double' から 'float' への変換です。データが失われる可能性があります。
D:\SSD_DATA\★XR_FrameV2025_0725\★XR_FrameV2025_1113\src\Shapes.cpp(353,25): warning C4244: '=': 'double' から 'float' への変換です。データが失われる可能性があります。
D:\SSD_DATA\★XR_FrameV2025_0725\★XR_FrameV2025_1113\src\Shapes.cpp(358,24): warning C4244: '=': 'double' から 'float' への変換です。データが失われる可能性があります。
D:\SSD_DATA\★XR_FrameV2025_0725\★XR_FrameV2025_1113\src\Shapes.cpp(426,11): warning C4244: '=': 'double' から 'float' への変換です。データが失われる可能性があります。
D:\SSD_DATA\★XR_FrameV2025_0725\★XR_FrameV2025_1113\src\Shapes.cpp(427,11): warning C4244: '=': 'double' から 'float' への変換です。データが失われる可能性があります。
D:\SSD_DATA\★XR_FrameV2025_0725\★XR_FrameV2025_1113\src\Shapes.cpp(444,25): warning C4244: '=': 'double' から 'float' への変換です。データが失われる可能性があります。
D:\SSD_DATA\★XR_FrameV2025_0725\★XR_FrameV2025_1113\src\Shapes.cpp(449,24): warning C4244: '=': 'double' から 'float' への変換です。データが失われる可能性があります。
D:\SSD_DATA\★XR_FrameV2025_0725\★XR_FrameV2025_1113\src\Shapes.cpp(478,57): warning C4244: '引数': 'double' から 'GLfloat' への変換です。データが失われる可能性があります。
D:\SSD_DATA\★XR_FrameV2025_0725\★XR_FrameV2025_1113\src\Shapes.cpp(478,41): warning C4244: '引数': 'double' から 'GLfloat' への変換です。データが失われる可能性があります。
D:\SSD_DATA\★XR_FrameV2025_0725\★XR_FrameV2025_1113\src\Shapes.cpp(478,25): warning C4244: '引数': 'double' から 'GLfloat' への変換です。データが失われる可能性があります。
D:\SSD_DATA\★XR_FrameV2025_0725\★XR_FrameV2025_1113\src\Shapes.cpp(551,46): warning C4244: '引数': 'double' から 'float' への変換です。データが失われる可能性があります。
D:\SSD_DATA\★XR_FrameV2025_0725\★XR_FrameV2025_1113\src\Shapes.cpp(552,46): warning C4244: '引数': 'double' から 'float' への変換です。データが失われる可能性があります。
D:\SSD_DATA\★XR_FrameV2025_0725\★XR_FrameV2025_1113\src\Shapes.cpp(554,38): warning C4244: '引数': 'double' から 'float' への変換です。データが失われる可能性があります。
D:\SSD_DATA\★XR_FrameV2025_0725\★XR_FrameV2025_1113\src\Shapes.cpp(555,38): warning C4244: '引数': 'double' から 'float' への変換です。データが失われる可能性があります。
D:\SSD_DATA\★XR_FrameV2025_0725\★XR_FrameV2025_1113\src\Shapes.cpp(577,10): warning C4305: '=': 'double' から 'float' へ切り詰めます。
D:\SSD_DATA\★XR_FrameV2025_0725\★XR_FrameV2025_1113\src\Shapes.cpp(606,25): warning C4244: '引数': 'double' から 'GLfloat' への変換です。データが失われる可能性があります。
D:\SSD_DATA\★XR_FrameV2025_0725\★XR_FrameV2025_1113\src\Shapes.cpp(609,25): warning C4244: '引数': 'double' から 'GLfloat' への変換です。データが失われる可能性があります。
D:\SSD_DATA\★XR_FrameV2025_0725\★XR_FrameV2025_1113\src\Shapes.cpp(614,24): warning C4244: '引数': 'double' から 'GLfloat' への変換です。データが失われる可能性があります。
D:\SSD_DATA\★XR_FrameV2025_0725\★XR_FrameV2025_1113\src\Shapes.cpp(617,24): warning C4244: '引数': 'double' から 'GLfloat' への変換です。データが失われる可能性があります。
D:\SSD_DATA\★XR_FrameV2025_0725\★XR_FrameV2025_1113\src\Shapes.cpp(673,10): warning C4305: '=': 'double' から 'float' へ切り詰めます。
D:\SSD_DATA\★XR_FrameV2025_0725\★XR_FrameV2025_1113\src\Shapes.cpp(685,24): warning C4244: '引数': 'double' から 'GLfloat' への変換です。データが失われる可能性があります。
D:\SSD_DATA\★XR_FrameV2025_0725\★XR_FrameV2025_1113\src\Shapes.cpp(689,25): warning C4244: '引数': 'double' から 'GLfloat' への変換です。データが失われる可能性があります。
D:\SSD_DATA\★XR_FrameV2025_0725\★XR_FrameV2025_1113\src\Shapes.cpp(696,25): warning C4244: '引数': 'double' から 'GLfloat' への変換です。データが失われる可能性があります。
D:\SSD_DATA\★XR_FrameV2025_0725\★XR_FrameV2025_1113\src\Shapes.cpp(800,46): warning C4244: '引数': 'double' から 'float' への変換です。データが失われる可能性があります。
D:\SSD_DATA\★XR_FrameV2025_0725\★XR_FrameV2025_1113\src\Shapes.cpp(801,46): warning C4244: '引数': 'double' から 'float' への変換です。データが失われる可能性があります。
D:\SSD_DATA\★XR_FrameV2025_0725\★XR_FrameV2025_1113\src\Shapes.cpp(803,38): warning C4244: '引数': 'double' から 'float' への変換です。データが失われる可能性があります。
D:\SSD_DATA\★XR_FrameV2025_0725\★XR_FrameV2025_1113\src\Shapes.cpp(804,38): warning C4244: '引数': 'double' から 'float' への変換です。データが失われる可能性があります。
  sim.cpp
D:\SSD_DATA\★XR_FrameV2025_0725\★XR_FrameV2025_1113\include\ezMovie.h(97,10): warning C4244: '初期化中': 'double' から 'int' への変換です。データが失われる可能性があります。
  (ソース ファイル '../src/sim.cpp' をコンパイルしています)
  
D:\SSD_DATA\★XR_FrameV2025_0725\★XR_FrameV2025_1113\src\sim.cpp(120,22): warning C4305: '=': 'double' から 'float' へ切り詰めます。
D:\SSD_DATA\★XR_FrameV2025_0725\★XR_FrameV2025_1113\src\sim.cpp(122,40): warning C4305: '引数': 'double' から 'float' へ切り詰めます。
D:\SSD_DATA\★XR_FrameV2025_0725\★XR_FrameV2025_1113\src\sim.cpp(122,35): warning C4305: '引数': 'double' から 'float' へ切り詰めます。
D:\SSD_DATA\★XR_FrameV2025_0725\★XR_FrameV2025_1113\src\sim.cpp(122,30): warning C4305: '引数': 'double' から 'float' へ切り詰めます。
D:\SSD_DATA\★XR_FrameV2025_0725\★XR_FrameV2025_1113\src\sim.cpp(122,25): warning C4305: '引数': 'double' から 'float' へ切り詰めます。
D:\SSD_DATA\★XR_FrameV2025_0725\★XR_FrameV2025_1113\src\sim.cpp(128,43): warning C4305: '引数': 'double' から 'float' へ切り詰めます。
D:\SSD_DATA\★XR_FrameV2025_0725\★XR_FrameV2025_1113\src\sim.cpp(128,38): warning C4305: '引数': 'double' から 'float' へ切り詰めます。
D:\SSD_DATA\★XR_FrameV2025_0725\★XR_FrameV2025_1113\src\sim.cpp(131,27): warning C4305: '=': 'double' から 'float' へ切り詰めます。
D:\SSD_DATA\★XR_FrameV2025_0725\★XR_FrameV2025_1113\src\sim.cpp(135,23): warning C4305: '=': 'double' から 'float' へ切り詰めます。
D:\SSD_DATA\★XR_FrameV2025_0725\★XR_FrameV2025_1113\src\sim.cpp(137,35): warning C4305: '引数': 'double' から 'float' へ切り詰めます。
D:\SSD_DATA\★XR_FrameV2025_0725\★XR_FrameV2025_1113\src\sim.cpp(158,32): warning C4305: '引数': 'double' から 'float' へ切り詰めます。
D:\SSD_DATA\★XR_FrameV2025_0725\★XR_FrameV2025_1113\src\sim.cpp(188,24): warning C4305: '=': 'double' から 'float' へ切り詰めます。
D:\SSD_DATA\★XR_FrameV2025_0725\★XR_FrameV2025_1113\src\sim.cpp(319,33): warning C4305: '初期化中': 'double' から 'float' へ切り詰めます。
D:\SSD_DATA\★XR_FrameV2025_0725\★XR_FrameV2025_1113\src\sim.cpp(341,31): warning C4244: '=': 'double' から 'float' への変換です。データが失われる可能性があります。
D:\SSD_DATA\★XR_FrameV2025_0725\★XR_FrameV2025_1113\src\sim.cpp(343,31): warning C4244: '=': 'double' から 'float' への変換です。データが失われる可能性があります。
D:\SSD_DATA\★XR_FrameV2025_0725\★XR_FrameV2025_1113\src\sim.cpp(407,43): warning C4305: '引数': 'double' から 'float' へ切り詰めます。
D:\SSD_DATA\★XR_FrameV2025_0725\★XR_FrameV2025_1113\src\sim.cpp(407,38): warning C4305: '引数': 'double' から 'float' へ切り詰めます。
D:\SSD_DATA\★XR_FrameV2025_0725\★XR_FrameV2025_1113\src\sim.cpp(407,33): warning C4305: '引数': 'double' から 'float' へ切り詰めます。
D:\SSD_DATA\★XR_FrameV2025_0725\★XR_FrameV2025_1113\src\sim.cpp(423,43): warning C4305: '引数': 'double' から 'float' へ切り詰めます。
D:\SSD_DATA\★XR_FrameV2025_0725\★XR_FrameV2025_1113\src\sim.cpp(423,38): warning C4305: '引数': 'double' から 'float' へ切り詰めます。
D:\SSD_DATA\★XR_FrameV2025_0725\★XR_FrameV2025_1113\src\sim.cpp(423,33): warning C4305: '引数': 'double' から 'float' へ切り詰めます。
  tcpFunc.cpp
D:\SSD_DATA\★XR_FrameV2025_0725\★XR_FrameV2025_1113\src\tcpFunc.cpp(85,34): warning C4996: 'inet_addr': Use inet_pton() or InetPton() instead or define _WINSOCK_DEPRECATED_NO_WARNINGS to disable deprecated API warnings
  Vector.cpp
D:\SSD_DATA\★XR_FrameV2025_0725\★XR_FrameV2025_1113\src\Vector.cpp(12,14): warning C4305: '初期化中': 'double' から 'float' へ切り詰めます。
D:\SSD_DATA\★XR_FrameV2025_0725\★XR_FrameV2025_1113\src\Vector.cpp(13,14): warning C4305: '初期化中': 'double' から 'float' へ切り詰めます。
D:\SSD_DATA\★XR_FrameV2025_0725\★XR_FrameV2025_1113\src\Vector.cpp(117,12): warning C4244: '初期化中': 'double' から 'float' への変換です。データが失われる可能性があります。
D:\SSD_DATA\★XR_FrameV2025_0725\★XR_FrameV2025_1113\src\Vector.cpp(192,9): warning C4244: 'return': 'double' から 'float' への変換です。データが失われる可能性があります。
D:\SSD_DATA\★XR_FrameV2025_0725\★XR_FrameV2025_1113\src\Vector.cpp(208,48): warning C4244: '引数': 'double' から 'float' への変換です。データが失われる可能性があります。
  DirectInputDevice.cpp
  GLMetaseq.c
D:\SSD_DATA\★XR_FrameV2025_0725\★XR_FrameV2025_1113\src\GLMetaseq.c(783,19): warning C4244: '*=': 'double' から 'GLfloat' への変換です。データが失われる可能性があります。
D:\SSD_DATA\★XR_FrameV2025_0725\★XR_FrameV2025_1113\src\GLMetaseq.c(786,19): warning C4244: '*=': 'double' から 'GLfloat' への変換です。データが失われる可能性があります。
D:\SSD_DATA\★XR_FrameV2025_0725\★XR_FrameV2025_1113\src\GLMetaseq.c(789,19): warning C4244: '*=': 'double' から 'GLfloat' への変換です。データが失われる可能性があります。
D:\SSD_DATA\★XR_FrameV2025_0725\★XR_FrameV2025_1113\src\GLMetaseq.c(792,19): warning C4244: '*=': 'double' から 'GLfloat' への変換です。データが失われる可能性があります。
D:\SSD_DATA\★XR_FrameV2025_0725\★XR_FrameV2025_1113\src\GLMetaseq.c(970,15): warning C4244: '/=': 'double' から 'GLfloat' への変換です。データが失われる可能性があります。
D:\SSD_DATA\★XR_FrameV2025_0725\★XR_FrameV2025_1113\src\GLMetaseq.c(971,15): warning C4244: '/=': 'double' から 'GLfloat' への変換です。データが失われる可能性があります。
D:\SSD_DATA\★XR_FrameV2025_0725\★XR_FrameV2025_1113\src\GLMetaseq.c(972,15): warning C4244: '/=': 'double' から 'GLfloat' への変換です。データが失われる可能性があります。
D:\SSD_DATA\★XR_FrameV2025_0725\★XR_FrameV2025_1113\src\GLMetaseq.c(1037,18): warning C4244: '=': '__int64' から 'int' への変換です。データが失われる可能性があります。
D:\SSD_DATA\★XR_FrameV2025_0725\★XR_FrameV2025_1113\src\GLMetaseq.c(1042,19): warning C4244: '=': '__int64' から 'int' への変換です。データが失われる可能性があります。
D:\SSD_DATA\★XR_FrameV2025_0725\★XR_FrameV2025_1113\src\GLMetaseq.c(1325,51): warning C4244: '=': 'double' から 'GLfloat' への変換です。データが失われる可能性があります。
D:\SSD_DATA\★XR_FrameV2025_0725\★XR_FrameV2025_1113\src\GLMetaseq.c(1326,51): warning C4244: '=': 'double' から 'GLfloat' への変換です。データが失われる可能性があります。
D:\SSD_DATA\★XR_FrameV2025_0725\★XR_FrameV2025_1113\src\GLMetaseq.c(1327,51): warning C4244: '=': 'double' から 'GLfloat' への変換です。データが失われる可能性があります。
D:\SSD_DATA\★XR_FrameV2025_0725\★XR_FrameV2025_1113\src\GLMetaseq.c(1350,51): warning C4244: '=': 'double' から 'GLfloat' への変換です。データが失われる可能性があります。
D:\SSD_DATA\★XR_FrameV2025_0725\★XR_FrameV2025_1113\src\GLMetaseq.c(1351,51): warning C4244: '=': 'double' から 'GLfloat' への変換です。データが失われる可能性があります。
D:\SSD_DATA\★XR_FrameV2025_0725\★XR_FrameV2025_1113\src\GLMetaseq.c(1352,51): warning C4244: '=': 'double' から 'GLfloat' への変換です。データが失われる可能性があります。
D:\SSD_DATA\★XR_FrameV2025_0725\★XR_FrameV2025_1113\src\GLMetaseq.c(1371,51): warning C4244: '=': 'double' から 'GLfloat' への変換です。データが失われる可能性があります。
D:\SSD_DATA\★XR_FrameV2025_0725\★XR_FrameV2025_1113\src\GLMetaseq.c(1372,51): warning C4244: '=': 'double' から 'GLfloat' への変換です。データが失われる可能性があります。
D:\SSD_DATA\★XR_FrameV2025_0725\★XR_FrameV2025_1113\src\GLMetaseq.c(1373,51): warning C4244: '=': 'double' から 'GLfloat' への変換です。データが失われる可能性があります。
D:\SSD_DATA\★XR_FrameV2025_0725\★XR_FrameV2025_1113\src\GLMetaseq.c(1394,33): warning C4244: '=': 'double' から 'GLfloat' への変換です。データが失われる可能性があります。
D:\SSD_DATA\★XR_FrameV2025_0725\★XR_FrameV2025_1113\src\GLMetaseq.c(1401,51): warning C4244: '=': 'double' から 'GLfloat' への変換です。データが失われる可能性があります。
D:\SSD_DATA\★XR_FrameV2025_0725\★XR_FrameV2025_1113\src\GLMetaseq.c(1402,51): warning C4244: '=': 'double' から 'GLfloat' への変換です。データが失われる可能性があります。
D:\SSD_DATA\★XR_FrameV2025_0725\★XR_FrameV2025_1113\src\GLMetaseq.c(1403,51): warning C4244: '=': 'double' から 'GLfloat' への変換です。データが失われる可能性があります。
D:\SSD_DATA\★XR_FrameV2025_0725\★XR_FrameV2025_1113\src\GLMetaseq.c(1426,51): warning C4244: '=': 'double' から 'GLfloat' への変換です。データが失われる可能性があります。
D:\SSD_DATA\★XR_FrameV2025_0725\★XR_FrameV2025_1113\src\GLMetaseq.c(1427,51): warning C4244: '=': 'double' から 'GLfloat' への変換です。データが失われる可能性があります。
D:\SSD_DATA\★XR_FrameV2025_0725\★XR_FrameV2025_1113\src\GLMetaseq.c(1428,51): warning C4244: '=': 'double' から 'GLfloat' への変換です。データが失われる可能性があります。
D:\SSD_DATA\★XR_FrameV2025_0725\★XR_FrameV2025_1113\src\GLMetaseq.c(1448,51): warning C4244: '=': 'double' から 'GLfloat' への変換です。データが失われる可能性があります。
D:\SSD_DATA\★XR_FrameV2025_0725\★XR_FrameV2025_1113\src\GLMetaseq.c(1449,51): warning C4244: '=': 'double' から 'GLfloat' への変換です。データが失われる可能性があります。
D:\SSD_DATA\★XR_FrameV2025_0725\★XR_FrameV2025_1113\src\GLMetaseq.c(1450,51): warning C4244: '=': 'double' から 'GLfloat' への変換です。データが失われる可能性があります。
D:\SSD_DATA\★XR_FrameV2025_0725\★XR_FrameV2025_1113\src\GLMetaseq.c(1532,23): warning C4244: '=': 'double' から 'GLfloat' への変換です。データが失われる可能性があります。
D:\SSD_DATA\★XR_FrameV2025_0725\★XR_FrameV2025_1113\src\GLMetaseq.c(1533,23): warning C4244: '=': 'double' から 'GLfloat' への変換です。データが失われる可能性があります。
D:\SSD_DATA\★XR_FrameV2025_0725\★XR_FrameV2025_1113\src\GLMetaseq.c(1534,23): warning C4244: '=': 'double' から 'GLfloat' への変換です。データが失われる可能性があります。
  isense.c
  perlinNoise.cpp
D:\SSD_DATA\★XR_FrameV2025_0725\★XR_FrameV2025_1113\src\perlinNoise.cpp(460,1): error C1010: プリコンパイル ヘッダーを検索中に不明な EOF が見つかりました。'#include "stdafx.h"' をソースに追加しましたか?
  UsersGuideSample-6.cpp
D:\SSD_DATA\★XR_FrameV2025_0725\★XR_FrameV2025_1113\include\ezMovie.h(97,10): warning C4244: '初期化中': 'double' から 'int' への変換です。データが失われる可能性があります。
  (ソース ファイル '/UsersGuideSample-6.cpp' をコンパイルしています)
  
D:\SSD_DATA\★XR_FrameV2025_0725\★XR_FrameV2025_1113\MR_Project_X1\UsersGuideSample-6.cpp(16,17): error C2065: 'IMrhTarget61': 定義されていない識別子です。
  (ソース ファイル '/UsersGuideSample-6.cpp' をコンパイルしています)
  
D:\SSD_DATA\★XR_FrameV2025_0725\★XR_FrameV2025_1113\MR_Project_X1\UsersGuideSample-6.cpp(16,31): error C2065: 'target': 定義されていない識別子です。
  (ソース ファイル '/UsersGuideSample-6.cpp' をコンパイルしています)
  
D:\SSD_DATA\★XR_FrameV2025_0725\★XR_FrameV2025_1113\MR_Project_X1\UsersGuideSample-6.cpp(16,39): error C2062: 型 'int' は不要です。
  (ソース ファイル '/UsersGuideSample-6.cpp' をコンパイルしています)
  
D:\SSD_DATA\★XR_FrameV2025_0725\★XR_FrameV2025_1113\MR_Project_X1\UsersGuideSample-6.cpp(18,17): error C2065: 'IMrhCamera60': 定義されていない識別子です。
  (ソース ファイル '/UsersGuideSample-6.cpp' をコンパイルしています)
  
D:\SSD_DATA\★XR_FrameV2025_0725\★XR_FrameV2025_1113\MR_Project_X1\UsersGuideSample-6.cpp(18,31): error C2065: 'camera': 定義されていない識別子です。
  (ソース ファイル '/UsersGuideSample-6.cpp' をコンパイルしています)
  
D:\SSD_DATA\★XR_FrameV2025_0725\★XR_FrameV2025_1113\MR_Project_X1\UsersGuideSample-6.cpp(18,48): error C2065: 'target': 定義されていない識別子です。
  (ソース ファイル '/UsersGuideSample-6.cpp' をコンパイルしています)
  
D:\SSD_DATA\★XR_FrameV2025_0725\★XR_FrameV2025_1113\MR_Project_X1\UsersGuideSample-6.cpp(18,39): error C2275: 'TargetT': 型の代わりに式が必要です
  (ソース ファイル '/UsersGuideSample-6.cpp' をコンパイルしています)
  
D:\SSD_DATA\★XR_FrameV2025_0725\★XR_FrameV2025_1113\MR_Project_X1\UsersGuideSample-6.cpp(18,56): error C2062: 型 'bool' は不要です。
  (ソース ファイル '/UsersGuideSample-6.cpp' をコンパイルしています)
  
D:\SSD_DATA\★XR_FrameV2025_0725\★XR_FrameV2025_1113\MR_Project_X1\UsersGuideSample-6.cpp(42,16): error C2143: 構文エラー: ';' が '*' の前にありません。
  (ソース ファイル '/UsersGuideSample-6.cpp' をコンパイルしています)
  
D:\SSD_DATA\★XR_FrameV2025_0725\★XR_FrameV2025_1113\MR_Project_X1\UsersGuideSample-6.cpp(42,1): error C4430: 型指定子がありません - int と仮定しました。メモ: C++ は int を既定値としてサポートしていません
  (ソース ファイル '/UsersGuideSample-6.cpp' をコンパイルしています)
  
D:\SSD_DATA\★XR_FrameV2025_0725\★XR_FrameV2025_1113\MR_Project_X1\UsersGuideSample-6.cpp(42,17): error C4430: 型指定子がありません - int と仮定しました。メモ: C++ は int を既定値としてサポートしていません
  (ソース ファイル '/UsersGuideSample-6.cpp' をコンパイルしています)
  
D:\SSD_DATA\★XR_FrameV2025_0725\★XR_FrameV2025_1113\MR_Project_X1\UsersGuideSample-6.cpp(43,16): error C2143: 構文エラー: ';' が '*' の前にありません。
  (ソース ファイル '/UsersGuideSample-6.cpp' をコンパイルしています)
  
D:\SSD_DATA\★XR_FrameV2025_0725\★XR_FrameV2025_1113\MR_Project_X1\UsersGuideSample-6.cpp(43,1): error C4430: 型指定子がありません - int と仮定しました。メモ: C++ は int を既定値としてサポートしていません
  (ソース ファイル '/UsersGuideSample-6.cpp' をコンパイルしています)
  
D:\SSD_DATA\★XR_FrameV2025_0725\★XR_FrameV2025_1113\MR_Project_X1\UsersGuideSample-6.cpp(43,17): error C4430: 型指定子がありません - int と仮定しました。メモ: C++ は int を既定値としてサポートしていません
  (ソース ファイル '/UsersGuideSample-6.cpp' をコンパイルしています)
  
D:\SSD_DATA\★XR_FrameV2025_0725\★XR_FrameV2025_1113\MR_Project_X1\UsersGuideSample-6.cpp(45,18): error C2143: 構文エラー: ';' が '*' の前にありません。
  (ソース ファイル '/UsersGuideSample-6.cpp' をコンパイルしています)
  
D:\SSD_DATA\★XR_FrameV2025_0725\★XR_FrameV2025_1113\MR_Project_X1\UsersGuideSample-6.cpp(45,1): error C4430: 型指定子がありません - int と仮定しました。メモ: C++ は int を既定値としてサポートしていません
  (ソース ファイル '/UsersGuideSample-6.cpp' をコンパイルしています)
  
D:\SSD_DATA\★XR_FrameV2025_0725\★XR_FrameV2025_1113\MR_Project_X1\UsersGuideSample-6.cpp(45,19): error C4430: 型指定子がありません - int と仮定しました。メモ: C++ は int を既定値としてサポートしていません
  (ソース ファイル '/UsersGuideSample-6.cpp' をコンパイルしています)
  
D:\SSD_DATA\★XR_FrameV2025_0725\★XR_FrameV2025_1113\MR_Project_X1\UsersGuideSample-6.cpp(46,12): error C2143: 構文エラー: ';' が '*' の前にありません。
  (ソース ファイル '/UsersGuideSample-6.cpp' をコンパイルしています)
  
D:\SSD_DATA\★XR_FrameV2025_0725\★XR_FrameV2025_1113\MR_Project_X1\UsersGuideSample-6.cpp(46,1): error C4430: 型指定子がありません - int と仮定しました。メモ: C++ は int を既定値としてサポートしていません
  (ソース ファイル '/UsersGuideSample-6.cpp' をコンパイルしています)
  
D:\SSD_DATA\★XR_FrameV2025_0725\★XR_FrameV2025_1113\MR_Project_X1\UsersGuideSample-6.cpp(46,14): error C4430: 型指定子がありません - int と仮定しました。メモ: C++ は int を既定値としてサポートしていません
  (ソース ファイル '/UsersGuideSample-6.cpp' をコンパイルしています)
  
D:\SSD_DATA\★XR_FrameV2025_0725\★XR_FrameV2025_1113\MR_Project_X1\UsersGuideSample-6.cpp(47,14): error C2143: 構文エラー: ';' が '*' の前にありません。
  (ソース ファイル '/UsersGuideSample-6.cpp' をコンパイルしています)
  
D:\SSD_DATA\★XR_FrameV2025_0725\★XR_FrameV2025_1113\MR_Project_X1\UsersGuideSample-6.cpp(47,1): error C4430: 型指定子がありません - int と仮定しました。メモ: C++ は int を既定値としてサポートしていません
  (ソース ファイル '/UsersGuideSample-6.cpp' をコンパイルしています)
  
D:\SSD_DATA\★XR_FrameV2025_0725\★XR_FrameV2025_1113\MR_Project_X1\UsersGuideSample-6.cpp(47,16): error C4430: 型指定子がありません - int と仮定しました。メモ: C++ は int を既定値としてサポートしていません
  (ソース ファイル '/UsersGuideSample-6.cpp' をコンパイルしています)
  
D:\SSD_DATA\★XR_FrameV2025_0725\★XR_FrameV2025_1113\MR_Project_X1\UsersGuideSample-6.cpp(48,24): error C2065: 'IMrhTarget61': 定義されていない識別子です。
  (ソース ファイル '/UsersGuideSample-6.cpp' をコンパイルしています)
  
D:\SSD_DATA\★XR_FrameV2025_0725\★XR_FrameV2025_1113\MR_Project_X1\UsersGuideSample-6.cpp(48,37): error C2059: 構文エラー: '>'
  (ソース ファイル '/UsersGuideSample-6.cpp' をコンパイルしています)
  
D:\SSD_DATA\★XR_FrameV2025_0725\★XR_FrameV2025_1113\MR_Project_X1\UsersGuideSample-6.cpp(48,8): error C2062: 型 'unknown-type' は不要です。
  (ソース ファイル '/UsersGuideSample-6.cpp' をコンパイルしています)
  
D:\SSD_DATA\★XR_FrameV2025_0725\★XR_FrameV2025_1113\MR_Project_X1\UsersGuideSample-6.cpp(72,20): error C2065: 'IMrhTarget61': 定義されていない識別子です。
  (ソース ファイル '/UsersGuideSample-6.cpp' をコンパイルしています)
  
D:\SSD_DATA\★XR_FrameV2025_0725\★XR_FrameV2025_1113\MR_Project_X1\UsersGuideSample-6.cpp(72,34): error C2065: '_pTarget': 定義されていない識別子です。
  (ソース ファイル '/UsersGuideSample-6.cpp' をコンパイルしています)
  
D:\SSD_DATA\★XR_FrameV2025_0725\★XR_FrameV2025_1113\MR_Project_X1\UsersGuideSample-6.cpp(72,6): error C2182: 'renderTarget': 'void' のこの使用は無効です
  (ソース ファイル '/UsersGuideSample-6.cpp' をコンパイルしています)
  
D:\SSD_DATA\★XR_FrameV2025_0725\★XR_FrameV2025_1113\MR_Project_X1\UsersGuideSample-6.cpp(148,16): warning C4838: 'DWORD' から 'LONG' への変換には縮小変換が必要です
  (ソース ファイル '/UsersGuideSample-6.cpp' をコンパイルしています)
  
D:\SSD_DATA\★XR_FrameV2025_0725\★XR_FrameV2025_1113\MR_Project_X1\UsersGuideSample-6.cpp(148,22): warning C4838: 'DWORD' から 'LONG' への変換には縮小変換が必要です
  (ソース ファイル '/UsersGuideSample-6.cpp' をコンパイルしています)
  
D:\SSD_DATA\★XR_FrameV2025_0725\★XR_FrameV2025_1113\MR_Project_X1\UsersGuideSample-6.cpp(148,33): warning C4838: 'unsigned long' から 'LONG' への変換には縮小変換が必要です
  (ソース ファイル '/UsersGuideSample-6.cpp' をコンパイルしています)
  
D:\SSD_DATA\★XR_FrameV2025_0725\★XR_FrameV2025_1113\MR_Project_X1\UsersGuideSample-6.cpp(148,46): warning C4838: 'unsigned long' から 'LONG' への変換には縮小変換が必要です
  (ソース ファイル '/UsersGuideSample-6.cpp' をコンパイルしています)
  
D:\SSD_DATA\★XR_FrameV2025_0725\★XR_FrameV2025_1113\MR_Project_X1\UsersGuideSample-6.cpp(197,33): error C2065: 'CLSID_CMrhEngine62': 定義されていない識別子です。
  (ソース ファイル '/UsersGuideSample-6.cpp' をコンパイルしています)
  
D:\SSD_DATA\★XR_FrameV2025_0725\★XR_FrameV2025_1113\MR_Project_X1\UsersGuideSample-6.cpp(197,74): error C2065: 'IID_IMrhEngine62': 定義されていない識別子です。
  (ソース ファイル '/UsersGuideSample-6.cpp' をコンパイルしています)
  
D:\SSD_DATA\★XR_FrameV2025_0725\★XR_FrameV2025_1113\MR_Project_X1\UsersGuideSample-6.cpp(284,53): error C2065: 'mpTargets': 定義されていない識別子です。
  (ソース ファイル '/UsersGuideSample-6.cpp' をコンパイルしています)
  
D:\SSD_DATA\★XR_FrameV2025_0725\★XR_FrameV2025_1113\MR_Project_X1\UsersGuideSample-6.cpp(541,7): error C2065: 'mpTargets': 定義されていない識別子です。
  (ソース ファイル '/UsersGuideSample-6.cpp' をコンパイルしています)
  
D:\SSD_DATA\★XR_FrameV2025_0725\★XR_FrameV2025_1113\MR_Project_X1\UsersGuideSample-6.cpp(543,15): error C2065: 'mpTargets': 定義されていない識別子です。
  (ソース ファイル '/UsersGuideSample-6.cpp' をコンパイルしています)
  
D:\SSD_DATA\★XR_FrameV2025_0725\★XR_FrameV2025_1113\MR_Project_X1\UsersGuideSample-6.cpp(543,4): error C3861: 'copyTarget': 識別子が見つかりませんでした
  (ソース ファイル '/UsersGuideSample-6.cpp' をコンパイルしています)
  
D:\SSD_DATA\★XR_FrameV2025_0725\★XR_FrameV2025_1113\MR_Project_X1\UsersGuideSample-6.cpp(546,15): error C2065: 'mpTargets': 定義されていない識別子です。
  (ソース ファイル '/UsersGuideSample-6.cpp' をコンパイルしています)
  
D:\SSD_DATA\★XR_FrameV2025_0725\★XR_FrameV2025_1113\MR_Project_X1\UsersGuideSample-6.cpp(546,4): error C3861: 'copyTarget': 識別子が見つかりませんでした
  (ソース ファイル '/UsersGuideSample-6.cpp' をコンパイルしています)
  
D:\SSD_DATA\★XR_FrameV2025_0725\★XR_FrameV2025_1113\MR_Project_X1\UsersGuideSample-6.cpp(607,4): error C3861: 'copyCamera': 識別子が見つかりませんでした
  (ソース ファイル '/UsersGuideSample-6.cpp' をコンパイルしています)
  
D:\SSD_DATA\★XR_FrameV2025_0725\★XR_FrameV2025_1113\MR_Project_X1\UsersGuideSample-6.cpp(610,4): error C3861: 'copyCamera': 識別子が見つかりませんでした
  (ソース ファイル '/UsersGuideSample-6.cpp' をコンパイルしています)
  
D:\SSD_DATA\★XR_FrameV2025_0725\★XR_FrameV2025_1113\MR_Project_X1\UsersGuideSample-6.cpp(623,69): warning C4244: '引数': 'double' から 'GLfloat' への変換です。データが失われる可能性があります。
  (ソース ファイル '/UsersGuideSample-6.cpp' をコンパイルしています)
  
D:\SSD_DATA\★XR_FrameV2025_0725\★XR_FrameV2025_1113\MR_Project_X1\UsersGuideSample-6.cpp(623,49): warning C4244: '引数': 'double' から 'GLfloat' への変換です。データが失われる可能性があります。
  (ソース ファイル '/UsersGuideSample-6.cpp' をコンパイルしています)
  
D:\SSD_DATA\★XR_FrameV2025_0725\★XR_FrameV2025_1113\MR_Project_X1\UsersGuideSample-6.cpp(623,29): warning C4244: '引数': 'double' から 'GLfloat' への変換です。データが失われる可能性があります。
  (ソース ファイル '/UsersGuideSample-6.cpp' をコンパイルしています)
  
D:\SSD_DATA\★XR_FrameV2025_0725\★XR_FrameV2025_1113\MR_Project_X1\UsersGuideSample-6.cpp(637,31): error C2065: 'camera': 定義されていない識別子です。
  (ソース ファイル '/UsersGuideSample-6.cpp' をコンパイルしています)
  
D:\SSD_DATA\★XR_FrameV2025_0725\★XR_FrameV2025_1113\MR_Project_X1\UsersGuideSample-6.cpp(637,48): error C2065: 'target': 定義されていない識別子です。
  (ソース ファイル '/UsersGuideSample-6.cpp' をコンパイルしています)
  
D:\SSD_DATA\★XR_FrameV2025_0725\★XR_FrameV2025_1113\MR_Project_X1\UsersGuideSample-6.cpp(637,39): error C2275: 'TargetT': 型の代わりに式が必要です
  (ソース ファイル '/UsersGuideSample-6.cpp' をコンパイルしています)
  
D:\SSD_DATA\★XR_FrameV2025_0725\★XR_FrameV2025_1113\MR_Project_X1\UsersGuideSample-6.cpp(637,56): error C2062: 型 'bool' は不要です。
  (ソース ファイル '/UsersGuideSample-6.cpp' をコンパイルしています)
  
D:\SSD_DATA\★XR_FrameV2025_0725\★XR_FrameV2025_1113\MR_Project_X1\UsersGuideSample-6.cpp(638,1): error C2143: 構文エラー: ';' が '{' の前にありません。
  (ソース ファイル '/UsersGuideSample-6.cpp' をコンパイルしています)
  
D:\SSD_DATA\★XR_FrameV2025_0725\★XR_FrameV2025_1113\MR_Project_X1\UsersGuideSample-6.cpp(638,1): error C2447: '{': 対応する関数ヘッダーがありません (旧形式の仮引数リスト?)
  (ソース ファイル '/UsersGuideSample-6.cpp' をコンパイルしています)
  
D:\SSD_DATA\★XR_FrameV2025_0725\★XR_FrameV2025_1113\MR_Project_X1\UsersGuideSample-6.cpp(668,17): error C2065: 'IMrhTarget61': 定義されていない識別子です。
  (ソース ファイル '/UsersGuideSample-6.cpp' をコンパイルしています)
  
D:\SSD_DATA\★XR_FrameV2025_0725\★XR_FrameV2025_1113\MR_Project_X1\UsersGuideSample-6.cpp(668,31): error C2065: '_pTarget': 定義されていない識別子です。
  (ソース ファイル '/UsersGuideSample-6.cpp' をコンパイルしています)
  
D:\SSD_DATA\★XR_FrameV2025_0725\★XR_FrameV2025_1113\MR_Project_X1\UsersGuideSample-6.cpp(668,41): error C2062: 型 'int' は不要です。
  (ソース ファイル '/UsersGuideSample-6.cpp' をコンパイルしています)
  
D:\SSD_DATA\★XR_FrameV2025_0725\★XR_FrameV2025_1113\MR_Project_X1\UsersGuideSample-6.cpp(669,1): error C2143: 構文エラー: ';' が '{' の前にありません。
  (ソース ファイル '/UsersGuideSample-6.cpp' をコンパイルしています)
  
D:\SSD_DATA\★XR_FrameV2025_0725\★XR_FrameV2025_1113\MR_Project_X1\UsersGuideSample-6.cpp(669,1): error C2447: '{': 対応する関数ヘッダーがありません (旧形式の仮引数リスト?)
  (ソース ファイル '/UsersGuideSample-6.cpp' をコンパイルしています)
  
D:\SSD_DATA\★XR_FrameV2025_0725\★XR_FrameV2025_1113\MR_Project_X1\UsersGuideSample-6.cpp(752,45): warning C4244: '=': 'double' から 'float' への変換です。データが失われる可能性があります。
  (ソース ファイル '/UsersGuideSample-6.cpp' をコンパイルしています)
  
D:\SSD_DATA\★XR_FrameV2025_0725\★XR_FrameV2025_1113\MR_Project_X1\UsersGuideSample-6.cpp(753,45): warning C4244: '=': 'double' から 'float' への変換です。データが失われる可能性があります。
  (ソース ファイル '/UsersGuideSample-6.cpp' をコンパイルしています)
  
D:\SSD_DATA\★XR_FrameV2025_0725\★XR_FrameV2025_1113\MR_Project_X1\UsersGuideSample-6.cpp(754,45): warning C4244: '=': 'double' から 'float' への変換です。データが失われる可能性があります。
  (ソース ファイル '/UsersGuideSample-6.cpp' をコンパイルしています)
  
D:\SSD_DATA\★XR_FrameV2025_0725\★XR_FrameV2025_1113\MR_Project_X1\UsersGuideSample-6.cpp(759,51): warning C4244: '=': 'double' から 'float' への変換です。データが失われる可能性があります。
  (ソース ファイル '/UsersGuideSample-6.cpp' をコンパイルしています)
  
D:\SSD_DATA\★XR_FrameV2025_0725\★XR_FrameV2025_1113\MR_Project_X1\UsersGuideSample-6.cpp(766,20): error C2065: 'IMrhTarget61': 定義されていない識別子です。
  (ソース ファイル '/UsersGuideSample-6.cpp' をコンパイルしています)
  
D:\SSD_DATA\★XR_FrameV2025_0725\★XR_FrameV2025_1113\MR_Project_X1\UsersGuideSample-6.cpp(766,34): error C2065: '_pTarget': 定義されていない識別子です。
  (ソース ファイル '/UsersGuideSample-6.cpp' をコンパイルしています)
  
D:\SSD_DATA\★XR_FrameV2025_0725\★XR_FrameV2025_1113\MR_Project_X1\UsersGuideSample-6.cpp(766,6): error C2182: 'renderTarget': 'void' のこの使用は無効です
  (ソース ファイル '/UsersGuideSample-6.cpp' をコンパイルしています)
  
D:\SSD_DATA\★XR_FrameV2025_0725\★XR_FrameV2025_1113\MR_Project_X1\UsersGuideSample-6.cpp(766,6): error C2374: 'renderTarget': 再定義されています。2 回以上初期化されています。
  (ソース ファイル '/UsersGuideSample-6.cpp' をコンパイルしています)
      D:\SSD_DATA\★XR_FrameV2025_0725\★XR_FrameV2025_1113\MR_Project_X1\UsersGuideSample-6.cpp(72,6):
      'renderTarget' の宣言を確認してください
  
D:\SSD_DATA\★XR_FrameV2025_0725\★XR_FrameV2025_1113\MR_Project_X1\UsersGuideSample-6.cpp(766,6): error C2086: 'int renderTarget': 再定義されました。
  (ソース ファイル '/UsersGuideSample-6.cpp' をコンパイルしています)
      D:\SSD_DATA\★XR_FrameV2025_0725\★XR_FrameV2025_1113\MR_Project_X1\UsersGuideSample-6.cpp(72,6):
      'renderTarget' の宣言を確認してください
  
D:\SSD_DATA\★XR_FrameV2025_0725\★XR_FrameV2025_1113\MR_Project_X1\UsersGuideSample-6.cpp(766,45): error C2143: 構文エラー: ';' が '{' の前にありません。
  (ソース ファイル '/UsersGuideSample-6.cpp' をコンパイルしています)
  
D:\SSD_DATA\★XR_FrameV2025_0725\★XR_FrameV2025_1113\MR_Project_X1\UsersGuideSample-6.cpp(768,2): error C4430: 型指定子がありません - int と仮定しました。メモ: C++ は int を既定値としてサポートしていません
  (ソース ファイル '/UsersGuideSample-6.cpp' をコンパイルしています)
  
D:\SSD_DATA\★XR_FrameV2025_0725\★XR_FrameV2025_1113\MR_Project_X1\UsersGuideSample-6.cpp(768,2): error C2556: 'int glPushMatrix(void)': オーバーロード関数は、'void glPushMatrix(void)' と戻り値の型のみが異なります。
  (ソース ファイル '/UsersGuideSample-6.cpp' をコンパイルしています)
      C:\Program Files (x86)\Windows Kits\10\Include\10.0.22621.0\um\GL\gl.h(1367,25):
      'glPushMatrix' の宣言を確認してください
  
D:\SSD_DATA\★XR_FrameV2025_0725\★XR_FrameV2025_1113\MR_Project_X1\UsersGuideSample-6.cpp(768,2): error C2371: 'glPushMatrix': 再定義されています。異なる基本型です。
  (ソース ファイル '/UsersGuideSample-6.cpp' をコンパイルしています)
      C:\Program Files (x86)\Windows Kits\10\Include\10.0.22621.0\um\GL\gl.h(1367,25):
      'glPushMatrix' の宣言を確認してください
  
D:\SSD_DATA\★XR_FrameV2025_0725\★XR_FrameV2025_1113\MR_Project_X1\UsersGuideSample-6.cpp(775,2): error C3927: '->': 後続の戻り値の型は、関数以外の宣言子の後に許可されていません
  (ソース ファイル '/UsersGuideSample-6.cpp' をコンパイルしています)
  
D:\SSD_DATA\★XR_FrameV2025_0725\★XR_FrameV2025_1113\MR_Project_X1\UsersGuideSample-6.cpp(775,12): error C3613: '->' の後に戻り型が指定されていません ('int' と見なされます)
  (ソース ファイル '/UsersGuideSample-6.cpp' をコンパイルしています)
  
D:\SSD_DATA\★XR_FrameV2025_0725\★XR_FrameV2025_1113\MR_Project_X1\UsersGuideSample-6.cpp(775,2): error C4430: 型指定子がありません - int と仮定しました。メモ: C++ は int を既定値としてサポートしていません
  (ソース ファイル '/UsersGuideSample-6.cpp' をコンパイルしています)
  
D:\SSD_DATA\★XR_FrameV2025_0725\★XR_FrameV2025_1113\MR_Project_X1\UsersGuideSample-6.cpp(775,12): error C2146: 構文エラー: ';' が、識別子 'GetPosition' の前に必要です。
  (ソース ファイル '/UsersGuideSample-6.cpp' をコンパイルしています)
  
D:\SSD_DATA\★XR_FrameV2025_0725\★XR_FrameV2025_1113\MR_Project_X1\UsersGuideSample-6.cpp(776,2): error C3927: '->': 後続の戻り値の型は、関数以外の宣言子の後に許可されていません
  (ソース ファイル '/UsersGuideSample-6.cpp' をコンパイルしています)
  
D:\SSD_DATA\★XR_FrameV2025_0725\★XR_FrameV2025_1113\MR_Project_X1\UsersGuideSample-6.cpp(776,12): error C3613: '->' の後に戻り型が指定されていません ('int' と見なされます)
  (ソース ファイル '/UsersGuideSample-6.cpp' をコンパイルしています)
  
D:\SSD_DATA\★XR_FrameV2025_0725\★XR_FrameV2025_1113\MR_Project_X1\UsersGuideSample-6.cpp(776,2): error C4430: 型指定子がありません - int と仮定しました。メモ: C++ は int を既定値としてサポートしていません
  (ソース ファイル '/UsersGuideSample-6.cpp' をコンパイルしています)
  
D:\SSD_DATA\★XR_FrameV2025_0725\★XR_FrameV2025_1113\MR_Project_X1\UsersGuideSample-6.cpp(776,2): error C2086: 'int _pTarget': 再定義されました。
  (ソース ファイル '/UsersGuideSample-6.cpp' をコンパイルしています)
      D:\SSD_DATA\★XR_FrameV2025_0725\★XR_FrameV2025_1113\MR_Project_X1\UsersGuideSample-6.cpp(775,2):
      '_pTarget' の宣言を確認してください
  
D:\SSD_DATA\★XR_FrameV2025_0725\★XR_FrameV2025_1113\MR_Project_X1\UsersGuideSample-6.cpp(776,12): error C2146: 構文エラー: ';' が、識別子 'GetOrientation' の前に必要です。
  (ソース ファイル '/UsersGuideSample-6.cpp' をコンパイルしています)
  
D:\SSD_DATA\★XR_FrameV2025_0725\★XR_FrameV2025_1113\MR_Project_X1\UsersGuideSample-6.cpp(780,2): error C4430: 型指定子がありません - int と仮定しました。メモ: C++ は int を既定値としてサポートしていません
  (ソース ファイル '/UsersGuideSample-6.cpp' をコンパイルしています)
  
D:\SSD_DATA\★XR_FrameV2025_0725\★XR_FrameV2025_1113\MR_Project_X1\UsersGuideSample-6.cpp(780,2): error C2365: 'glTranslatef': 再定義; 以前の定義は '関数' でした。
  (ソース ファイル '/UsersGuideSample-6.cpp' をコンパイルしています)
      C:\Program Files (x86)\Windows Kits\10\Include\10.0.22621.0\um\GL\gl.h(1466,25):
      'glTranslatef' の宣言を確認してください
  
D:\SSD_DATA\★XR_FrameV2025_0725\★XR_FrameV2025_1113\MR_Project_X1\UsersGuideSample-6.cpp(781,2): error C4430: 型指定子がありません - int と仮定しました。メモ: C++ は int を既定値としてサポートしていません
  (ソース ファイル '/UsersGuideSample-6.cpp' をコンパイルしています)
  
D:\SSD_DATA\★XR_FrameV2025_0725\★XR_FrameV2025_1113\MR_Project_X1\UsersGuideSample-6.cpp(781,2): error C2365: 'glRotatef': 再定義; 以前の定義は '関数' でした。
  (ソース ファイル '/UsersGuideSample-6.cpp' をコンパイルしています)
      C:\Program Files (x86)\Windows Kits\10\Include\10.0.22621.0\um\GL\gl.h(1405,25):
      'glRotatef' の宣言を確認してください
  
D:\SSD_DATA\★XR_FrameV2025_0725\★XR_FrameV2025_1113\MR_Project_X1\UsersGuideSample-6.cpp(785,2): error C4430: 型指定子がありません - int と仮定しました。メモ: C++ は int を既定値としてサポートしていません
  (ソース ファイル '/UsersGuideSample-6.cpp' をコンパイルしています)
  
D:\SSD_DATA\★XR_FrameV2025_0725\★XR_FrameV2025_1113\MR_Project_X1\UsersGuideSample-6.cpp(785,2): error C2365: 'glRotatef': 再定義; 以前の定義は '関数' でした。
  (ソース ファイル '/UsersGuideSample-6.cpp' をコンパイルしています)
      C:\Program Files (x86)\Windows Kits\10\Include\10.0.22621.0\um\GL\gl.h(1405,25):
      'glRotatef' の宣言を確認してください
  
D:\SSD_DATA\★XR_FrameV2025_0725\★XR_FrameV2025_1113\MR_Project_X1\UsersGuideSample-6.cpp(786,2): error C4430: 型指定子がありません - int と仮定しました。メモ: C++ は int を既定値としてサポートしていません
  (ソース ファイル '/UsersGuideSample-6.cpp' をコンパイルしています)
  
D:\SSD_DATA\★XR_FrameV2025_0725\★XR_FrameV2025_1113\MR_Project_X1\UsersGuideSample-6.cpp(786,2): error C2365: 'dispCylinder': 再定義; 以前の定義は '関数' でした。
  (ソース ファイル '/UsersGuideSample-6.cpp' をコンパイルしています)
      D:\SSD_DATA\★XR_FrameV2025_0725\★XR_FrameV2025_1113\MR_Project_X1\UsersGuideSample.h(30,6):
      'dispCylinder' の宣言を確認してください
  
D:\SSD_DATA\★XR_FrameV2025_0725\★XR_FrameV2025_1113\MR_Project_X1\UsersGuideSample-6.cpp(787,2): error C4430: 型指定子がありません - int と仮定しました。メモ: C++ は int を既定値としてサポートしていません
  (ソース ファイル '/UsersGuideSample-6.cpp' をコンパイルしています)
  
D:\SSD_DATA\★XR_FrameV2025_0725\★XR_FrameV2025_1113\MR_Project_X1\UsersGuideSample-6.cpp(787,2): error C2556: 'int glPopMatrix(void)': オーバーロード関数は、'void glPopMatrix(void)' と戻り値の型のみが異なります。
  (ソース ファイル '/UsersGuideSample-6.cpp' をコンパイルしています)
      C:\Program Files (x86)\Windows Kits\10\Include\10.0.22621.0\um\GL\gl.h(1362,25):
      'glPopMatrix' の宣言を確認してください
  
D:\SSD_DATA\★XR_FrameV2025_0725\★XR_FrameV2025_1113\MR_Project_X1\UsersGuideSample-6.cpp(787,2): error C2371: 'glPopMatrix': 再定義されています。異なる基本型です。
  (ソース ファイル '/UsersGuideSample-6.cpp' をコンパイルしています)
      C:\Program Files (x86)\Windows Kits\10\Include\10.0.22621.0\um\GL\gl.h(1362,25):
      'glPopMatrix' の宣言を確認してください
  
D:\SSD_DATA\★XR_FrameV2025_0725\★XR_FrameV2025_1113\MR_Project_X1\UsersGuideSample-6.cpp(788,1): error C2059: 構文エラー: '}'
  (ソース ファイル '/UsersGuideSample-6.cpp' をコンパイルしています)
  
D:\SSD_DATA\★XR_FrameV2025_0725\★XR_FrameV2025_1113\MR_Project_X1\UsersGuideSample-6.cpp(788,1): error C2143: 構文エラー: ';' が '}' の前にありません。
  (ソース ファイル '/UsersGuideSample-6.cpp' をコンパイルしています)
  
D:\SSD_DATA\★XR_FrameV2025_0725\★XR_FrameV2025_1113\MR_Project_X1\UsersGuideSample-6.cpp(794,36): error C2143: 構文エラー: ';' が '{' の前にありません。
  (ソース ファイル '/UsersGuideSample-6.cpp' をコンパイルしています)
  
D:\SSD_DATA\★XR_FrameV2025_0725\★XR_FrameV2025_1113\MR_Project_X1\UsersGuideSample-6.cpp(794,36): error C2447: '{': 対応する関数ヘッダーがありません (旧形式の仮引数リスト?)
  (ソース ファイル '/UsersGuideSample-6.cpp' をコンパイルしています)
  
D:\SSD_DATA\★XR_FrameV2025_0725\★XR_FrameV2025_1113\MR_Project_X1\UsersGuideSample-6.cpp(851,30): error C2065: 'IMrhTarget61': 定義されていない識別子です。
  (ソース ファイル '/UsersGuideSample-6.cpp' をコンパイルしています)
  
D:\SSD_DATA\★XR_FrameV2025_0725\★XR_FrameV2025_1113\MR_Project_X1\UsersGuideSample-6.cpp(851,43): error C2059: 構文エラー: '>'
  (ソース ファイル '/UsersGuideSample-6.cpp' をコンパイルしています)
  
D:\SSD_DATA\★XR_FrameV2025_0725\★XR_FrameV2025_1113\MR_Project_X1\UsersGuideSample-6.cpp(851,46): error C2530: 'target': 参照が初期化されずに宣言されています。
  (ソース ファイル '/UsersGuideSample-6.cpp' をコンパイルしています)
  
D:\SSD_DATA\★XR_FrameV2025_0725\★XR_FrameV2025_1113\MR_Project_X1\UsersGuideSample-6.cpp(851,53): error C2143: 構文エラー: ';' が ':' の前にありません。
  (ソース ファイル '/UsersGuideSample-6.cpp' をコンパイルしています)
  
D:\SSD_DATA\★XR_FrameV2025_0725\★XR_FrameV2025_1113\MR_Project_X1\UsersGuideSample-6.cpp(851,55): error C2065: 'mpTargets': 定義されていない識別子です。
  (ソース ファイル '/UsersGuideSample-6.cpp' をコンパイルしています)
  
D:\SSD_DATA\★XR_FrameV2025_0725\★XR_FrameV2025_1113\MR_Project_X1\UsersGuideSample-6.cpp(851,64): error C2143: 構文エラー: ';' が ')' の前にありません。
  (ソース ファイル '/UsersGuideSample-6.cpp' をコンパイルしています)
  
