d:\★xr_framev2025_0725\★xr_framev2025_1023\mr_project_x1\x64\release\mr_project_x1_x64.pch
d:\★xr_framev2025_0725\★xr_framev2025_1023\mr_project_x1\x64\release\vc143.pdb
d:\★xr_framev2025_0725\★xr_framev2025_1023\mr_project_x1\x64\release\stdafx.obj
d:\★xr_framev2025_0725\★xr_framev2025_1023\mr_project_x1\x64\release\image.obj
d:\★xr_framev2025_0725\★xr_framev2025_1023\mr_project_x1\x64\release\ezwebcam.obj
d:\★xr_framev2025_0725\★xr_framev2025_1023\mr_project_x1\x64\release\ezpng.obj
d:\★xr_framev2025_0725\★xr_framev2025_1023\mr_project_x1\x64\release\ezjpeg.obj
d:\★xr_framev2025_0725\★xr_framev2025_1023\mr_project_x1\x64\release\mpu6050.obj
d:\★xr_framev2025_0725\★xr_framev2025_1023\mr_project_x1\x64\release\jy901.obj
d:\★xr_framev2025_0725\★xr_framev2025_1023\mr_project_x1\x64\release\ezgyro.obj
d:\★xr_framev2025_0725\★xr_framev2025_1023\mr_project_x1\x64\release\com.obj
d:\★xr_framev2025_0725\★xr_framev2025_1023\mr_project_x1\x64\release\ezfont.obj
d:\★xr_framev2025_0725\★xr_framev2025_1023\mr_project_x1\x64\release\draw.obj
d:\★xr_framev2025_0725\★xr_framev2025_1023\mr_project_x1\x64\release\depth.obj
d:\★xr_framev2025_0725\★xr_framev2025_1023\mr_project_x1\x64\release\calc.obj
d:\★xr_framev2025_0725\★xr_framev2025_1023\mr_project_x1\x64\release\threedvector.obj
d:\★xr_framev2025_0725\★xr_framev2025_1023\mr_project_x1\x64\release\pngimage.obj
d:\★xr_framev2025_0725\★xr_framev2025_1023\mr_project_x1\x64\release\objloader_seq.obj
d:\★xr_framev2025_0725\★xr_framev2025_1023\mr_project_x1\x64\release\objloader.obj
d:\★xr_framev2025_0725\★xr_framev2025_1023\mr_project_x1\x64\release\objdetaildata.obj
d:\★xr_framev2025_0725\★xr_framev2025_1023\mr_project_x1\x64\release\objdata.obj
d:\★xr_framev2025_0725\★xr_framev2025_1023\mr_project_x1\x64\release\mtl.obj
d:\★xr_framev2025_0725\★xr_framev2025_1023\mr_project_x1\x64\release\material.obj
d:\★xr_framev2025_0725\★xr_framev2025_1023\mr_project_x1\x64\release\directinputdevice.obj
d:\★xr_framev2025_0725\★xr_framev2025_1023\mr_project_x1\x64\release\vector.obj
d:\★xr_framev2025_0725\★xr_framev2025_1023\mr_project_x1\x64\release\tcpfunc.obj
d:\★xr_framev2025_0725\★xr_framev2025_1023\mr_project_x1\x64\release\sim.obj
d:\★xr_framev2025_0725\★xr_framev2025_1023\mr_project_x1\x64\release\shapes.obj
d:\★xr_framev2025_0725\★xr_framev2025_1023\mr_project_x1\x64\release\serialio.obj
d:\★xr_framev2025_0725\★xr_framev2025_1023\mr_project_x1\x64\release\myshape.obj
d:\★xr_framev2025_0725\★xr_framev2025_1023\mr_project_x1\x64\release\mymodel.obj
d:\★xr_framev2025_0725\★xr_framev2025_1023\mr_project_x1\x64\release\matrix.obj
d:\★xr_framev2025_0725\★xr_framev2025_1023\mr_project_x1\x64\release\light.obj
d:\★xr_framev2025_0725\★xr_framev2025_1023\mr_project_x1\x64\release\gyro.obj
d:\★xr_framev2025_0725\★xr_framev2025_1023\mr_project_x1\x64\release\ezzigsim.obj
d:\★xr_framev2025_0725\★xr_framev2025_1023\mr_project_x1\x64\release\ezutil.obj
d:\★xr_framev2025_0725\★xr_framev2025_1023\mr_project_x1\x64\release\ezmidi.obj
d:\★xr_framev2025_0725\★xr_framev2025_1023\mr_project_x1\x64\release\isense.obj
d:\★xr_framev2025_0725\★xr_framev2025_1023\mr_project_x1\x64\release\glmetaseq.obj
d:\★xr_framev2025_0725\★xr_framev2025_1023\mr_project_x1\x64\release\usersguidesample-6.obj
d:\★xr_framev2025_0725\★xr_framev2025_1023\x64\release\mr_project_x1_x64.exe
d:\★xr_framev2025_0725\★xr_framev2025_1023\x64\release\mr_project_x1_x64.pdb
d:\★xr_framev2025_0725\★xr_framev2025_1023\x64\release\mr_project_x1_x64.lib
d:\★xr_framev2025_0725\★xr_framev2025_1023\x64\release\mr_project_x1_x64.exp
d:\★xr_framev2025_0725\★xr_framev2025_1023\mr_project_x1\x64\release\mr_project_x1_x64.ipdb
d:\★xr_framev2025_0725\★xr_framev2025_1023\mr_project_x1\x64\release\mr_project_x1_x64.iobj
d:\ssd_data\★xr_framev2025_0725\★xr_framev2025_1113\mr_project_x1\x64\release\calc.obj
d:\ssd_data\★xr_framev2025_0725\★xr_framev2025_1113\mr_project_x1\x64\release\com.obj
d:\ssd_data\★xr_framev2025_0725\★xr_framev2025_1113\mr_project_x1\x64\release\depth.obj
d:\ssd_data\★xr_framev2025_0725\★xr_framev2025_1113\mr_project_x1\x64\release\directinputdevice.obj
d:\ssd_data\★xr_framev2025_0725\★xr_framev2025_1113\mr_project_x1\x64\release\draw.obj
d:\ssd_data\★xr_framev2025_0725\★xr_framev2025_1113\mr_project_x1\x64\release\ezfont.obj
d:\ssd_data\★xr_framev2025_0725\★xr_framev2025_1113\mr_project_x1\x64\release\ezgyro.obj
d:\ssd_data\★xr_framev2025_0725\★xr_framev2025_1113\mr_project_x1\x64\release\ezjpeg.obj
d:\ssd_data\★xr_framev2025_0725\★xr_framev2025_1113\mr_project_x1\x64\release\ezmidi.obj
d:\ssd_data\★xr_framev2025_0725\★xr_framev2025_1113\mr_project_x1\x64\release\ezpng.obj
d:\ssd_data\★xr_framev2025_0725\★xr_framev2025_1113\mr_project_x1\x64\release\ezutil.obj
d:\ssd_data\★xr_framev2025_0725\★xr_framev2025_1113\mr_project_x1\x64\release\ezwebcam.obj
d:\ssd_data\★xr_framev2025_0725\★xr_framev2025_1113\mr_project_x1\x64\release\ezzigsim.obj
d:\ssd_data\★xr_framev2025_0725\★xr_framev2025_1113\mr_project_x1\x64\release\glmetaseq.obj
d:\ssd_data\★xr_framev2025_0725\★xr_framev2025_1113\mr_project_x1\x64\release\gyro.obj
d:\ssd_data\★xr_framev2025_0725\★xr_framev2025_1113\mr_project_x1\x64\release\image.obj
d:\ssd_data\★xr_framev2025_0725\★xr_framev2025_1113\mr_project_x1\x64\release\isense.obj
d:\ssd_data\★xr_framev2025_0725\★xr_framev2025_1113\mr_project_x1\x64\release\jy901.obj
d:\ssd_data\★xr_framev2025_0725\★xr_framev2025_1113\mr_project_x1\x64\release\light.obj
d:\ssd_data\★xr_framev2025_0725\★xr_framev2025_1113\mr_project_x1\x64\release\material.obj
d:\ssd_data\★xr_framev2025_0725\★xr_framev2025_1113\mr_project_x1\x64\release\matrix.obj
d:\ssd_data\★xr_framev2025_0725\★xr_framev2025_1113\mr_project_x1\x64\release\mpu6050.obj
d:\ssd_data\★xr_framev2025_0725\★xr_framev2025_1113\mr_project_x1\x64\release\mtl.obj
d:\ssd_data\★xr_framev2025_0725\★xr_framev2025_1113\mr_project_x1\x64\release\mymodel.obj
d:\ssd_data\★xr_framev2025_0725\★xr_framev2025_1113\mr_project_x1\x64\release\myshape.obj
d:\ssd_data\★xr_framev2025_0725\★xr_framev2025_1113\mr_project_x1\x64\release\objdata.obj
d:\ssd_data\★xr_framev2025_0725\★xr_framev2025_1113\mr_project_x1\x64\release\objdetaildata.obj
d:\ssd_data\★xr_framev2025_0725\★xr_framev2025_1113\mr_project_x1\x64\release\objloader.obj
d:\ssd_data\★xr_framev2025_0725\★xr_framev2025_1113\mr_project_x1\x64\release\objloader_seq.obj
d:\ssd_data\★xr_framev2025_0725\★xr_framev2025_1113\mr_project_x1\x64\release\pngimage.obj
d:\ssd_data\★xr_framev2025_0725\★xr_framev2025_1113\mr_project_x1\x64\release\serialio.obj
d:\ssd_data\★xr_framev2025_0725\★xr_framev2025_1113\mr_project_x1\x64\release\shapes.obj
d:\ssd_data\★xr_framev2025_0725\★xr_framev2025_1113\mr_project_x1\x64\release\sim.obj
d:\ssd_data\★xr_framev2025_0725\★xr_framev2025_1113\mr_project_x1\x64\release\stdafx.obj
d:\ssd_data\★xr_framev2025_0725\★xr_framev2025_1113\mr_project_x1\x64\release\tcpfunc.obj
d:\ssd_data\★xr_framev2025_0725\★xr_framev2025_1113\mr_project_x1\x64\release\threedvector.obj
d:\ssd_data\★xr_framev2025_0725\★xr_framev2025_1113\mr_project_x1\x64\release\usersguidesample-6.obj
d:\ssd_data\★xr_framev2025_0725\★xr_framev2025_1113\mr_project_x1\x64\release\vector.obj
d:\ssd_data\★xr_framev2025_0725\★xr_framev2025_1113\mr_project_x1\x64\release\mr_project_x1_x64.ipdb
d:\ssd_data\★xr_framev2025_0725\★xr_framev2025_1113\mr_project_x1\x64\release\mr_project_x1_x64.iobj
d:\ssd_data\★xr_framev2025_0725\★xr_framev2025_1113\mr_project_x1\x64\release\mr_project_x1_x64.pch
d:\ssd_data\★xr_framev2025_0725\★xr_framev2025_1113\mr_project_x1\x64\release\vc143.pdb
d:\ssd_data\★xr_framev2025_0725\★xr_framev2025_1113\x64\release\mr_project_x1_x64.pdb
d:\ssd_data\★xr_framev2025_0725\★xr_framev2025_1113\x64\release\mr_project_x1_x64.exe
d:\ssd_data\★xr_framev2025_0725\★xr_framev2025_1113\mr_project_x1\x64\release\mr_project_x1.tlog\cl.command.1.tlog
d:\ssd_data\★xr_framev2025_0725\★xr_framev2025_1113\mr_project_x1\x64\release\mr_project_x1.tlog\cl.items.tlog
d:\ssd_data\★xr_framev2025_0725\★xr_framev2025_1113\mr_project_x1\x64\release\mr_project_x1.tlog\cl.read.1.tlog
d:\ssd_data\★xr_framev2025_0725\★xr_framev2025_1113\mr_project_x1\x64\release\mr_project_x1.tlog\cl.write.1.tlog
d:\ssd_data\★xr_framev2025_0725\★xr_framev2025_1113\mr_project_x1\x64\release\mr_project_x1.tlog\link.command.1.tlog
d:\ssd_data\★xr_framev2025_0725\★xr_framev2025_1113\mr_project_x1\x64\release\mr_project_x1.tlog\link.read.1.tlog
d:\ssd_data\★xr_framev2025_0725\★xr_framev2025_1113\mr_project_x1\x64\release\mr_project_x1.tlog\link.secondary.1.tlog
d:\ssd_data\★xr_framev2025_0725\★xr_framev2025_1113\mr_project_x1\x64\release\mr_project_x1.tlog\link.write.1.tlog
