c:\users\登志一\desktop\jpegsr9b\libjpeg\debug\jdinput.obj
c:\users\登志一\desktop\jpegsr9b\libjpeg\debug\jdmainct.obj
c:\users\登志一\desktop\jpegsr9b\libjpeg\debug\jdmarker.obj
c:\users\登志一\desktop\jpegsr9b\libjpeg\debug\jdmaster.obj
c:\users\登志一\desktop\jpegsr9b\libjpeg\debug\jdmerge.obj
c:\users\登志一\desktop\jpegsr9b\libjpeg\debug\jdpostct.obj
c:\users\登志一\desktop\jpegsr9b\libjpeg\debug\jdsample.obj
c:\users\登志一\desktop\jpegsr9b\libjpeg\debug\jdtrans.obj
c:\users\登志一\desktop\jpegsr9b\libjpeg\debug\jerror.obj
c:\users\登志一\desktop\jpegsr9b\libjpeg\debug\jfdctflt.obj
c:\users\登志一\desktop\jpegsr9b\libjpeg\debug\jfdctfst.obj
c:\users\登志一\desktop\jpegsr9b\libjpeg\debug\jfdctint.obj
c:\users\登志一\desktop\jpegsr9b\libjpeg\debug\jidctflt.obj
c:\users\登志一\desktop\jpegsr9b\libjpeg\debug\jidctfst.obj
c:\users\登志一\desktop\jpegsr9b\libjpeg\debug\jidctint.obj
c:\users\登志一\desktop\jpegsr9b\libjpeg\debug\jmemmgr.obj
c:\users\登志一\desktop\jpegsr9b\libjpeg\debug\jmemnobs.obj
c:\users\登志一\desktop\jpegsr9b\libjpeg\debug\jquant1.obj
c:\users\登志一\desktop\jpegsr9b\libjpeg\debug\jquant2.obj
c:\users\登志一\desktop\jpegsr9b\libjpeg\debug\jutils.obj
c:\users\登志一\desktop\jpegsr9b\libjpeg\debug\jcdctmgr.obj
c:\users\登志一\desktop\jpegsr9b\libjpeg\debug\jchuff.obj
c:\users\登志一\desktop\jpegsr9b\libjpeg\debug\jcinit.obj
c:\users\登志一\desktop\jpegsr9b\libjpeg\debug\jcmainct.obj
c:\users\登志一\desktop\jpegsr9b\libjpeg\debug\jcmarker.obj
c:\users\登志一\desktop\jpegsr9b\libjpeg\debug\jcmaster.obj
c:\users\登志一\desktop\jpegsr9b\libjpeg\debug\jcomapi.obj
c:\users\登志一\desktop\jpegsr9b\libjpeg\debug\jcparam.obj
c:\users\登志一\desktop\jpegsr9b\libjpeg\debug\jcprepct.obj
c:\users\登志一\desktop\jpegsr9b\libjpeg\debug\jcsample.obj
c:\users\登志一\desktop\jpegsr9b\libjpeg\debug\jctrans.obj
c:\users\登志一\desktop\jpegsr9b\libjpeg\debug\jdapimin.obj
c:\users\登志一\desktop\jpegsr9b\libjpeg\debug\jdapistd.obj
c:\users\登志一\desktop\jpegsr9b\libjpeg\debug\jdarith.obj
c:\users\登志一\desktop\jpegsr9b\libjpeg\debug\jdatadst.obj
c:\users\登志一\desktop\jpegsr9b\libjpeg\debug\jdatasrc.obj
c:\users\登志一\desktop\jpegsr9b\libjpeg\debug\jdcoefct.obj
c:\users\登志一\desktop\jpegsr9b\libjpeg\debug\jdcolor.obj
c:\users\登志一\desktop\jpegsr9b\libjpeg\debug\jddctmgr.obj
c:\users\登志一\desktop\jpegsr9b\libjpeg\debug\jdhuff.obj
c:\users\登志一\desktop\jpegsr9b\libjpeg\debug\jaricom.obj
c:\users\登志一\desktop\jpegsr9b\libjpeg\debug\jcapimin.obj
c:\users\登志一\desktop\jpegsr9b\libjpeg\debug\jcapistd.obj
c:\users\登志一\desktop\jpegsr9b\libjpeg\debug\jcarith.obj
c:\users\登志一\desktop\jpegsr9b\libjpeg\debug\jccoefct.obj
c:\users\登志一\desktop\jpegsr9b\libjpeg\debug\jccolor.obj
c:\users\登志一\desktop\jpegsr9b\libjpeg\debug\vc100.pdb
c:\users\登志一\desktop\jpegsr9b\libjpeg\debug\libjpeg.lib
d:\develop\mylibjpeg\mylibjpeg\libjpeg\debug\jaricom.obj
d:\develop\mylibjpeg\mylibjpeg\libjpeg\debug\jcapimin.obj
d:\develop\mylibjpeg\mylibjpeg\libjpeg\debug\jcapistd.obj
d:\develop\mylibjpeg\mylibjpeg\libjpeg\debug\jcarith.obj
d:\develop\mylibjpeg\mylibjpeg\libjpeg\debug\jccoefct.obj
d:\develop\mylibjpeg\mylibjpeg\libjpeg\debug\jccolor.obj
d:\develop\mylibjpeg\mylibjpeg\libjpeg\debug\jcdctmgr.obj
d:\develop\mylibjpeg\mylibjpeg\libjpeg\debug\jchuff.obj
d:\develop\mylibjpeg\mylibjpeg\libjpeg\debug\jcinit.obj
d:\develop\mylibjpeg\mylibjpeg\libjpeg\debug\jcmainct.obj
d:\develop\mylibjpeg\mylibjpeg\libjpeg\debug\jcmarker.obj
d:\develop\mylibjpeg\mylibjpeg\libjpeg\debug\jcmaster.obj
d:\develop\mylibjpeg\mylibjpeg\libjpeg\debug\jcomapi.obj
d:\develop\mylibjpeg\mylibjpeg\libjpeg\debug\jcparam.obj
d:\develop\mylibjpeg\mylibjpeg\libjpeg\debug\jcprepct.obj
d:\develop\mylibjpeg\mylibjpeg\libjpeg\debug\jcsample.obj
d:\develop\mylibjpeg\mylibjpeg\libjpeg\debug\jctrans.obj
d:\develop\mylibjpeg\mylibjpeg\libjpeg\debug\jdapimin.obj
d:\develop\mylibjpeg\mylibjpeg\libjpeg\debug\jdapistd.obj
d:\develop\mylibjpeg\mylibjpeg\libjpeg\debug\jdarith.obj
d:\develop\mylibjpeg\mylibjpeg\libjpeg\debug\jdatadst.obj
d:\develop\mylibjpeg\mylibjpeg\libjpeg\debug\jdatasrc.obj
d:\develop\mylibjpeg\mylibjpeg\libjpeg\debug\jdcoefct.obj
d:\develop\mylibjpeg\mylibjpeg\libjpeg\debug\jdcolor.obj
d:\develop\mylibjpeg\mylibjpeg\libjpeg\debug\jddctmgr.obj
d:\develop\mylibjpeg\mylibjpeg\libjpeg\debug\jdhuff.obj
d:\develop\mylibjpeg\mylibjpeg\libjpeg\debug\jdinput.obj
d:\develop\mylibjpeg\mylibjpeg\libjpeg\debug\jdmainct.obj
d:\develop\mylibjpeg\mylibjpeg\libjpeg\debug\jdmarker.obj
d:\develop\mylibjpeg\mylibjpeg\libjpeg\debug\jdmaster.obj
d:\develop\mylibjpeg\mylibjpeg\libjpeg\debug\jdmerge.obj
d:\develop\mylibjpeg\mylibjpeg\libjpeg\debug\jdpostct.obj
d:\develop\mylibjpeg\mylibjpeg\libjpeg\debug\jdsample.obj
d:\develop\mylibjpeg\mylibjpeg\libjpeg\debug\jdtrans.obj
d:\develop\mylibjpeg\mylibjpeg\libjpeg\debug\jerror.obj
d:\develop\mylibjpeg\mylibjpeg\libjpeg\debug\jfdctflt.obj
d:\develop\mylibjpeg\mylibjpeg\libjpeg\debug\jfdctfst.obj
d:\develop\mylibjpeg\mylibjpeg\libjpeg\debug\jfdctint.obj
d:\develop\mylibjpeg\mylibjpeg\libjpeg\debug\jidctflt.obj
d:\develop\mylibjpeg\mylibjpeg\libjpeg\debug\jidctfst.obj
d:\develop\mylibjpeg\mylibjpeg\libjpeg\debug\jidctint.obj
d:\develop\mylibjpeg\mylibjpeg\libjpeg\debug\jmemmgr.obj
d:\develop\mylibjpeg\mylibjpeg\libjpeg\debug\jmemnobs.obj
d:\develop\mylibjpeg\mylibjpeg\libjpeg\debug\jquant1.obj
d:\develop\mylibjpeg\mylibjpeg\libjpeg\debug\jquant2.obj
d:\develop\mylibjpeg\mylibjpeg\libjpeg\debug\jutils.obj
d:\develop\mylibjpeg\mylibjpeg\libjpeg\debug\cl.command.1.tlog
d:\develop\mylibjpeg\mylibjpeg\libjpeg\debug\cl.read.1.tlog
d:\develop\mylibjpeg\mylibjpeg\libjpeg\debug\cl.write.1.tlog
d:\develop\mylibjpeg\mylibjpeg\libjpeg\debug\lib-link.read.1.tlog
d:\develop\mylibjpeg\mylibjpeg\libjpeg\debug\lib-link.write.1.tlog
d:\develop\mylibjpeg\mylibjpeg\libjpeg\debug\lib.command.1.tlog
d:\develop\mylibjpeg\mylibjpeg\libjpeg\debug\libjpeg.write.1.tlog
d:\develop\mylibjpeg\mylibjpeg\libjpeg\debug\vc100.idb
d:\develop\mylibjpeg\mylibjpeg\libjpeg\debug\vc100.pdb
d:\develop\mylibjpeg\mylibjpeg\libjpeg\debug\libjpeg.lib
