d:\s1\mr s1対応作業\プログラム教材アップデート作業\★xr_framev2024_0708_vc2017_s1_v1基本プログラム対応版\mr_project\debug\mr_project.pch
d:\s1\mr s1対応作業\プログラム教材アップデート作業\★xr_framev2024_0708_vc2017_s1_v1基本プログラム対応版\mr_project\debug\vc143.pdb
d:\s1\mr s1対応作業\プログラム教材アップデート作業\★xr_framev2024_0708_vc2017_s1_v1基本プログラム対応版\mr_project\debug\vc143.idb
d:\s1\mr s1対応作業\プログラム教材アップデート作業\★xr_framev2024_0708_vc2017_s1_v1基本プログラム対応版\mr_project\debug\stdafx.obj
d:\s1\mr s1対応作業\プログラム教材アップデート作業\★xr_framev2024_0708_vc2017_s1_v1基本プログラム対応版\mr_project\debug\gyro.obj
d:\s1\mr s1対応作業\プログラム教材アップデート作業\★xr_framev2024_0708_vc2017_s1_v1基本プログラム対応版\mr_project\debug\ezutil.obj
d:\s1\mr s1対応作業\プログラム教材アップデート作業\★xr_framev2024_0708_vc2017_s1_v1基本プログラム対応版\mr_project\debug\ezmidi.obj
d:\s1\mr s1対応作業\プログラム教材アップデート作業\★xr_framev2024_0708_vc2017_s1_v1基本プログラム対応版\mr_project\debug\image.obj
d:\s1\mr s1対応作業\プログラム教材アップデート作業\★xr_framev2024_0708_vc2017_s1_v1基本プログラム対応版\mr_project\debug\ezwebcam.obj
d:\s1\mr s1対応作業\プログラム教材アップデート作業\★xr_framev2024_0708_vc2017_s1_v1基本プログラム対応版\mr_project\debug\ezpng.obj
d:\s1\mr s1対応作業\プログラム教材アップデート作業\★xr_framev2024_0708_vc2017_s1_v1基本プログラム対応版\mr_project\debug\ezjpeg.obj
d:\s1\mr s1対応作業\プログラム教材アップデート作業\★xr_framev2024_0708_vc2017_s1_v1基本プログラム対応版\mr_project\debug\ezfont.obj
d:\s1\mr s1対応作業\プログラム教材アップデート作業\★xr_framev2024_0708_vc2017_s1_v1基本プログラム対応版\mr_project\debug\draw.obj
d:\s1\mr s1対応作業\プログラム教材アップデート作業\★xr_framev2024_0708_vc2017_s1_v1基本プログラム対応版\mr_project\debug\depth.obj
d:\s1\mr s1対応作業\プログラム教材アップデート作業\★xr_framev2024_0708_vc2017_s1_v1基本プログラム対応版\mr_project\debug\com.obj
d:\s1\mr s1対応作業\プログラム教材アップデート作業\★xr_framev2024_0708_vc2017_s1_v1基本プログラム対応版\mr_project\debug\calc.obj
d:\s1\mr s1対応作業\プログラム教材アップデート作業\★xr_framev2024_0708_vc2017_s1_v1基本プログラム対応版\mr_project\debug\threedvector.obj
d:\s1\mr s1対応作業\プログラム教材アップデート作業\★xr_framev2024_0708_vc2017_s1_v1基本プログラム対応版\mr_project\debug\pngimage.obj
d:\s1\mr s1対応作業\プログラム教材アップデート作業\★xr_framev2024_0708_vc2017_s1_v1基本プログラム対応版\mr_project\debug\objloader_seq.obj
d:\s1\mr s1対応作業\プログラム教材アップデート作業\★xr_framev2024_0708_vc2017_s1_v1基本プログラム対応版\mr_project\debug\objloader.obj
d:\s1\mr s1対応作業\プログラム教材アップデート作業\★xr_framev2024_0708_vc2017_s1_v1基本プログラム対応版\mr_project\debug\objdetaildata.obj
d:\s1\mr s1対応作業\プログラム教材アップデート作業\★xr_framev2024_0708_vc2017_s1_v1基本プログラム対応版\mr_project\debug\objdata.obj
d:\s1\mr s1対応作業\プログラム教材アップデート作業\★xr_framev2024_0708_vc2017_s1_v1基本プログラム対応版\mr_project\debug\mtl.obj
d:\s1\mr s1対応作業\プログラム教材アップデート作業\★xr_framev2024_0708_vc2017_s1_v1基本プログラム対応版\mr_project\debug\material.obj
d:\s1\mr s1対応作業\プログラム教材アップデート作業\★xr_framev2024_0708_vc2017_s1_v1基本プログラム対応版\mr_project\debug\tcpfunc.obj
d:\s1\mr s1対応作業\プログラム教材アップデート作業\★xr_framev2024_0708_vc2017_s1_v1基本プログラム対応版\mr_project\debug\sim.obj
d:\s1\mr s1対応作業\プログラム教材アップデート作業\★xr_framev2024_0708_vc2017_s1_v1基本プログラム対応版\mr_project\debug\serialio.obj
d:\s1\mr s1対応作業\プログラム教材アップデート作業\★xr_framev2024_0708_vc2017_s1_v1基本プログラム対応版\mr_project\debug\myshape.obj
d:\s1\mr s1対応作業\プログラム教材アップデート作業\★xr_framev2024_0708_vc2017_s1_v1基本プログラム対応版\mr_project\debug\mymodel.obj
d:\s1\mr s1対応作業\プログラム教材アップデート作業\★xr_framev2024_0708_vc2017_s1_v1基本プログラム対応版\mr_project\debug\light.obj
d:\s1\mr s1対応作業\プログラム教材アップデート作業\★xr_framev2024_0708_vc2017_s1_v1基本プログラム対応版\mr_project\debug\isense.obj
d:\s1\mr s1対応作業\プログラム教材アップデート作業\★xr_framev2024_0708_vc2017_s1_v1基本プログラム対応版\mr_project\debug\glmetaseq.obj
d:\s1\mr s1対応作業\プログラム教材アップデート作業\★xr_framev2024_0708_vc2017_s1_v1基本プログラム対応版\mr_project\debug\mreal_main.obj
d:\s1\mr s1対応作業\プログラム教材アップデート作業\★xr_framev2024_0708_vc2017_s1_v1基本プログラム対応版\debug\mr_project.exe
d:\s1\mr s1対応作業\プログラム教材アップデート作業\★xr_framev2024_0708_vc2017_s1_v1基本プログラム対応版\debug\mr_project.pdb
d:\s1\mr s1対応作業\プログラム教材アップデート作業\★xr_framev2024_0708_vc2017_s1_v1基本プログラム対応版\debug\mr_project.lib
d:\s1\mr s1対応作業\プログラム教材アップデート作業\★xr_framev2024_0708_vc2017_s1_v1基本プログラム対応版\debug\mr_project.exp
i:\s1\mr s1対応作業\プログラム教材アップデート作業\★xr_framev2024_0913_vc2017_s1_v1基本プログラム対応版\mr_project\debug\calc.obj
i:\s1\mr s1対応作業\プログラム教材アップデート作業\★xr_framev2024_0913_vc2017_s1_v1基本プログラム対応版\mr_project\debug\com.obj
i:\s1\mr s1対応作業\プログラム教材アップデート作業\★xr_framev2024_0913_vc2017_s1_v1基本プログラム対応版\mr_project\debug\depth.obj
i:\s1\mr s1対応作業\プログラム教材アップデート作業\★xr_framev2024_0913_vc2017_s1_v1基本プログラム対応版\mr_project\debug\draw.obj
i:\s1\mr s1対応作業\プログラム教材アップデート作業\★xr_framev2024_0913_vc2017_s1_v1基本プログラム対応版\mr_project\debug\ezfont.obj
i:\s1\mr s1対応作業\プログラム教材アップデート作業\★xr_framev2024_0913_vc2017_s1_v1基本プログラム対応版\mr_project\debug\ezjpeg.obj
i:\s1\mr s1対応作業\プログラム教材アップデート作業\★xr_framev2024_0913_vc2017_s1_v1基本プログラム対応版\mr_project\debug\ezmidi.obj
i:\s1\mr s1対応作業\プログラム教材アップデート作業\★xr_framev2024_0913_vc2017_s1_v1基本プログラム対応版\mr_project\debug\ezpng.obj
i:\s1\mr s1対応作業\プログラム教材アップデート作業\★xr_framev2024_0913_vc2017_s1_v1基本プログラム対応版\mr_project\debug\ezutil.obj
i:\s1\mr s1対応作業\プログラム教材アップデート作業\★xr_framev2024_0913_vc2017_s1_v1基本プログラム対応版\mr_project\debug\ezwebcam.obj
i:\s1\mr s1対応作業\プログラム教材アップデート作業\★xr_framev2024_0913_vc2017_s1_v1基本プログラム対応版\mr_project\debug\glmetaseq.obj
i:\s1\mr s1対応作業\プログラム教材アップデート作業\★xr_framev2024_0913_vc2017_s1_v1基本プログラム対応版\mr_project\debug\gyro.obj
i:\s1\mr s1対応作業\プログラム教材アップデート作業\★xr_framev2024_0913_vc2017_s1_v1基本プログラム対応版\mr_project\debug\image.obj
i:\s1\mr s1対応作業\プログラム教材アップデート作業\★xr_framev2024_0913_vc2017_s1_v1基本プログラム対応版\mr_project\debug\isense.obj
i:\s1\mr s1対応作業\プログラム教材アップデート作業\★xr_framev2024_0913_vc2017_s1_v1基本プログラム対応版\mr_project\debug\light.obj
i:\s1\mr s1対応作業\プログラム教材アップデート作業\★xr_framev2024_0913_vc2017_s1_v1基本プログラム対応版\mr_project\debug\material.obj
i:\s1\mr s1対応作業\プログラム教材アップデート作業\★xr_framev2024_0913_vc2017_s1_v1基本プログラム対応版\mr_project\debug\mreal_main.obj
i:\s1\mr s1対応作業\プログラム教材アップデート作業\★xr_framev2024_0913_vc2017_s1_v1基本プログラム対応版\mr_project\debug\mtl.obj
i:\s1\mr s1対応作業\プログラム教材アップデート作業\★xr_framev2024_0913_vc2017_s1_v1基本プログラム対応版\mr_project\debug\mymodel.obj
i:\s1\mr s1対応作業\プログラム教材アップデート作業\★xr_framev2024_0913_vc2017_s1_v1基本プログラム対応版\mr_project\debug\myshape.obj
i:\s1\mr s1対応作業\プログラム教材アップデート作業\★xr_framev2024_0913_vc2017_s1_v1基本プログラム対応版\mr_project\debug\objdata.obj
i:\s1\mr s1対応作業\プログラム教材アップデート作業\★xr_framev2024_0913_vc2017_s1_v1基本プログラム対応版\mr_project\debug\objdetaildata.obj
i:\s1\mr s1対応作業\プログラム教材アップデート作業\★xr_framev2024_0913_vc2017_s1_v1基本プログラム対応版\mr_project\debug\objloader.obj
i:\s1\mr s1対応作業\プログラム教材アップデート作業\★xr_framev2024_0913_vc2017_s1_v1基本プログラム対応版\mr_project\debug\objloader_seq.obj
i:\s1\mr s1対応作業\プログラム教材アップデート作業\★xr_framev2024_0913_vc2017_s1_v1基本プログラム対応版\mr_project\debug\pngimage.obj
i:\s1\mr s1対応作業\プログラム教材アップデート作業\★xr_framev2024_0913_vc2017_s1_v1基本プログラム対応版\mr_project\debug\serialio.obj
i:\s1\mr s1対応作業\プログラム教材アップデート作業\★xr_framev2024_0913_vc2017_s1_v1基本プログラム対応版\mr_project\debug\sim.obj
i:\s1\mr s1対応作業\プログラム教材アップデート作業\★xr_framev2024_0913_vc2017_s1_v1基本プログラム対応版\mr_project\debug\stdafx.obj
i:\s1\mr s1対応作業\プログラム教材アップデート作業\★xr_framev2024_0913_vc2017_s1_v1基本プログラム対応版\mr_project\debug\tcpfunc.obj
i:\s1\mr s1対応作業\プログラム教材アップデート作業\★xr_framev2024_0913_vc2017_s1_v1基本プログラム対応版\mr_project\debug\threedvector.obj
i:\s1\mr s1対応作業\プログラム教材アップデート作業\★xr_framev2024_0913_vc2017_s1_v1基本プログラム対応版\mr_project\debug\mr_project.pch
i:\s1\mr s1対応作業\プログラム教材アップデート作業\★xr_framev2024_0913_vc2017_s1_v1基本プログラム対応版\mr_project\debug\vc143.idb
i:\s1\mr s1対応作業\プログラム教材アップデート作業\★xr_framev2024_0913_vc2017_s1_v1基本プログラム対応版\mr_project\debug\vc143.pdb
i:\s1\mr s1対応作業\プログラム教材アップデート作業\★xr_framev2024_0913_vc2017_s1_v1基本プログラム対応版\debug\mr_project.pdb
i:\s1\mr s1対応作業\プログラム教材アップデート作業\★xr_framev2024_0913_vc2017_s1_v1基本プログラム対応版\debug\mr_project.exe
i:\s1\mr s1対応作業\プログラム教材アップデート作業\★xr_framev2024_0913_vc2017_s1_v1基本プログラム対応版\mr_project\debug\mr_project.tlog\cl.command.1.tlog
i:\s1\mr s1対応作業\プログラム教材アップデート作業\★xr_framev2024_0913_vc2017_s1_v1基本プログラム対応版\mr_project\debug\mr_project.tlog\cl.items.tlog
i:\s1\mr s1対応作業\プログラム教材アップデート作業\★xr_framev2024_0913_vc2017_s1_v1基本プログラム対応版\mr_project\debug\mr_project.tlog\cl.read.1.tlog
i:\s1\mr s1対応作業\プログラム教材アップデート作業\★xr_framev2024_0913_vc2017_s1_v1基本プログラム対応版\mr_project\debug\mr_project.tlog\cl.write.1.tlog
i:\s1\mr s1対応作業\プログラム教材アップデート作業\★xr_framev2024_0913_vc2017_s1_v1基本プログラム対応版\mr_project\debug\mr_project.tlog\link.command.1.tlog
i:\s1\mr s1対応作業\プログラム教材アップデート作業\★xr_framev2024_0913_vc2017_s1_v1基本プログラム対応版\mr_project\debug\mr_project.tlog\link.read.1.tlog
i:\s1\mr s1対応作業\プログラム教材アップデート作業\★xr_framev2024_0913_vc2017_s1_v1基本プログラム対応版\mr_project\debug\mr_project.tlog\link.secondary.1.tlog
i:\s1\mr s1対応作業\プログラム教材アップデート作業\★xr_framev2024_0913_vc2017_s1_v1基本プログラム対応版\mr_project\debug\mr_project.tlog\link.write.1.tlog
