  stdafx.cpp
  Material.cpp
  Mtl.cpp
I:\S1\MR S1対応作業\プログラム教材アップデート作業\★XR_FrameV2024_0913_VC2017_S1_V1基本プログラム対応版\lib_ObjLoader\Mtl.cpp(96,7): warning C4996: 'strcpy': This function or variable may be unsafe. Consider using strcpy_s instead. To disable deprecation, use _CRT_SECURE_NO_WARNINGS. See online help for details.
I:\S1\MR S1対応作業\プログラム教材アップデート作業\★XR_FrameV2024_0913_VC2017_S1_V1基本プログラム対応版\lib_ObjLoader\Mtl.cpp(199,7): warning C4996: 'strcpy': This function or variable may be unsafe. Consider using strcpy_s instead. To disable deprecation, use _CRT_SECURE_NO_WARNINGS. See online help for details.
I:\S1\MR S1対応作業\プログラム教材アップデート作業\★XR_FrameV2024_0913_VC2017_S1_V1基本プログラム対応版\lib_ObjLoader\Mtl.cpp(207,15): warning C4996: 'strtok': This function or variable may be unsafe. Consider using strtok_s instead. To disable deprecation, use _CRT_SECURE_NO_WARNINGS. See online help for details.
I:\S1\MR S1対応作業\プログラム教材アップデート作業\★XR_FrameV2024_0913_VC2017_S1_V1基本プログラム対応版\lib_ObjLoader\Mtl.cpp(212,17): warning C4996: 'strtok': This function or variable may be unsafe. Consider using strtok_s instead. To disable deprecation, use _CRT_SECURE_NO_WARNINGS. See online help for details.
I:\S1\MR S1対応作業\プログラム教材アップデート作業\★XR_FrameV2024_0913_VC2017_S1_V1基本プログラム対応版\lib_ObjLoader\Mtl.cpp(220,15): warning C4996: 'strtok': This function or variable may be unsafe. Consider using strtok_s instead. To disable deprecation, use _CRT_SECURE_NO_WARNINGS. See online help for details.
I:\S1\MR S1対応作業\プログラム教材アップデート作業\★XR_FrameV2024_0913_VC2017_S1_V1基本プログラム対応版\lib_ObjLoader\Mtl.cpp(225,17): warning C4996: 'strtok': This function or variable may be unsafe. Consider using strtok_s instead. To disable deprecation, use _CRT_SECURE_NO_WARNINGS. See online help for details.
I:\S1\MR S1対応作業\プログラム教材アップデート作業\★XR_FrameV2024_0913_VC2017_S1_V1基本プログラム対応版\lib_ObjLoader\Mtl.cpp(233,15): warning C4996: 'strtok': This function or variable may be unsafe. Consider using strtok_s instead. To disable deprecation, use _CRT_SECURE_NO_WARNINGS. See online help for details.
I:\S1\MR S1対応作業\プログラム教材アップデート作業\★XR_FrameV2024_0913_VC2017_S1_V1基本プログラム対応版\lib_ObjLoader\Mtl.cpp(240,17): warning C4996: 'strtok': This function or variable may be unsafe. Consider using strtok_s instead. To disable deprecation, use _CRT_SECURE_NO_WARNINGS. See online help for details.
I:\S1\MR S1対応作業\プログラム教材アップデート作業\★XR_FrameV2024_0913_VC2017_S1_V1基本プログラム対応版\lib_ObjLoader\Mtl.cpp(248,7): warning C4996: 'strcpy': This function or variable may be unsafe. Consider using strcpy_s instead. To disable deprecation, use _CRT_SECURE_NO_WARNINGS. See online help for details.
I:\S1\MR S1対応作業\プログラム教材アップデート作業\★XR_FrameV2024_0913_VC2017_S1_V1基本プログラム対応版\lib_ObjLoader\Mtl.cpp(255,7): warning C4996: 'strcpy': This function or variable may be unsafe. Consider using strcpy_s instead. To disable deprecation, use _CRT_SECURE_NO_WARNINGS. See online help for details.
I:\S1\MR S1対応作業\プログラム教材アップデート作業\★XR_FrameV2024_0913_VC2017_S1_V1基本プログラム対応版\lib_ObjLoader\Mtl.cpp(284,18): warning C4996: 'strtok': This function or variable may be unsafe. Consider using strtok_s instead. To disable deprecation, use _CRT_SECURE_NO_WARNINGS. See online help for details.
I:\S1\MR S1対応作業\プログラム教材アップデート作業\★XR_FrameV2024_0913_VC2017_S1_V1基本プログラム対応版\lib_ObjLoader\Mtl.cpp(292,20): warning C4996: 'strtok': This function or variable may be unsafe. Consider using strtok_s instead. To disable deprecation, use _CRT_SECURE_NO_WARNINGS. See online help for details.
  ObjData.cpp
  ObjDetailData.cpp
  ObjLoader.cpp
I:\S1\MR S1対応作業\プログラム教材アップデート作業\★XR_FrameV2024_0913_VC2017_S1_V1基本プログラム対応版\lib_ObjLoader\ObjLoader.cpp(184,7): warning C4101: 'tempCnt': ローカル変数は 1 度も使われていません。
I:\S1\MR S1対応作業\プログラム教材アップデート作業\★XR_FrameV2024_0913_VC2017_S1_V1基本プログラム対応版\lib_ObjLoader\ObjLoader.cpp(500,17): warning C4996: 'strtok': This function or variable may be unsafe. Consider using strtok_s instead. To disable deprecation, use _CRT_SECURE_NO_WARNINGS. See online help for details.
I:\S1\MR S1対応作業\プログラム教材アップデート作業\★XR_FrameV2024_0913_VC2017_S1_V1基本プログラム対応版\lib_ObjLoader\ObjLoader.cpp(501,52): warning C4996: 'strtok': This function or variable may be unsafe. Consider using strtok_s instead. To disable deprecation, use _CRT_SECURE_NO_WARNINGS. See online help for details.
I:\S1\MR S1対応作業\プログラム教材アップデート作業\★XR_FrameV2024_0913_VC2017_S1_V1基本プログラム対応版\lib_ObjLoader\ObjLoader.cpp(514,17): warning C4996: 'strtok': This function or variable may be unsafe. Consider using strtok_s instead. To disable deprecation, use _CRT_SECURE_NO_WARNINGS. See online help for details.
I:\S1\MR S1対応作業\プログラム教材アップデート作業\★XR_FrameV2024_0913_VC2017_S1_V1基本プログラム対応版\lib_ObjLoader\ObjLoader.cpp(515,52): warning C4996: 'strtok': This function or variable may be unsafe. Consider using strtok_s instead. To disable deprecation, use _CRT_SECURE_NO_WARNINGS. See online help for details.
I:\S1\MR S1対応作業\プログラム教材アップデート作業\★XR_FrameV2024_0913_VC2017_S1_V1基本プログラム対応版\lib_ObjLoader\ObjLoader.cpp(540,17): warning C4996: 'strtok': This function or variable may be unsafe. Consider using strtok_s instead. To disable deprecation, use _CRT_SECURE_NO_WARNINGS. See online help for details.
I:\S1\MR S1対応作業\プログラム教材アップデート作業\★XR_FrameV2024_0913_VC2017_S1_V1基本プログラム対応版\lib_ObjLoader\ObjLoader.cpp(546,54): warning C4996: 'strtok': This function or variable may be unsafe. Consider using strtok_s instead. To disable deprecation, use _CRT_SECURE_NO_WARNINGS. See online help for details.
I:\S1\MR S1対応作業\プログラム教材アップデート作業\★XR_FrameV2024_0913_VC2017_S1_V1基本プログラム対応版\lib_ObjLoader\ObjLoader.cpp(566,15): warning C4996: 'strtok': This function or variable may be unsafe. Consider using strtok_s instead. To disable deprecation, use _CRT_SECURE_NO_WARNINGS. See online help for details.
I:\S1\MR S1対応作業\プログラム教材アップデート作業\★XR_FrameV2024_0913_VC2017_S1_V1基本プログラム対応版\lib_ObjLoader\ObjLoader.cpp(572,17): warning C4996: 'strtok': This function or variable may be unsafe. Consider using strtok_s instead. To disable deprecation, use _CRT_SECURE_NO_WARNINGS. See online help for details.
I:\S1\MR S1対応作業\プログラム教材アップデート作業\★XR_FrameV2024_0913_VC2017_S1_V1基本プログラム対応版\lib_ObjLoader\ObjLoader.cpp(585,17): warning C4996: 'strtok': This function or variable may be unsafe. Consider using strtok_s instead. To disable deprecation, use _CRT_SECURE_NO_WARNINGS. See online help for details.
I:\S1\MR S1対応作業\プログラム教材アップデート作業\★XR_FrameV2024_0913_VC2017_S1_V1基本プログラム対応版\lib_ObjLoader\ObjLoader.cpp(586,52): warning C4996: 'strtok': This function or variable may be unsafe. Consider using strtok_s instead. To disable deprecation, use _CRT_SECURE_NO_WARNINGS. See online help for details.
  ObjLoader_Seq.cpp
I:\S1\MR S1対応作業\プログラム教材アップデート作業\★XR_FrameV2024_0913_VC2017_S1_V1基本プログラム対応版\lib_ObjLoader\ObjLoader_Seq.cpp(32,3): warning C4996: 'sprintf': This function or variable may be unsafe. Consider using sprintf_s instead. To disable deprecation, use _CRT_SECURE_NO_WARNINGS. See online help for details.
I:\S1\MR S1対応作業\プログラム教材アップデート作業\★XR_FrameV2024_0913_VC2017_S1_V1基本プログラム対応版\lib_ObjLoader\ObjLoader_Seq.cpp(65,23): warning C4018: '<=': signed と unsigned の数値を比較しようとしました。
I:\S1\MR S1対応作業\プログラム教材アップデート作業\★XR_FrameV2024_0913_VC2017_S1_V1基本プログラム対応版\lib_ObjLoader\ObjLoader_Seq.cpp(80,22): warning C4018: '<=': signed と unsigned の数値を比較しようとしました。
I:\S1\MR S1対応作業\プログラム教材アップデート作業\★XR_FrameV2024_0913_VC2017_S1_V1基本プログラム対応版\lib_ObjLoader\ObjLoader_Seq.cpp(92,22): warning C4018: '<=': signed と unsigned の数値を比較しようとしました。
  PngImage.cpp
I:\S1\MR S1対応作業\プログラム教材アップデート作業\★XR_FrameV2024_0913_VC2017_S1_V1基本プログラム対応版\lib_ObjLoader\PngImage.cpp(37,14): warning C4996: 'fopen': This function or variable may be unsafe. Consider using fopen_s instead. To disable deprecation, use _CRT_SECURE_NO_WARNINGS. See online help for details.
I:\S1\MR S1対応作業\プログラム教材アップデート作業\★XR_FrameV2024_0913_VC2017_S1_V1基本プログラム対応版\lib_ObjLoader\PngImage.cpp(112,14): warning C4996: 'fopen': This function or variable may be unsafe. Consider using fopen_s instead. To disable deprecation, use _CRT_SECURE_NO_WARNINGS. See online help for details.
  ThreedVector.cpp
  calc.cpp
  Com.cpp
I:\S1\MR S1対応作業\プログラム教材アップデート作業\★XR_FrameV2024_0913_VC2017_S1_V1基本プログラム対応版\src\Com.cpp(217,16): warning C4334: '<<': 32 ビット シフトの結果が暗黙的に 64 ビットに変換されました (64 ビット シフトに意図的に変換しようとしましたか?)
I:\S1\MR S1対応作業\プログラム教材アップデート作業\★XR_FrameV2024_0913_VC2017_S1_V1基本プログラム対応版\src\Com.cpp(269,21): warning C4334: '<<': 32 ビット シフトの結果が暗黙的に 64 ビットに変換されました (64 ビット シフトに意図的に変換しようとしましたか?)
  depth.cpp
  draw.cpp
  ezFont.cpp
  ezJpeg.cpp
  ezPNG.cpp
I:\S1\MR S1対応作業\プログラム教材アップデート作業\★XR_FrameV2024_0913_VC2017_S1_V1基本プログラム対応版\src\ezImage\ezPNG.cpp(18,13): warning C4996: 'fopen': This function or variable may be unsafe. Consider using fopen_s instead. To disable deprecation, use _CRT_SECURE_NO_WARNINGS. See online help for details.
I:\S1\MR S1対応作業\プログラム教材アップデート作業\★XR_FrameV2024_0913_VC2017_S1_V1基本プログラム対応版\src\ezImage\ezPNG.cpp(12,12): warning C4101: 'row': ローカル変数は 1 度も使われていません。
I:\S1\MR S1対応作業\プログラム教材アップデート作業\★XR_FrameV2024_0913_VC2017_S1_V1基本プログラム対応版\src\ezImage\ezPNG.cpp(13,12): warning C4101: 'px': ローカル変数は 1 度も使われていません。
I:\S1\MR S1対応作業\プログラム教材アップデート作業\★XR_FrameV2024_0913_VC2017_S1_V1基本プログラム対応版\src\ezImage\ezPNG.cpp(15,17): warning C4101: 'rawimage': ローカル変数は 1 度も使われていません。
I:\S1\MR S1対応作業\プログラム教材アップデート作業\★XR_FrameV2024_0913_VC2017_S1_V1基本プログラム対応版\src\ezImage\ezPNG.cpp(133,13): warning C4996: 'fopen': This function or variable may be unsafe. Consider using fopen_s instead. To disable deprecation, use _CRT_SECURE_NO_WARNINGS. See online help for details.
  ezWebCam.cpp
  image.cpp
  ezMIDI.cpp
  ezUtil.cpp
  gyro.cpp
  コードを生成中...
  コンパイル中...
  light.cpp
  mymodel.cpp
  myShape.cpp
  SerialIO.cpp
  sim.cpp
I:\S1\MR S1対応作業\プログラム教材アップデート作業\★XR_FrameV2024_0913_VC2017_S1_V1基本プログラム対応版\src\sim.cpp(213,6): warning C4101: 'i': ローカル変数は 1 度も使われていません。
I:\S1\MR S1対応作業\プログラム教材アップデート作業\★XR_FrameV2024_0913_VC2017_S1_V1基本プログラム対応版\src\sim.cpp(271,14): warning C4101: 'pitch': ローカル変数は 1 度も使われていません。
I:\S1\MR S1対応作業\プログラム教材アップデート作業\★XR_FrameV2024_0913_VC2017_S1_V1基本プログラム対応版\src\sim.cpp(271,8): warning C4101: 'roll': ローカル変数は 1 度も使われていません。
I:\S1\MR S1対応作業\プログラム教材アップデート作業\★XR_FrameV2024_0913_VC2017_S1_V1基本プログラム対応版\src\sim.cpp(269,8): warning C4101: 'ax': ローカル変数は 1 度も使われていません。
I:\S1\MR S1対応作業\プログラム教材アップデート作業\★XR_FrameV2024_0913_VC2017_S1_V1基本プログラム対応版\src\sim.cpp(269,12): warning C4101: 'ay': ローカル変数は 1 度も使われていません。
I:\S1\MR S1対応作業\プログラム教材アップデート作業\★XR_FrameV2024_0913_VC2017_S1_V1基本プログラム対応版\src\sim.cpp(269,16): warning C4101: 'az': ローカル変数は 1 度も使われていません。
I:\S1\MR S1対応作業\プログラム教材アップデート作業\★XR_FrameV2024_0913_VC2017_S1_V1基本プログラム対応版\src\sim.cpp(271,21): warning C4101: 'yaw': ローカル変数は 1 度も使われていません。
I:\S1\MR S1対応作業\プログラム教材アップデート作業\★XR_FrameV2024_0913_VC2017_S1_V1基本プログラム対応版\src\sim.cpp(318,14): warning C4101: 'pitch': ローカル変数は 1 度も使われていません。
I:\S1\MR S1対応作業\プログラム教材アップデート作業\★XR_FrameV2024_0913_VC2017_S1_V1基本プログラム対応版\src\sim.cpp(318,8): warning C4101: 'roll': ローカル変数は 1 度も使われていません。
I:\S1\MR S1対応作業\プログラム教材アップデート作業\★XR_FrameV2024_0913_VC2017_S1_V1基本プログラム対応版\src\sim.cpp(316,8): warning C4101: 'ax': ローカル変数は 1 度も使われていません。
I:\S1\MR S1対応作業\プログラム教材アップデート作業\★XR_FrameV2024_0913_VC2017_S1_V1基本プログラム対応版\src\sim.cpp(317,8): warning C4101: 'gx': ローカル変数は 1 度も使われていません。
I:\S1\MR S1対応作業\プログラム教材アップデート作業\★XR_FrameV2024_0913_VC2017_S1_V1基本プログラム対応版\src\sim.cpp(317,16): warning C4101: 'gz': ローカル変数は 1 度も使われていません。
I:\S1\MR S1対応作業\プログラム教材アップデート作業\★XR_FrameV2024_0913_VC2017_S1_V1基本プログラム対応版\src\sim.cpp(316,12): warning C4101: 'ay': ローカル変数は 1 度も使われていません。
I:\S1\MR S1対応作業\プログラム教材アップデート作業\★XR_FrameV2024_0913_VC2017_S1_V1基本プログラム対応版\src\sim.cpp(316,16): warning C4101: 'az': ローカル変数は 1 度も使われていません。
I:\S1\MR S1対応作業\プログラム教材アップデート作業\★XR_FrameV2024_0913_VC2017_S1_V1基本プログラム対応版\src\sim.cpp(318,21): warning C4101: 'yaw': ローカル変数は 1 度も使われていません。
I:\S1\MR S1対応作業\プログラム教材アップデート作業\★XR_FrameV2024_0913_VC2017_S1_V1基本プログラム対応版\src\sim.cpp(317,12): warning C4101: 'gy': ローカル変数は 1 度も使われていません。
  tcpFunc.cpp
I:\S1\MR S1対応作業\プログラム教材アップデート作業\★XR_FrameV2024_0913_VC2017_S1_V1基本プログラム対応版\src\tcpFunc.cpp(85,34): warning C4996: 'inet_addr': Use inet_pton() or InetPton() instead or define _WINSOCK_DEPRECATED_NO_WARNINGS to disable deprecated API warnings
  コードを生成中...
  GLMetaseq.c
  isense.c
  コードを生成中...
  mreal_main.cpp
I:\S1\MR S1対応作業\プログラム教材アップデート作業\★XR_FrameV2024_0913_VC2017_S1_V1基本プログラム対応版\MR_Project\mreal_main.cpp(106,16): warning C4838: 'DWORD' から 'LONG' への変換には縮小変換が必要です
  (ソース ファイル '/mreal_main.cpp' をコンパイルしています)
  
I:\S1\MR S1対応作業\プログラム教材アップデート作業\★XR_FrameV2024_0913_VC2017_S1_V1基本プログラム対応版\MR_Project\mreal_main.cpp(106,22): warning C4838: 'DWORD' から 'LONG' への変換には縮小変換が必要です
  (ソース ファイル '/mreal_main.cpp' をコンパイルしています)
  
I:\S1\MR S1対応作業\プログラム教材アップデート作業\★XR_FrameV2024_0913_VC2017_S1_V1基本プログラム対応版\MR_Project\mreal_main.cpp(106,33): warning C4838: 'unsigned long' から 'LONG' への変換には縮小変換が必要です
  (ソース ファイル '/mreal_main.cpp' をコンパイルしています)
  
I:\S1\MR S1対応作業\プログラム教材アップデート作業\★XR_FrameV2024_0913_VC2017_S1_V1基本プログラム対応版\MR_Project\mreal_main.cpp(106,46): warning C4838: 'unsigned long' から 'LONG' への変換には縮小変換が必要です
  (ソース ファイル '/mreal_main.cpp' をコンパイルしています)
  
  libjpeg.lib(jerror.obj) : MSIL .netmodule または /GL を伴ってコンパイルされたモジュールが見つかりました。/LTCG を使用して再開始してください。リンカーのパフォーマンスを向上させるためには、コマンドラインに /LTCG を追加してください。
LINK : warning LNK4075: /INCREMENTAL は /LTCG の指定によって無視されます。
     ライブラリ I:\S1\MR S1対応作業\プログラム教材アップデート作業\★XR_FrameV2024_0913_VC2017_S1_V1基本プログラム対応版\Debug\MR_Project.lib とオブジェクト I:\S1\MR S1対応作業\プログラム教材アップデート作業\★XR_FrameV2024_0913_VC2017_S1_V1基本プログラム対応版\Debug\MR_Project.exp を作成中
  コード生成しています。
  コード生成が終了しました。
MrhAPILib_vc100.lib(MrhAPI_i.obj) : warning LNK4099: PDB '' が 'MrhAPILib_vc100.lib(MrhAPI_i.obj)' で、または '' に見つかりません。デバッグ情報がないものとして、オブジェクトにリンクします。
  MR_Project.vcxproj -> I:\S1\MR S1対応作業\プログラム教材アップデート作業\★XR_FrameV2024_0913_VC2017_S1_V1基本プログラム対応版\Debug\MR_Project.exe
